Archive member included to satisfy reference by file (symbol)

C:/ST/STM32CubeIDE_1.14.1/STM32CubeIDE/plugins/com.st.stm32cube.ide.mcu.externaltools.gnu-tools-for-stm32.13.3.rel1.win32_1.0.0.202411081344/tools/bin/../lib/gcc/arm-none-eabi/13.3.1/../../../../arm-none-eabi/lib/thumb/v8-m.main+fp/hard\libc_nano.a(libc_a-exit.o)
                              C:/ST/STM32CubeIDE_1.14.1/STM32CubeIDE/plugins/com.st.stm32cube.ide.mcu.externaltools.gnu-tools-for-stm32.13.3.rel1.win32_1.0.0.202411081344/tools/bin/../lib/gcc/arm-none-eabi/13.3.1/../../../../arm-none-eabi/lib/thumb/v8-m.main+fp/hard/crt0.o (exit)
C:/ST/STM32CubeIDE_1.14.1/STM32CubeIDE/plugins/com.st.stm32cube.ide.mcu.externaltools.gnu-tools-for-stm32.13.3.rel1.win32_1.0.0.202411081344/tools/bin/../lib/gcc/arm-none-eabi/13.3.1/../../../../arm-none-eabi/lib/thumb/v8-m.main+fp/hard\libc_nano.a(libc_a-findfp.o)
                              C:/ST/STM32CubeIDE_1.14.1/STM32CubeIDE/plugins/com.st.stm32cube.ide.mcu.externaltools.gnu-tools-for-stm32.13.3.rel1.win32_1.0.0.202411081344/tools/bin/../lib/gcc/arm-none-eabi/13.3.1/../../../../arm-none-eabi/lib/thumb/v8-m.main+fp/hard\libc_nano.a(libc_a-exit.o) (__stdio_exit_handler)
C:/ST/STM32CubeIDE_1.14.1/STM32CubeIDE/plugins/com.st.stm32cube.ide.mcu.externaltools.gnu-tools-for-stm32.13.3.rel1.win32_1.0.0.202411081344/tools/bin/../lib/gcc/arm-none-eabi/13.3.1/../../../../arm-none-eabi/lib/thumb/v8-m.main+fp/hard\libc_nano.a(libc_a-fwalk.o)
                              C:/ST/STM32CubeIDE_1.14.1/STM32CubeIDE/plugins/com.st.stm32cube.ide.mcu.externaltools.gnu-tools-for-stm32.13.3.rel1.win32_1.0.0.202411081344/tools/bin/../lib/gcc/arm-none-eabi/13.3.1/../../../../arm-none-eabi/lib/thumb/v8-m.main+fp/hard\libc_nano.a(libc_a-findfp.o) (_fwalk_sglue)
C:/ST/STM32CubeIDE_1.14.1/STM32CubeIDE/plugins/com.st.stm32cube.ide.mcu.externaltools.gnu-tools-for-stm32.13.3.rel1.win32_1.0.0.202411081344/tools/bin/../lib/gcc/arm-none-eabi/13.3.1/../../../../arm-none-eabi/lib/thumb/v8-m.main+fp/hard\libc_nano.a(libc_a-stdio.o)
                              C:/ST/STM32CubeIDE_1.14.1/STM32CubeIDE/plugins/com.st.stm32cube.ide.mcu.externaltools.gnu-tools-for-stm32.13.3.rel1.win32_1.0.0.202411081344/tools/bin/../lib/gcc/arm-none-eabi/13.3.1/../../../../arm-none-eabi/lib/thumb/v8-m.main+fp/hard\libc_nano.a(libc_a-findfp.o) (__sread)
C:/ST/STM32CubeIDE_1.14.1/STM32CubeIDE/plugins/com.st.stm32cube.ide.mcu.externaltools.gnu-tools-for-stm32.13.3.rel1.win32_1.0.0.202411081344/tools/bin/../lib/gcc/arm-none-eabi/13.3.1/../../../../arm-none-eabi/lib/thumb/v8-m.main+fp/hard\libc_nano.a(libc_a-memset.o)
                              C:/ST/STM32CubeIDE_1.14.1/STM32CubeIDE/plugins/com.st.stm32cube.ide.mcu.externaltools.gnu-tools-for-stm32.13.3.rel1.win32_1.0.0.202411081344/tools/bin/../lib/gcc/arm-none-eabi/13.3.1/../../../../arm-none-eabi/lib/thumb/v8-m.main+fp/hard/crt0.o (memset)
C:/ST/STM32CubeIDE_1.14.1/STM32CubeIDE/plugins/com.st.stm32cube.ide.mcu.externaltools.gnu-tools-for-stm32.13.3.rel1.win32_1.0.0.202411081344/tools/bin/../lib/gcc/arm-none-eabi/13.3.1/../../../../arm-none-eabi/lib/thumb/v8-m.main+fp/hard\libc_nano.a(libc_a-closer.o)
                              C:/ST/STM32CubeIDE_1.14.1/STM32CubeIDE/plugins/com.st.stm32cube.ide.mcu.externaltools.gnu-tools-for-stm32.13.3.rel1.win32_1.0.0.202411081344/tools/bin/../lib/gcc/arm-none-eabi/13.3.1/../../../../arm-none-eabi/lib/thumb/v8-m.main+fp/hard\libc_nano.a(libc_a-stdio.o) (_close_r)
C:/ST/STM32CubeIDE_1.14.1/STM32CubeIDE/plugins/com.st.stm32cube.ide.mcu.externaltools.gnu-tools-for-stm32.13.3.rel1.win32_1.0.0.202411081344/tools/bin/../lib/gcc/arm-none-eabi/13.3.1/../../../../arm-none-eabi/lib/thumb/v8-m.main+fp/hard\libc_nano.a(libc_a-reent.o)
                              C:/ST/STM32CubeIDE_1.14.1/STM32CubeIDE/plugins/com.st.stm32cube.ide.mcu.externaltools.gnu-tools-for-stm32.13.3.rel1.win32_1.0.0.202411081344/tools/bin/../lib/gcc/arm-none-eabi/13.3.1/../../../../arm-none-eabi/lib/thumb/v8-m.main+fp/hard\libc_nano.a(libc_a-closer.o) (errno)
C:/ST/STM32CubeIDE_1.14.1/STM32CubeIDE/plugins/com.st.stm32cube.ide.mcu.externaltools.gnu-tools-for-stm32.13.3.rel1.win32_1.0.0.202411081344/tools/bin/../lib/gcc/arm-none-eabi/13.3.1/../../../../arm-none-eabi/lib/thumb/v8-m.main+fp/hard\libc_nano.a(libc_a-impure.o)
                              C:/ST/STM32CubeIDE_1.14.1/STM32CubeIDE/plugins/com.st.stm32cube.ide.mcu.externaltools.gnu-tools-for-stm32.13.3.rel1.win32_1.0.0.202411081344/tools/bin/../lib/gcc/arm-none-eabi/13.3.1/../../../../arm-none-eabi/lib/thumb/v8-m.main+fp/hard\libc_nano.a(libc_a-reent.o) (_impure_ptr)
C:/ST/STM32CubeIDE_1.14.1/STM32CubeIDE/plugins/com.st.stm32cube.ide.mcu.externaltools.gnu-tools-for-stm32.13.3.rel1.win32_1.0.0.202411081344/tools/bin/../lib/gcc/arm-none-eabi/13.3.1/../../../../arm-none-eabi/lib/thumb/v8-m.main+fp/hard\libc_nano.a(libc_a-lseekr.o)
[...]
Memory Configuration

Name             Origin             Length             Attributes
RAM              0x20000000         0x00270000         xrw
SRAM4            0x28000000         0x00004000         xrw
FLASH            0x08000000         0x00040000         xr
*default*        0x00000000         0xffffffff

Linker script and memory map

LOAD C:/ST/STM32CubeIDE_1.14.1/STM32CubeIDE/plugins/com.st.stm32cube.ide.mcu.externaltools.gnu-tools-for-stm32.13.3.rel1.win32_1.0.0.202411081344/tools/bin/../lib/gcc/arm-none-eabi/13.3.1/thumb/v8-m.main+fp/hard/crti.o
LOAD C:/ST/STM32CubeIDE_1.14.1/STM32CubeIDE/plugins/com.st.stm32cube.ide.mcu.externaltools.gnu-tools-for-stm32.13.3.rel1.win32_1.0.0.202411081344/tools/bin/../lib/gcc/arm-none-eabi/13.3.1/thumb/v8-m.main+fp/hard/crtbegin.o
LOAD C:/ST/STM32CubeIDE_1.14.1/STM32CubeIDE/plugins/com.st.stm32cube.ide.mcu.externaltools.gnu-tools-for-stm32.13.3.rel1.win32_1.0.0.202411081344/tools/bin/../lib/gcc/arm-none-eabi/13.3.1/../../../../arm-none-eabi/lib/thumb/v8-m.main+fp/hard/crt0.o
LOAD ./Core/ST_Drivers/Middlewares/ST/STM32_USB_Device_Library/Class/CDC/Src/usbd_cdc.o
LOAD ./Core/ST_Drivers/Middlewares/ST/STM32_USB_Device_Library/Core/Src/usbd_core.o
LOAD ./Core/ST_Drivers/Middlewares/ST/STM32_USB_Device_Library/Core/Src/usbd_ctlreq.o
LOAD ./Core/ST_Drivers/Middlewares/ST/STM32_USB_Device_Library/Core/Src/usbd_ioreq.o
LOAD ./Core/ST_Drivers/USB_DEVICE/App/usb_device.o
LOAD ./Core/ST_Drivers/USB_DEVICE/App/usbd_cdc_if.o
LOAD ./Core/ST_Drivers/USB_DEVICE/App/usbd_desc.o
LOAD ./Core/ST_Drivers/USB_DEVICE/Target/usbd_conf.o
LOAD ./Core/Src/main.o
LOAD ./Core/Src/stm32u5xx_hal_msp.o
LOAD ./Core/Src/stm32u5xx_it.o
LOAD ./Core/Src/syscalls.o
LOAD ./Core/Src/sysmem.o
LOAD ./Core/Src/system_stm32u5xx.o
LOAD ./Core/Startup/startup_stm32u5a5vjtx.o
LOAD ./Drivers/STM32U5xx_HAL_Driver/Src/stm32u5xx_hal.o
LOAD ./Drivers/STM32U5xx_HAL_Driver/Src/stm32u5xx_hal_cortex.o
LOAD ./Drivers/STM32U5xx_HAL_Driver/Src/stm32u5xx_hal_dma.o
LOAD ./Drivers/STM32U5xx_HAL_Driver/Src/stm32u5xx_hal_dma_ex.o
LOAD ./Drivers/STM32U5xx_HAL_Driver/Src/stm32u5xx_hal_exti.o
LOAD ./Drivers/STM32U5xx_HAL_Driver/Src/stm32u5xx_hal_flash.o
LOAD ./Drivers/STM32U5xx_HAL_Driver/Src/stm32u5xx_hal_flash_ex.o
LOAD ./Drivers/STM32U5xx_HAL_Driver/Src/stm32u5xx_hal_gpio.o
LOAD ./Drivers/STM32U5xx_HAL_Driver/Src/stm32u5xx_hal_gtzc.o
LOAD ./Drivers/STM32U5xx_HAL_Driver/Src/stm32u5xx_hal_i2c.o
LOAD ./Drivers/STM32U5xx_HAL_Driver/Src/stm32u5xx_hal_i2c_ex.o
LOAD ./Drivers/STM32U5xx_HAL_Driver/Src/stm32u5xx_hal_icache.o
LOAD ./Drivers/STM32U5xx_HAL_Driver/Src/stm32u5xx_hal_pcd.o
LOAD ./Drivers/STM32U5xx_HAL_Driver/Src/stm32u5xx_hal_pcd_ex.o
LOAD ./Drivers/STM32U5xx_HAL_Driver/Src/stm32u5xx_hal_pwr.o
LOAD ./Drivers/STM32U5xx_HAL_Driver/Src/stm32u5xx_hal_pwr_ex.o
LOAD ./Drivers/STM32U5xx_HAL_Driver/Src/stm32u5xx_hal_rcc.o
LOAD ./Drivers/STM32U5xx_HAL_Driver/Src/stm32u5xx_hal_rcc_ex.o
LOAD ./Drivers/STM32U5xx_HAL_Driver/Src/stm32u5xx_hal_tim.o
LOAD ./Drivers/STM32U5xx_HAL_Driver/Src/stm32u5xx_hal_tim_ex.o
LOAD ./Drivers/STM32U5xx_HAL_Driver/Src/stm32u5xx_ll_usb.o
START GROUP
LOAD C:/ST/STM32CubeIDE_1.14.1/STM32CubeIDE/plugins/com.st.stm32cube.ide.mcu.externaltools.gnu-tools-for-stm32.13.3.rel1.win32_1.0.0.202411081344/tools/bin/../lib/gcc/arm-none-eabi/13.3.1/../../../../arm-none-eabi/lib/thumb/v8-m.main+fp/hard\libc_nano.a
LOAD C:/ST/STM32CubeIDE_1.14.1/STM32CubeIDE/plugins/com.st.stm32cube.ide.mcu.externaltools.gnu-tools-for-stm32.13.3.rel1.win32_1.0.0.202411081344/tools/bin/../lib/gcc/arm-none-eabi/13.3.1/../../../../arm-none-eabi/lib/thumb/v8-m.main+fp/hard\libm.a
END GROUP
START GROUP
LOAD C:/ST/STM32CubeIDE_1.14.1/STM32CubeIDE/plugins/com.st.stm32cube.ide.mcu.externaltools.gnu-tools-for-stm32.13.3.rel1.win32_1.0.0.202411081344/tools/bin/../lib/gcc/arm-none-eabi/13.3.1/thumb/v8-m.main+fp/hard\libgcc.a
LOAD C:/ST/STM32CubeIDE_1.14.1/STM32CubeIDE/plugins/com.st.stm32cube.ide.mcu.externaltools.gnu-tools-for-stm32.13.3.rel1.win32_1.0.0.202411081344/tools/bin/../lib/gcc/arm-none-eabi/13.3.1/../../../../arm-none-eabi/lib/thumb/v8-m.main+fp/hard\libc_nano.a
END GROUP
START GROUP
LOAD C:/ST/STM32CubeIDE_1.14.1/STM32CubeIDE/plugins/com.st.stm32cube.ide.mcu.externaltools.gnu-tools-for-stm32.13.3.rel1.win32_1.0.0.202411081344/tools/bin/../lib/gcc/arm-none-eabi/13.3.1/thumb/v8-m.main+fp/hard\libgcc.a
LOAD C:/ST/STM32CubeIDE_1.14.1/STM32CubeIDE/plugins/com.st.stm32cube.ide.mcu.externaltools.gnu-tools-for-stm32.13.3.rel1.win32_1.0.0.202411081344/tools/bin/../lib/gcc/arm-none-eabi/13.3.1/../../../../arm-none-eabi/lib/thumb/v8-m.main+fp/hard\libc_nano.a
LOAD C:/ST/STM32CubeIDE_1.14.1/STM32CubeIDE/plugins/com.st.stm32cube.ide.mcu.externaltools.gnu-tools-for-stm32.13.3.rel1.win32_1.0.0.202411081344/tools/bin/../lib/gcc/arm-none-eabi/13.3.1/../../../../arm-none-eabi/lib/thumb/v8-m.main+fp/hard\libnosys.a
END GROUP
START GROUP
LOAD C:/ST/STM32CubeIDE_1.14.1/STM32CubeIDE/plugins/com.st.stm32cube.ide.mcu.externaltools.gnu-tools-for-stm32.13.3.rel1.win32_1.0.0.202411081344/tools/bin/../lib/gcc/arm-none-eabi/13.3.1/thumb/v8-m.main+fp/hard\libgcc.a
LOAD C:/ST/STM32CubeIDE_1.14.1/STM32CubeIDE/plugins/com.st.stm32cube.ide.mcu.externaltools.gnu-tools-for-stm32.13.3.rel1.win32_1.0.0.202411081344/tools/bin/../lib/gcc/arm-none-eabi/13.3.1/../../../../arm-none-eabi/lib/thumb/v8-m.main+fp/hard\libc_nano.a
LOAD C:/ST/STM32CubeIDE_1.14.1/STM32CubeIDE/plugins/com.st.stm32cube.ide.mcu.externaltools.gnu-tools-for-stm32.13.3.rel1.win32_1.0.0.202411081344/tools/bin/../lib/gcc/arm-none-eabi/13.3.1/../../../../arm-none-eabi/lib/thumb/v8-m.main+fp/hard\libnosys.a
END GROUP
LOAD C:/ST/STM32CubeIDE_1.14.1/STM32CubeIDE/plugins/com.st.stm32cube.ide.mcu.externaltools.gnu-tools-for-stm32.13.3.rel1.win32_1.0.0.202411081344/tools/bin/../lib/gcc/arm-none-eabi/13.3.1/thumb/v8-m.main+fp/hard/crtend.o
LOAD C:/ST/STM32CubeIDE_1.14.1/STM32CubeIDE/plugins/com.st.stm32cube.ide.mcu.externaltools.gnu-tools-for-stm32.13.3.rel1.win32_1.0.0.202411081344/tools/bin/../lib/gcc/arm-none-eabi/13.3.1/thumb/v8-m.main+fp/hard/crtn.o
                0x20270000                        _estack = (ORIGIN (RAM) + LENGTH (RAM))
                0x00000200                        _Min_Heap_Size = 0x200
                0x00000400                        _Min_Stack_Size = 0x400

.isr_vector     0x08000000      0x250
 *(.isr_vector)
 .isr_vector    0x08000000      0x250 ./Core/Startup/startup_stm32u5a5vjtx.o
                0x08000000                g_pfnVectors

.text           0x08000250     0x8994
 *(.text)
 .text          0x08000250       0x40 C:/ST/STM32CubeIDE_1.14.1/STM32CubeIDE/plugins/com.st.stm32cube.ide.mcu.externaltools.gnu-tools-for-stm32.13.3.rel1.win32_1.0.0.202411081344/tools/bin/../lib/gcc/arm-none-eabi/13.3.1/thumb/v8-m.main+fp/hard/crtbegin.o
 *(.text*)
 .text.USBD_RunTestMode
                0x08000290       0x16 ./Core/ST_Drivers/Middlewares/ST/STM32_USB_Device_Library/Core/Src/usbd_core.o
                0x08000290                USBD_RunTestMode
 .text.USBD_SetClassConfig
                0x080002a6       0x38 ./Core/ST_Drivers/Middlewares/ST/STM32_USB_Device_Library/Core/Src/usbd_core.o
                0x080002a6                USBD_SetClassConfig
 .text.USBD_ClrClassConfig
                0x080002de       0x34 ./Core/ST_Drivers/Middlewares/ST/STM32_USB_Device_Library/Core/Src/usbd_core.o
                0x080002de                USBD_ClrClassConfig
 .text.USBD_LL_SetupStage
                0x08000312       0xaa ./Core/ST_Drivers/Middlewares/ST/STM32_USB_Device_Library/Core/Src/usbd_core.o
                0x08000312                USBD_LL_SetupStage
 .text.USBD_LL_DataOutStage
                0x080003bc      0x166 ./Core/ST_Drivers/Middlewares/ST/STM32_USB_Device_Library/Core/Src/usbd_core.o
                0x080003bc                USBD_LL_DataOutStage
 .text.USBD_LL_DataInStage
                0x08000522      0x164 ./Core/ST_Drivers/Middlewares/ST/STM32_USB_Device_Library/Core/Src/usbd_core.o
                0x08000522                USBD_LL_DataInStage
 .text.USBD_LL_Reset
                0x08000686       0xa4 ./Core/ST_Drivers/Middlewares/ST/STM32_USB_Device_Library/Core/Src/usbd_core.o
                0x08000686                USBD_LL_Reset
 .text.USBD_LL_SetSpeed
                0x0800072a       0x20 ./Core/ST_Drivers/Middlewares/ST/STM32_USB_Device_Library/Core/Src/usbd_core.o
                0x0800072a                USBD_LL_SetSpeed
 .text.USBD_LL_Suspend
                0x0800074a       0x38 ./Core/ST_Drivers/Middlewares/ST/STM32_USB_Device_Library/Core/Src/usbd_core.o
                0x0800074a                USBD_LL_Suspend
 .text.USBD_LL_Resume
                0x08000782       0x30 ./Core/ST_Drivers/Middlewares/ST/STM32_USB_Device_Library/Core/Src/usbd_core.o
                0x08000782                USBD_LL_Resume
 .text.USBD_LL_SOF
                0x080007b2       0x40 ./Core/ST_Drivers/Middlewares/ST/STM32_USB_Device_Library/Core/Src/usbd_core.o
                0x080007b2                USBD_LL_SOF
 .text.USBD_LL_IsoINIncomplete
                0x080007f2       0x64 ./Core/ST_Drivers/Middlewares/ST/STM32_USB_Device_Library/Core/Src/usbd_core.o
                0x080007f2                USBD_LL_IsoINIncomplete
 .text.USBD_LL_IsoOUTIncomplete
                0x08000856       0x64 ./Core/ST_Drivers/Middlewares/ST/STM32_USB_Device_Library/Core/Src/usbd_core.o
                0x08000856                USBD_LL_IsoOUTIncomplete
 .text.USBD_LL_DevConnected
                0x080008ba       0x16 ./Core/ST_Drivers/Middlewares/ST/STM32_USB_Device_Library/Core/Src/usbd_core.o
                0x080008ba                USBD_LL_DevConnected
 .text.USBD_LL_DevDisconnected
                0x080008d0       0x46 ./Core/ST_Drivers/Middlewares/ST/STM32_USB_Device_Library/Core/Src/usbd_core.o
                0x080008d0                USBD_LL_DevDisconnected
 .text.USBD_CoreFindIF
                0x08000916       0x1a ./Core/ST_Drivers/Middlewares/ST/STM32_USB_Device_Library/Core/Src/usbd_core.o
                0x08000916                USBD_CoreFindIF
 .text.USBD_CoreFindEP
                0x08000930       0x1a ./Core/ST_Drivers/Middlewares/ST/STM32_USB_Device_Library/Core/Src/usbd_core.o
                0x08000930                USBD_CoreFindEP
 .text.SWAPBYTE
                0x0800094a       0x3e ./Core/ST_Drivers/Middlewares/ST/STM32_USB_Device_Library/Core/Src/usbd_ctlreq.o
 .text.USBD_StdDevReq
                0x08000988       0xe4 ./Core/ST_Drivers/Middlewares/ST/STM32_USB_Device_Library/Core/Src/usbd_ctlreq.o
                0x08000988                USBD_StdDevReq
 .text.USBD_StdItfReq
                0x08000a6c       0xd8 ./Core/ST_Drivers/Middlewares/ST/STM32_USB_Device_Library/Core/Src/usbd_ctlreq.o
                0x08000a6c                USBD_StdItfReq
 .text.USBD_StdEPReq
                0x08000b44      0x33a ./Core/ST_Drivers/Middlewares/ST/STM32_USB_Device_Library/Core/Src/usbd_ctlreq.o
                0x08000b44                USBD_StdEPReq
 *fill*         0x08000e7e        0x2 
 .text.USBD_GetDescriptor
                0x08000e80      0x328 ./Core/ST_Drivers/Middlewares/ST/STM32_USB_Device_Library/Core/Src/usbd_ctlreq.o
 .text.USBD_SetAddress
                0x080011a8       0x88 ./Core/ST_Drivers/Middlewares/ST/STM32_USB_Device_Library/Core/Src/usbd_ctlreq.o
 .text.USBD_SetConfig
                0x08001230      0x154 ./Core/ST_Drivers/Middlewares/ST/STM32_USB_Device_Library/Core/Src/usbd_ctlreq.o
 .text.USBD_GetConfig
                0x08001384       0x6c ./Core/ST_Drivers/Middlewares/ST/STM32_USB_Device_Library/Core/Src/usbd_ctlreq.o
 .text.USBD_GetStatus
                0x080013f0       0x68 ./Core/ST_Drivers/Middlewares/ST/STM32_USB_Device_Library/Core/Src/usbd_ctlreq.o
 .text.USBD_SetFeature
                0x08001458       0x52 ./Core/ST_Drivers/Middlewares/ST/STM32_USB_Device_Library/Core/Src/usbd_ctlreq.o
 .text.USBD_ClrFeature
                0x080014aa       0x44 ./Core/ST_Drivers/Middlewares/ST/STM32_USB_Device_Library/Core/Src/usbd_ctlreq.o
 .text.USBD_ParseSetupRequest
                0x080014ee       0x74 ./Core/ST_Drivers/Middlewares/ST/STM32_USB_Device_Library/Core/Src/usbd_ctlreq.o
                0x080014ee                USBD_ParseSetupRequest
 .text.USBD_CtlError
                0x08001562       0x22 ./Core/ST_Drivers/Middlewares/ST/STM32_USB_Device_Library/Core/Src/usbd_ctlreq.o
                0x08001562                USBD_CtlError
 .text.USBD_CtlSendData
                0x08001584       0x36 ./Core/ST_Drivers/Middlewares/ST/STM32_USB_Device_Library/Core/Src/usbd_ioreq.o
                0x08001584                USBD_CtlSendData
 .text.USBD_CtlContinueSendData
                0x080015ba       0x22 ./Core/ST_Drivers/Middlewares/ST/STM32_USB_Device_Library/Core/Src/usbd_ioreq.o
                0x080015ba                USBD_CtlContinueSendData
 .text.USBD_CtlContinueRx
                0x080015dc       0x22 ./Core/ST_Drivers/Middlewares/ST/STM32_USB_Device_Library/Core/Src/usbd_ioreq.o
                0x080015dc                USBD_CtlContinueRx
 .text.USBD_CtlSendStatus
                0x080015fe       0x26 ./Core/ST_Drivers/Middlewares/ST/STM32_USB_Device_Library/Core/Src/usbd_ioreq.o
                0x080015fe                USBD_CtlSendStatus
 .text.USBD_CtlReceiveStatus
                0x08001624       0x26 ./Core/ST_Drivers/Middlewares/ST/STM32_USB_Device_Library/Core/Src/usbd_ioreq.o
                0x08001624                USBD_CtlReceiveStatus
 .text.HAL_PCD_SetupStageCallback
                0x0800164a       0x24 ./Core/ST_Drivers/USB_DEVICE/Target/usbd_conf.o
                0x0800164a                HAL_PCD_SetupStageCallback
 .text.HAL_PCD_DataOutStageCallback
                0x0800166e       0x36 ./Core/ST_Drivers/USB_DEVICE/Target/usbd_conf.o
                0x0800166e                HAL_PCD_DataOutStageCallback
 .text.HAL_PCD_DataInStageCallback
                0x080016a4       0x34 ./Core/ST_Drivers/USB_DEVICE/Target/usbd_conf.o
                0x080016a4                HAL_PCD_DataInStageCallback
 .text.HAL_PCD_SOFCallback
                0x080016d8       0x1c ./Core/ST_Drivers/USB_DEVICE/Target/usbd_conf.o
                0x080016d8                HAL_PCD_SOFCallback
 .text.HAL_PCD_ResetCallback
                0x080016f4       0x50 ./Core/ST_Drivers/USB_DEVICE/Target/usbd_conf.o
                0x080016f4                HAL_PCD_ResetCallback
 .text.HAL_PCD_SuspendCallback
                0x08001744       0x4c ./Core/ST_Drivers/USB_DEVICE/Target/usbd_conf.o
                0x08001744                HAL_PCD_SuspendCallback
 .text.HAL_PCD_ResumeCallback
                0x08001790       0x1c ./Core/ST_Drivers/USB_DEVICE/Target/usbd_conf.o
                0x08001790                HAL_PCD_ResumeCallback
 .text.HAL_PCD_ISOOUTIncompleteCallback
                0x080017ac       0x24 ./Core/ST_Drivers/USB_DEVICE/Target/usbd_conf.o
                0x080017ac                HAL_PCD_ISOOUTIncompleteCallback
 .text.HAL_PCD_ISOINIncompleteCallback
                0x080017d0       0x24 ./Core/ST_Drivers/USB_DEVICE/Target/usbd_conf.o
                0x080017d0                HAL_PCD_ISOINIncompleteCallback
 .text.HAL_PCD_ConnectCallback
                0x080017f4       0x1c ./Core/ST_Drivers/USB_DEVICE/Target/usbd_conf.o
                0x080017f4                HAL_PCD_ConnectCallback
 .text.HAL_PCD_DisconnectCallback
                0x08001810       0x1c ./Core/ST_Drivers/USB_DEVICE/Target/usbd_conf.o
                0x08001810                HAL_PCD_DisconnectCallback
 .text.USBD_LL_OpenEP
                0x0800182c       0x4c ./Core/ST_Drivers/USB_DEVICE/Target/usbd_conf.o
                0x0800182c                USBD_LL_OpenEP
 .text.USBD_LL_StallEP
                0x08001878       0x3e ./Core/ST_Drivers/USB_DEVICE/Target/usbd_conf.o
                0x08001878                USBD_LL_StallEP
 .text.USBD_LL_ClearStallEP
                0x080018b6       0x3e ./Core/ST_Drivers/USB_DEVICE/Target/usbd_conf.o
                0x080018b6                USBD_LL_ClearStallEP
 .text.USBD_LL_IsStallEP
                0x080018f4       0x58 ./Core/ST_Drivers/USB_DEVICE/Target/usbd_conf.o
                0x080018f4                USBD_LL_IsStallEP
 .text.USBD_LL_SetUSBAddress
                0x0800194c       0x3e ./Core/ST_Drivers/USB_DEVICE/Target/usbd_conf.o
                0x0800194c                USBD_LL_SetUSBAddress
 .text.USBD_LL_Transmit
                0x0800198a       0x42 ./Core/ST_Drivers/USB_DEVICE/Target/usbd_conf.o
                0x0800198a                USBD_LL_Transmit
 .text.USBD_LL_PrepareReceive
                0x080019cc       0x42 ./Core/ST_Drivers/USB_DEVICE/Target/usbd_conf.o
                0x080019cc                USBD_LL_PrepareReceive
 *fill*         0x08001a0e        0x2 
 .text.HAL_PCDEx_LPM_Callback
                0x08001a10       0x9c ./Core/ST_Drivers/USB_DEVICE/Target/usbd_conf.o
                0x08001a10                HAL_PCDEx_LPM_Callback
 .text.USBD_Get_USB_Status
                0x08001aac       0x58 ./Core/ST_Drivers/USB_DEVICE/Target/usbd_conf.o
                0x08001aac                USBD_Get_USB_Status
 .text.main     0x08001b04       0x20 ./Core/Src/main.o
                0x08001b04                main
 .text.SystemClock_Config
                0x08001b24       0xbe ./Core/Src/main.o
                0x08001b24                SystemClock_Config
 *fill*         0x08001be2        0x2 
 .text.MX_I2C1_Init
                0x08001be4       0x80 ./Core/Src/main.o
 .text.MX_TIM3_Init
                0x08001c64       0xe0 ./Core/Src/main.o
 .text.MX_USB_OTG_HS_PCD_Init
                0x08001d44       0x5c ./Core/Src/main.o
 .text.MX_GPIO_Init
                0x08001da0      0x168 ./Core/Src/main.o
 .text.Error_Handler
                0x08001f08        0xc ./Core/Src/main.o
                0x08001f08                Error_Handler
 .text.HAL_MspInit
                0x08001f14       0x34 ./Core/Src/stm32u5xx_hal_msp.o
                0x08001f14                HAL_MspInit
 .text.HAL_I2C_MspInit
                0x08001f48       0xd4 ./Core/Src/stm32u5xx_hal_msp.o
                0x08001f48                HAL_I2C_MspInit
 .text.HAL_TIM_PWM_MspInit
                0x0800201c       0x44 ./Core/Src/stm32u5xx_hal_msp.o
                0x0800201c                HAL_TIM_PWM_MspInit
 .text.HAL_TIM_MspPostInit
                0x08002060       0x78 ./Core/Src/stm32u5xx_hal_msp.o
                0x08002060                HAL_TIM_MspPostInit
 .text.HAL_PCD_MspInit
                0x080020d8      0x11c ./Core/Src/stm32u5xx_hal_msp.o
                0x080020d8                HAL_PCD_MspInit
 .text.NMI_Handler
                0x080021f4        0x8 ./Core/Src/stm32u5xx_it.o
                0x080021f4                NMI_Handler
 .text.HardFault_Handler
                0x080021fc        0x8 ./Core/Src/stm32u5xx_it.o
                0x080021fc                HardFault_Handler
 .text.MemManage_Handler
                0x08002204        0x8 ./Core/Src/stm32u5xx_it.o
                0x08002204                MemManage_Handler
 .text.BusFault_Handler
                0x0800220c        0x8 ./Core/Src/stm32u5xx_it.o
                0x0800220c                BusFault_Handler
 .text.UsageFault_Handler
                0x08002214        0x8 ./Core/Src/stm32u5xx_it.o
                0x08002214                UsageFault_Handler
 .text.SVC_Handler
                0x0800221c        0xe ./Core/Src/stm32u5xx_it.o
                0x0800221c                SVC_Handler
 .text.DebugMon_Handler
                0x0800222a        0xe ./Core/Src/stm32u5xx_it.o
                0x0800222a                DebugMon_Handler
 .text.PendSV_Handler
                0x08002238        0xe ./Core/Src/stm32u5xx_it.o
                0x08002238                PendSV_Handler
 .text.SysTick_Handler
                0x08002246        0xc ./Core/Src/stm32u5xx_it.o
                0x08002246                SysTick_Handler
 *fill*         0x08002252        0x2 
 .text.OTG_HS_IRQHandler
                0x08002254       0x14 ./Core/Src/stm32u5xx_it.o
                0x08002254                OTG_HS_IRQHandler
 .text.SystemInit
                0x08002268       0x70 ./Core/Src/system_stm32u5xx.o
                0x08002268                SystemInit
 .text.Reset_Handler
                0x080022d8       0x50 ./Core/Startup/startup_stm32u5a5vjtx.o
                0x080022d8                Reset_Handler
 .text.Default_Handler
                0x08002328        0x2 ./Core/Startup/startup_stm32u5a5vjtx.o
                0x08002328                EXTI2_IRQHandler
                0x08002328                TIM8_TRG_COM_IRQHandler
                0x08002328                TIM8_CC_IRQHandler
                0x08002328                EXTI5_IRQHandler
                0x08002328                FLASH_S_IRQHandler
                0x08002328                EXTI13_IRQHandler
                0x08002328                TIM1_CC_IRQHandler
                0x08002328                TSC_IRQHandler
                0x08002328                TAMP_IRQHandler
                0x08002328                TIM6_IRQHandler
                0x08002328                EXTI12_IRQHandler
                0x08002328                CORDIC_IRQHandler
                0x08002328                EXTI3_IRQHandler
                0x08002328                LPTIM4_IRQHandler
                0x08002328                GPDMA1_Channel5_IRQHandler
                0x08002328                EXTI8_IRQHandler
                0x08002328                LPTIM2_IRQHandler
                0x08002328                I2C3_ER_IRQHandler
                0x08002328                I2C5_EV_IRQHandler
                0x08002328                PWR_S3WU_IRQHandler
                0x08002328                MDF1_FLT2_IRQHandler
                0x08002328                LPDMA1_Channel3_IRQHandler
                0x08002328                LPTIM3_IRQHandler
                0x08002328                EXTI0_IRQHandler
                0x08002328                I2C2_EV_IRQHandler
                0x08002328                FPU_IRQHandler
                0x08002328                GPDMA1_Channel3_IRQHandler
                0x08002328                GPDMA1_Channel7_IRQHandler
                0x08002328                MDF1_FLT4_IRQHandler
                0x08002328                FDCAN1_IT1_IRQHandler
                0x08002328                RAMCFG_IRQHandler
                0x08002328                ADC1_2_IRQHandler
                0x08002328                GPDMA1_Channel9_IRQHandler
                0x08002328                DCACHE1_IRQHandler
                0x08002328                SPI1_IRQHandler
                0x08002328                OCTOSPI1_IRQHandler
                0x08002328                GPDMA1_Channel2_IRQHandler
                0x08002328                TIM8_UP_IRQHandler
                0x08002328                RCC_S_IRQHandler
                0x08002328                OCTOSPI2_IRQHandler
                0x08002328                SAI2_IRQHandler
                0x08002328                MDF1_FLT1_IRQHandler
                0x08002328                PKA_IRQHandler
                0x08002328                USART6_IRQHandler
                0x08002328                MDF1_FLT5_IRQHandler
                0x08002328                EXTI15_IRQHandler
                0x08002328                TIM17_IRQHandler
                0x08002328                USART3_IRQHandler
                0x08002328                RTC_IRQHandler
                0x08002328                EXTI9_IRQHandler
                0x08002328                HSPI1_IRQHandler
                0x08002328                UART5_IRQHandler
                0x08002328                TIM4_IRQHandler
                0x08002328                I2C1_EV_IRQHandler
                0x08002328                GPDMA1_Channel12_IRQHandler
                0x08002328                GPDMA1_Channel1_IRQHandler
                0x08002328                TIM16_IRQHandler
                0x08002328                GPDMA1_Channel15_IRQHandler
                0x08002328                UART4_IRQHandler
                0x08002328                SecureFault_Handler
                0x08002328                TIM3_IRQHandler
                0x08002328                RCC_IRQHandler
                0x08002328                TIM1_TRG_COM_IRQHandler
                0x08002328                Default_Handler
                0x08002328                GPDMA1_Channel8_IRQHandler
                0x08002328                FMAC_IRQHandler
                0x08002328                I2C5_ER_IRQHandler
                0x08002328                OTFDEC1_IRQHandler
                0x08002328                GPDMA1_Channel11_IRQHandler
                0x08002328                TIM7_IRQHandler
                0x08002328                SDMMC1_IRQHandler
                0x08002328                SAES_IRQHandler
                0x08002328                TIM5_IRQHandler
                0x08002328                UCPD1_IRQHandler
                0x08002328                GPDMA1_Channel0_IRQHandler
                0x08002328                TIM15_IRQHandler
                0x08002328                I2C3_EV_IRQHandler
                0x08002328                LPDMA1_Channel0_IRQHandler
                0x08002328                PVD_PVM_IRQHandler
                0x08002328                SPI2_IRQHandler
                0x08002328                LPDMA1_Channel1_IRQHandler
                0x08002328                EXTI14_IRQHandler
                0x08002328                EXTI11_IRQHandler
                0x08002328                OTFDEC2_IRQHandler
                0x08002328                CRS_IRQHandler
                0x08002328                GPDMA1_Channel14_IRQHandler
                0x08002328                LSECSSD_IRQHandler
                0x08002328                EXTI4_IRQHandler
                0x08002328                RTC_S_IRQHandler
                0x08002328                GPDMA1_Channel13_IRQHandler
                0x08002328                RNG_IRQHandler
                0x08002328                COMP_IRQHandler
                0x08002328                TIM1_UP_IRQHandler
                0x08002328                ADC4_IRQHandler
                0x08002328                WWDG_IRQHandler
                0x08002328                I2C4_EV_IRQHandler
                0x08002328                ADF1_IRQHandler
                0x08002328                IWDG_IRQHandler
                0x08002328                I2C6_ER_IRQHandler
                0x08002328                LPUART1_IRQHandler
                0x08002328                MDF1_FLT0_IRQHandler
                0x08002328                FDCAN1_IT0_IRQHandler
                0x08002328                TIM2_IRQHandler
                0x08002328                GPDMA1_Channel4_IRQHandler
                0x08002328                EXTI7_IRQHandler
                0x08002328                DMA2D_IRQHandler
                0x08002328                TIM1_BRK_IRQHandler
                0x08002328                EXTI1_IRQHandler
                0x08002328                SDMMC2_IRQHandler
                0x08002328                AES_IRQHandler
                0x08002328                DAC1_IRQHandler
                0x08002328                GTZC_IRQHandler
                0x08002328                MDF1_FLT3_IRQHandler
                0x08002328                USART2_IRQHandler
                0x08002328                I2C6_EV_IRQHandler
                0x08002328                GPDMA1_Channel6_IRQHandler
                0x08002328                I2C2_ER_IRQHandler
                0x08002328                TIM8_BRK_IRQHandler
                0x08002328                FLASH_IRQHandler
                0x08002328                USART1_IRQHandler
                0x08002328                EXTI10_IRQHandler
                0x08002328                SPI3_IRQHandler
                0x08002328                LPDMA1_Channel2_IRQHandler
                0x08002328                I2C1_ER_IRQHandler
                0x08002328                FMC_IRQHandler
                0x08002328                EXTI6_IRQHandler
                0x08002328                LPTIM1_IRQHandler
                0x08002328                DCMI_PSSI_IRQHandler
                0x08002328                I2C4_ER_IRQHandler
                0x08002328                GPDMA1_Channel10_IRQHandler
                0x08002328                ICACHE_IRQHandler
                0x08002328                SAI1_IRQHandler
                0x08002328                HASH_IRQHandler
 *fill*         0x0800232a        0x2 
 .text.HAL_Init
                0x0800232c       0x60 ./Drivers/STM32U5xx_HAL_Driver/Src/stm32u5xx_hal.o
                0x0800232c                HAL_Init
 .text.HAL_InitTick
                0x0800238c       0xec ./Drivers/STM32U5xx_HAL_Driver/Src/stm32u5xx_hal.o
                0x0800238c                HAL_InitTick
 .text.HAL_IncTick
                0x08002478       0x28 ./Drivers/STM32U5xx_HAL_Driver/Src/stm32u5xx_hal.o
                0x08002478                HAL_IncTick
 .text.HAL_GetTick
                0x080024a0       0x18 ./Drivers/STM32U5xx_HAL_Driver/Src/stm32u5xx_hal.o
                0x080024a0                HAL_GetTick
 .text.HAL_Delay
                0x080024b8       0x48 ./Drivers/STM32U5xx_HAL_Driver/Src/stm32u5xx_hal.o
                0x080024b8                HAL_Delay
 .text.HAL_SYSCFG_EnableOTGPHY
                0x08002500       0x28 ./Drivers/STM32U5xx_HAL_Driver/Src/stm32u5xx_hal.o
                0x08002500                HAL_SYSCFG_EnableOTGPHY
 .text.HAL_SYSCFG_SetOTGPHYReferenceClockSelection
                0x08002528       0x28 ./Drivers/STM32U5xx_HAL_Driver/Src/stm32u5xx_hal.o
                0x08002528                HAL_SYSCFG_SetOTGPHYReferenceClockSelection
 .text.__NVIC_SetPriorityGrouping
                0x08002550       0x48 ./Drivers/STM32U5xx_HAL_Driver/Src/stm32u5xx_hal_cortex.o
 .text.__NVIC_GetPriorityGrouping
                0x08002598       0x1c ./Drivers/STM32U5xx_HAL_Driver/Src/stm32u5xx_hal_cortex.o
 .text.__NVIC_EnableIRQ
                0x080025b4       0x3c ./Drivers/STM32U5xx_HAL_Driver/Src/stm32u5xx_hal_cortex.o
 .text.__NVIC_SetPriority
                0x080025f0       0x54 ./Drivers/STM32U5xx_HAL_Driver/Src/stm32u5xx_hal_cortex.o
 .text.NVIC_EncodePriority
                0x08002644       0x66 ./Drivers/STM32U5xx_HAL_Driver/Src/stm32u5xx_hal_cortex.o
 .text.HAL_NVIC_SetPriorityGrouping
                0x080026aa       0x16 ./Drivers/STM32U5xx_HAL_Driver/Src/stm32u5xx_hal_cortex.o
                0x080026aa                HAL_NVIC_SetPriorityGrouping
 .text.HAL_NVIC_SetPriority
                0x080026c0       0x34 ./Drivers/STM32U5xx_HAL_Driver/Src/stm32u5xx_hal_cortex.o
                0x080026c0                HAL_NVIC_SetPriority
 .text.HAL_NVIC_EnableIRQ
                0x080026f4       0x1c ./Drivers/STM32U5xx_HAL_Driver/Src/stm32u5xx_hal_cortex.o
                0x080026f4                HAL_NVIC_EnableIRQ
 .text.HAL_SYSTICK_Config
                0x08002710       0x44 ./Drivers/STM32U5xx_HAL_Driver/Src/stm32u5xx_hal_cortex.o
                0x08002710                HAL_SYSTICK_Config
 .text.HAL_SYSTICK_CLKSourceConfig
                0x08002754       0xb0 ./Drivers/STM32U5xx_HAL_Driver/Src/stm32u5xx_hal_cortex.o
                0x08002754                HAL_SYSTICK_CLKSourceConfig
 .text.HAL_SYSTICK_GetCLKSourceConfig
                0x08002804       0x74 ./Drivers/STM32U5xx_HAL_Driver/Src/stm32u5xx_hal_cortex.o
                0x08002804                HAL_SYSTICK_GetCLKSourceConfig
 .text.HAL_GPIO_Init
                0x08002878      0x3c0 ./Drivers/STM32U5xx_HAL_Driver/Src/stm32u5xx_hal_gpio.o
                0x08002878                HAL_GPIO_Init
 .text.HAL_GPIO_WritePin
                0x08002c38       0x30 ./Drivers/STM32U5xx_HAL_Driver/Src/stm32u5xx_hal_gpio.o
                0x08002c38                HAL_GPIO_WritePin
 .text.HAL_I2C_Init
                0x08002c68      0x136 ./Drivers/STM32U5xx_HAL_Driver/Src/stm32u5xx_hal_i2c.o
                0x08002c68                HAL_I2C_Init
 .text.HAL_I2CEx_ConfigAnalogFilter
                0x08002d9e       0x96 ./Drivers/STM32U5xx_HAL_Driver/Src/stm32u5xx_hal_i2c_ex.o
                0x08002d9e                HAL_I2CEx_ConfigAnalogFilter
 .text.HAL_I2CEx_ConfigDigitalFilter
                0x08002e34       0x98 ./Drivers/STM32U5xx_HAL_Driver/Src/stm32u5xx_hal_i2c_ex.o
                0x08002e34                HAL_I2CEx_ConfigDigitalFilter
 .text.HAL_PCD_Init
                0x08002ecc      0x218 ./Drivers/STM32U5xx_HAL_Driver/Src/stm32u5xx_hal_pcd.o
                0x08002ecc                HAL_PCD_Init
 .text.HAL_PCD_IRQHandler
                0x080030e4      0x9d0 ./Drivers/STM32U5xx_HAL_Driver/Src/stm32u5xx_hal_pcd.o
                0x080030e4                HAL_PCD_IRQHandler
 .text.HAL_PCD_SetAddress
                0x08003ab4       0x48 ./Drivers/STM32U5xx_HAL_Driver/Src/stm32u5xx_hal_pcd.o
                0x08003ab4                HAL_PCD_SetAddress
 .text.HAL_PCD_EP_Open
                0x08003afc       0xd4 ./Drivers/STM32U5xx_HAL_Driver/Src/stm32u5xx_hal_pcd.o
                0x08003afc                HAL_PCD_EP_Open
 .text.HAL_PCD_EP_Receive
                0x08003bd0       0x76 ./Drivers/STM32U5xx_HAL_Driver/Src/stm32u5xx_hal_pcd.o
                0x08003bd0                HAL_PCD_EP_Receive
 .text.HAL_PCD_EP_Transmit
                0x08003c46       0x74 ./Drivers/STM32U5xx_HAL_Driver/Src/stm32u5xx_hal_pcd.o
                0x08003c46                HAL_PCD_EP_Transmit
 .text.HAL_PCD_EP_SetStall
                0x08003cba       0xc6 ./Drivers/STM32U5xx_HAL_Driver/Src/stm32u5xx_hal_pcd.o
                0x08003cba                HAL_PCD_EP_SetStall
 .text.HAL_PCD_EP_ClrStall
                0x08003d80       0xac ./Drivers/STM32U5xx_HAL_Driver/Src/stm32u5xx_hal_pcd.o
                0x08003d80                HAL_PCD_EP_ClrStall
 .text.HAL_PCD_EP_Abort
                0x08003e2c       0x62 ./Drivers/STM32U5xx_HAL_Driver/Src/stm32u5xx_hal_pcd.o
                0x08003e2c                HAL_PCD_EP_Abort
 .text.PCD_WriteEmptyTxFifo
                0x08003e8e      0x118 ./Drivers/STM32U5xx_HAL_Driver/Src/stm32u5xx_hal_pcd.o
 *fill*         0x08003fa6        0x2 
 .text.PCD_EP_OutXfrComplete_int
                0x08003fa8      0x1d0 ./Drivers/STM32U5xx_HAL_Driver/Src/stm32u5xx_hal_pcd.o
 .text.PCD_EP_OutSetupPacket_int
                0x08004178       0x8c ./Drivers/STM32U5xx_HAL_Driver/Src/stm32u5xx_hal_pcd.o
 .text.HAL_PCDEx_ActivateLPM
                0x08004204       0x48 ./Drivers/STM32U5xx_HAL_Driver/Src/stm32u5xx_hal_pcd_ex.o
                0x08004204                HAL_PCDEx_ActivateLPM
 .text.HAL_PWREx_ControlVoltageScaling
                0x0800424c       0xfc ./Drivers/STM32U5xx_HAL_Driver/Src/stm32u5xx_hal_pwr_ex.o
                0x0800424c                HAL_PWREx_ControlVoltageScaling
 .text.HAL_PWREx_GetVoltageRange
                0x08004348       0x1c ./Drivers/STM32U5xx_HAL_Driver/Src/stm32u5xx_hal_pwr_ex.o
                0x08004348                HAL_PWREx_GetVoltageRange
 .text.HAL_PWREx_EnableVddUSB
                0x08004364       0x20 ./Drivers/STM32U5xx_HAL_Driver/Src/stm32u5xx_hal_pwr_ex.o
                0x08004364                HAL_PWREx_EnableVddUSB
 .text.HAL_PWREx_EnableUSBHSTranceiverSupply
                0x08004384       0x3c ./Drivers/STM32U5xx_HAL_Driver/Src/stm32u5xx_hal_pwr_ex.o
                0x08004384                HAL_PWREx_EnableUSBHSTranceiverSupply
 .text.HAL_RCC_OscConfig
                0x080043c0      0xdb8 ./Drivers/STM32U5xx_HAL_Driver/Src/stm32u5xx_hal_rcc.o
                0x080043c0                HAL_RCC_OscConfig
 .text.HAL_RCC_ClockConfig
                0x08005178      0x3e4 ./Drivers/STM32U5xx_HAL_Driver/Src/stm32u5xx_hal_rcc.o
                0x08005178                HAL_RCC_ClockConfig
 .text.HAL_RCC_GetSysClockFreq
                0x0800555c      0x204 ./Drivers/STM32U5xx_HAL_Driver/Src/stm32u5xx_hal_rcc.o
                0x0800555c                HAL_RCC_GetSysClockFreq
 .text.HAL_RCC_GetHCLKFreq
                0x08005760       0x34 ./Drivers/STM32U5xx_HAL_Driver/Src/stm32u5xx_hal_rcc.o
                0x08005760                HAL_RCC_GetHCLKFreq
 .text.RCC_SetFlashLatencyFromMSIRange
                0x08005794      0x10c ./Drivers/STM32U5xx_HAL_Driver/Src/stm32u5xx_hal_rcc.o
 .text.HAL_RCCEx_PeriphCLKConfig
                0x080058a0      0xd78 ./Drivers/STM32U5xx_HAL_Driver/Src/stm32u5xx_hal_rcc_ex.o
                0x080058a0                HAL_RCCEx_PeriphCLKConfig
 .text.RCCEx_PLL2_Config
                0x08006618      0x130 ./Drivers/STM32U5xx_HAL_Driver/Src/stm32u5xx_hal_rcc_ex.o
 .text.RCCEx_PLL3_Config
                0x08006748      0x130 ./Drivers/STM32U5xx_HAL_Driver/Src/stm32u5xx_hal_rcc_ex.o
 .text.HAL_TIM_PWM_Init
                0x08006878       0xae ./Drivers/STM32U5xx_HAL_Driver/Src/stm32u5xx_hal_tim.o
                0x08006878                HAL_TIM_PWM_Init
 *fill*         0x08006926        0x2 
 .text.HAL_TIM_PWM_ConfigChannel
                0x08006928      0x228 ./Drivers/STM32U5xx_HAL_Driver/Src/stm32u5xx_hal_tim.o
                0x08006928                HAL_TIM_PWM_ConfigChannel
 .text.TIM_Base_SetConfig
                0x08006b50      0x200 ./Drivers/STM32U5xx_HAL_Driver/Src/stm32u5xx_hal_tim.o
                0x08006b50                TIM_Base_SetConfig
 .text.TIM_OC1_SetConfig
                0x08006d50      0x188 ./Drivers/STM32U5xx_HAL_Driver/Src/stm32u5xx_hal_tim.o
 .text.TIM_OC2_SetConfig
                0x08006ed8      0x164 ./Drivers/STM32U5xx_HAL_Driver/Src/stm32u5xx_hal_tim.o
                0x08006ed8                TIM_OC2_SetConfig
 .text.TIM_OC3_SetConfig
                0x0800703c      0x160 ./Drivers/STM32U5xx_HAL_Driver/Src/stm32u5xx_hal_tim.o
 .text.TIM_OC4_SetConfig
                0x0800719c      0x164 ./Drivers/STM32U5xx_HAL_Driver/Src/stm32u5xx_hal_tim.o
 .text.TIM_OC5_SetConfig
                0x08007300      0x104 ./Drivers/STM32U5xx_HAL_Driver/Src/stm32u5xx_hal_tim.o
 .text.TIM_OC6_SetConfig
                0x08007404      0x108 ./Drivers/STM32U5xx_HAL_Driver/Src/stm32u5xx_hal_tim.o
 .text.HAL_TIMEx_MasterConfigSynchronization
                0x0800750c      0x184 ./Drivers/STM32U5xx_HAL_Driver/Src/stm32u5xx_hal_tim_ex.o
                0x0800750c                HAL_TIMEx_MasterConfigSynchronization
 .text.USB_CoreInit
                0x08007690       0x6a ./Drivers/STM32U5xx_HAL_Driver/Src/stm32u5xx_ll_usb.o
                0x08007690                USB_CoreInit
 *fill*         0x080076fa        0x2 
 .text.USB_SetTurnaroundTime
                0x080076fc      0x144 ./Drivers/STM32U5xx_HAL_Driver/Src/stm32u5xx_ll_usb.o
                0x080076fc                USB_SetTurnaroundTime
 .text.USB_DisableGlobalInt
                0x08007840       0x22 ./Drivers/STM32U5xx_HAL_Driver/Src/stm32u5xx_ll_usb.o
                0x08007840                USB_DisableGlobalInt
 .text.USB_SetCurrentMode
                0x08007862       0x98 ./Drivers/STM32U5xx_HAL_Driver/Src/stm32u5xx_ll_usb.o
                0x08007862                USB_SetCurrentMode
 *fill*         0x080078fa        0x2 
 .text.USB_DevInit
                0x080078fc      0x2e0 ./Drivers/STM32U5xx_HAL_Driver/Src/stm32u5xx_ll_usb.o
                0x080078fc                USB_DevInit
 .text.USB_FlushTxFifo
                0x08007bdc       0x64 ./Drivers/STM32U5xx_HAL_Driver/Src/stm32u5xx_ll_usb.o
                0x08007bdc                USB_FlushTxFifo
 .text.USB_FlushRxFifo
                0x08007c40       0x5c ./Drivers/STM32U5xx_HAL_Driver/Src/stm32u5xx_ll_usb.o
                0x08007c40                USB_FlushRxFifo
 .text.USB_SetDevSpeed
                0x08007c9c       0x32 ./Drivers/STM32U5xx_HAL_Driver/Src/stm32u5xx_ll_usb.o
                0x08007c9c                USB_SetDevSpeed
 .text.USB_GetDevSpeed
                0x08007cce       0x4a ./Drivers/STM32U5xx_HAL_Driver/Src/stm32u5xx_ll_usb.o
                0x08007cce                USB_GetDevSpeed
 .text.USB_ActivateEndpoint
                0x08007d18      0x10e ./Drivers/STM32U5xx_HAL_Driver/Src/stm32u5xx_ll_usb.o
                0x08007d18                USB_ActivateEndpoint
 *fill*         0x08007e26        0x2 
 .text.USB_EPStartXfer
                0x08007e28      0x53c ./Drivers/STM32U5xx_HAL_Driver/Src/stm32u5xx_ll_usb.o
                0x08007e28                USB_EPStartXfer
 .text.USB_EPStopXfer
                0x08008364      0x1f8 ./Drivers/STM32U5xx_HAL_Driver/Src/stm32u5xx_ll_usb.o
                0x08008364                USB_EPStopXfer
 .text.USB_EPSetStall
                0x0800855c       0xdc ./Drivers/STM32U5xx_HAL_Driver/Src/stm32u5xx_ll_usb.o
                0x0800855c                USB_EPSetStall
 .text.USB_EPClearStall
                0x08008638       0xcc ./Drivers/STM32U5xx_HAL_Driver/Src/stm32u5xx_ll_usb.o
                0x08008638                USB_EPClearStall
 .text.USB_WritePacket
                0x08008704       0x7c ./Drivers/STM32U5xx_HAL_Driver/Src/stm32u5xx_ll_usb.o
                0x08008704                USB_WritePacket
 .text.USB_ReadPacket
                0x08008780       0xb0 ./Drivers/STM32U5xx_HAL_Driver/Src/stm32u5xx_ll_usb.o
                0x08008780                USB_ReadPacket
 .text.USB_SetDevAddress
                0x08008830       0x4c ./Drivers/STM32U5xx_HAL_Driver/Src/stm32u5xx_ll_usb.o
                0x08008830                USB_SetDevAddress
 .text.USB_DevDisconnect
                0x0800887c       0x42 ./Drivers/STM32U5xx_HAL_Driver/Src/stm32u5xx_ll_usb.o
                0x0800887c                USB_DevDisconnect
 .text.USB_ReadInterrupts
                0x080088be       0x26 ./Drivers/STM32U5xx_HAL_Driver/Src/stm32u5xx_ll_usb.o
                0x080088be                USB_ReadInterrupts
 .text.USB_ReadDevAllOutEpInterrupt
                0x080088e4       0x34 ./Drivers/STM32U5xx_HAL_Driver/Src/stm32u5xx_ll_usb.o
                0x080088e4                USB_ReadDevAllOutEpInterrupt
 .text.USB_ReadDevAllInEpInterrupt
                0x08008918       0x34 ./Drivers/STM32U5xx_HAL_Driver/Src/stm32u5xx_ll_usb.o
                0x08008918                USB_ReadDevAllInEpInterrupt
 .text.USB_ReadDevOutEPInterrupt
                0x0800894c       0x3c ./Drivers/STM32U5xx_HAL_Driver/Src/stm32u5xx_ll_usb.o
                0x0800894c                USB_ReadDevOutEPInterrupt
 .text.USB_ReadDevInEPInterrupt
                0x08008988       0x5c ./Drivers/STM32U5xx_HAL_Driver/Src/stm32u5xx_ll_usb.o
                0x08008988                USB_ReadDevInEPInterrupt
 .text.USB_GetMode
                0x080089e4       0x1c ./Drivers/STM32U5xx_HAL_Driver/Src/stm32u5xx_ll_usb.o
                0x080089e4                USB_GetMode
 .text.USB_ActivateSetup
                0x08008a00       0x46 ./Drivers/STM32U5xx_HAL_Driver/Src/stm32u5xx_ll_usb.o
                0x08008a00                USB_ActivateSetup
 *fill*         0x08008a46        0x2 
 .text.USB_EP0_OutStart
                0x08008a48       0xbc ./Drivers/STM32U5xx_HAL_Driver/Src/stm32u5xx_ll_usb.o
                0x08008a48                USB_EP0_OutStart
 .text.USB_CoreReset
                0x08008b04       0x70 ./Drivers/STM32U5xx_HAL_Driver/Src/stm32u5xx_ll_usb.o
 .text.memset   0x08008b74       0x10 C:/ST/STM32CubeIDE_1.14.1/STM32CubeIDE/plugins/com.st.stm32cube.ide.mcu.externaltools.gnu-tools-for-stm32.13.3.rel1.win32_1.0.0.202411081344/tools/bin/../lib/gcc/arm-none-eabi/13.3.1/../../../../arm-none-eabi/lib/thumb/v8-m.main+fp/hard\libc_nano.a(libc_a-memset.o)
                0x08008b74                memset
 .text.__libc_init_array
                0x08008b84       0x48 C:/ST/STM32CubeIDE_1.14.1/STM32CubeIDE/plugins/com.st.stm32cube.ide.mcu.externaltools.gnu-tools-for-stm32.13.3.rel1.win32_1.0.0.202411081344/tools/bin/../lib/gcc/arm-none-eabi/13.3.1/../../../../arm-none-eabi/lib/thumb/v8-m.main+fp/hard\libc_nano.a(libc_a-init.o)
                0x08008b84                __libc_init_array
 *(.glue_7)
 .glue_7        0x08008bcc        0x0 linker stubs
 *(.glue_7t)
 .glue_7t       0x08008bcc        0x0 linker stubs
 *(.eh_frame)
 .eh_frame      0x08008bcc        0x0 C:/ST/STM32CubeIDE_1.14.1/STM32CubeIDE/plugins/com.st.stm32cube.ide.mcu.externaltools.gnu-tools-for-stm32.13.3.rel1.win32_1.0.0.202411081344/tools/bin/../lib/gcc/arm-none-eabi/13.3.1/thumb/v8-m.main+fp/hard/crtbegin.o
 *(.init)
 .init          0x08008bcc        0x4 C:/ST/STM32CubeIDE_1.14.1/STM32CubeIDE/plugins/com.st.stm32cube.ide.mcu.externaltools.gnu-tools-for-stm32.13.3.rel1.win32_1.0.0.202411081344/tools/bin/../lib/gcc/arm-none-eabi/13.3.1/thumb/v8-m.main+fp/hard/crti.o
                0x08008bcc                _init
 .init          0x08008bd0        0x8 C:/ST/STM32CubeIDE_1.14.1/STM32CubeIDE/plugins/com.st.stm32cube.ide.mcu.externaltools.gnu-tools-for-stm32.13.3.rel1.win32_1.0.0.202411081344/tools/bin/../lib/gcc/arm-none-eabi/13.3.1/thumb/v8-m.main+fp/hard/crtn.o
 *(.fini)
 .fini          0x08008bd8        0x4 C:/ST/STM32CubeIDE_1.14.1/STM32CubeIDE/plugins/com.st.stm32cube.ide.mcu.externaltools.gnu-tools-for-stm32.13.3.rel1.win32_1.0.0.202411081344/tools/bin/../lib/gcc/arm-none-eabi/13.3.1/thumb/v8-m.main+fp/hard/crti.o
                0x08008bd8                _fini
 .fini          0x08008bdc        0x8 C:/ST/STM32CubeIDE_1.14.1/STM32CubeIDE/plugins/com.st.stm32cube.ide.mcu.externaltools.gnu-tools-for-stm32.13.3.rel1.win32_1.0.0.202411081344/tools/bin/../lib/gcc/arm-none-eabi/13.3.1/thumb/v8-m.main+fp/hard/crtn.o
                0x08008be4                        _etext = .

.vfp11_veneer   0x08008be4        0x0
 .vfp11_veneer  0x08008be4        0x0 linker stubs

.v4_bx          0x08008be4        0x0
 .v4_bx         0x08008be4        0x0 linker stubs

.iplt           0x08008be4        0x0
 .iplt          0x08008be4        0x0 C:/ST/STM32CubeIDE_1.14.1/STM32CubeIDE/plugins/com.st.stm32cube.ide.mcu.externaltools.gnu-tools-for-stm32.13.3.rel1.win32_1.0.0.202411081344/tools/bin/../lib/gcc/arm-none-eabi/13.3.1/thumb/v8-m.main+fp/hard/crtbegin.o

.rodata         0x08008be4       0xd0
 *(.rodata)
 *(.rodata*)
 .rodata.AHBPrescTable
                0x08008be4       0x10 ./Core/Src/system_stm32u5xx.o
                0x08008be4                AHBPrescTable
 .rodata.MSIRangeTable
                0x08008bf4       0x40 ./Core/Src/system_stm32u5xx.o
                0x08008bf4                MSIRangeTable
 .rodata.LPGPIO_Map
                0x08008c34       0x80 ./Drivers/STM32U5xx_HAL_Driver/Src/stm32u5xx_hal_gpio.o

.ARM.extab
 *(.ARM.extab* .gnu.linkonce.armextab.*)

.ARM            0x08008cb4        0x0
                0x08008cb4                        __exidx_start = .
 *(.ARM.exidx*)
                0x08008cb4                        __exidx_end = .

.preinit_array  0x08008cb4        0x0
                0x08008cb4                        PROVIDE (__preinit_array_start = .)
 *(.preinit_array*)
                0x08008cb4                        PROVIDE (__preinit_array_end = .)

.init_array     0x08008cb4        0x4
                0x08008cb4                        PROVIDE (__init_array_start = .)
 *(SORT_BY_NAME(.init_array.*))
 *(.init_array*)
 .init_array    0x08008cb4        0x4 C:/ST/STM32CubeIDE_1.14.1/STM32CubeIDE/plugins/com.st.stm32cube.ide.mcu.externaltools.gnu-tools-for-stm32.13.3.rel1.win32_1.0.0.202411081344/tools/bin/../lib/gcc/arm-none-eabi/13.3.1/thumb/v8-m.main+fp/hard/crtbegin.o
                0x08008cb8                        PROVIDE (__init_array_end = .)

.fini_array     0x08008cb8        0x4
                [!provide]                        PROVIDE (__fini_array_start = .)
 *(SORT_BY_NAME(.fini_array.*))
 *(.fini_array*)
 .fini_array    0x08008cb8        0x4 C:/ST/STM32CubeIDE_1.14.1/STM32CubeIDE/plugins/com.st.stm32cube.ide.mcu.externaltools.gnu-tools-for-stm32.13.3.rel1.win32_1.0.0.202411081344/tools/bin/../lib/gcc/arm-none-eabi/13.3.1/thumb/v8-m.main+fp/hard/crtbegin.o
                [!provide]                        PROVIDE (__fini_array_end = .)
                0x08008cbc                        _sidata = LOADADDR (.data)

.rel.dyn        0x08008cbc        0x0
 .rel.iplt      0x08008cbc        0x0 C:/ST/STM32CubeIDE_1.14.1/STM32CubeIDE/plugins/com.st.stm32cube.ide.mcu.externaltools.gnu-tools-for-stm32.13.3.rel1.win32_1.0.0.202411081344/tools/bin/../lib/gcc/arm-none-eabi/13.3.1/thumb/v8-m.main+fp/hard/crtbegin.o

.data           0x20000000        0x9 load address 0x08008cbc
                0x20000000                        _sdata = .
 *(.data)
 *(.data*)
 .data.SystemCoreClock
                0x20000000        0x4 ./Core/Src/system_stm32u5xx.o
                0x20000000                SystemCoreClock
 .data.uwTickPrio
                0x20000004        0x4 ./Drivers/STM32U5xx_HAL_Driver/Src/stm32u5xx_hal.o
                0x20000004                uwTickPrio
 .data.uwTickFreq
                0x20000008        0x1 ./Drivers/STM32U5xx_HAL_Driver/Src/stm32u5xx_hal.o
                0x20000008                uwTickFreq
 *(.RamFunc)
 *(.RamFunc*)
                0x20000009                        _edata = .

.igot.plt       0x2000000c        0x0 load address 0x08008cc5
 .igot.plt      0x2000000c        0x0 C:/ST/STM32CubeIDE_1.14.1/STM32CubeIDE/plugins/com.st.stm32cube.ide.mcu.externaltools.gnu-tools-for-stm32.13.3.rel1.win32_1.0.0.202411081344/tools/bin/../lib/gcc/arm-none-eabi/13.3.1/thumb/v8-m.main+fp/hard/crtbegin.o

.bss            0x2000000c      0x5a8 load address 0x08008cc5
                0x2000000c                        _sbss = .
                0x2000000c                        __bss_start__ = _sbss
 *(.bss)
 .bss           0x2000000c       0x1c C:/ST/STM32CubeIDE_1.14.1/STM32CubeIDE/plugins/com.st.stm32cube.ide.mcu.externaltools.gnu-tools-for-stm32.13.3.rel1.win32_1.0.0.202411081344/tools/bin/../lib/gcc/arm-none-eabi/13.3.1/thumb/v8-m.main+fp/hard/crtbegin.o
 *(.bss*)
 .bss.cfgidx.0  0x20000028        0x1 ./Core/ST_Drivers/Middlewares/ST/STM32_USB_Device_Library/Core/Src/usbd_ctlreq.o
 *fill*         0x20000029        0x3 
 .bss.hi2c1     0x2000002c       0x54 ./Core/Src/main.o
                0x2000002c                hi2c1
 .bss.htim3     0x20000080       0x4c ./Core/Src/main.o
                0x20000080                htim3
 .bss.hpcd_USB_OTG_HS
                0x200000cc      0x4e4 ./Core/Src/main.o
                0x200000cc                hpcd_USB_OTG_HS
 .bss.uwTick    0x200005b0        0x4 ./Drivers/STM32U5xx_HAL_Driver/Src/stm32u5xx_hal.o
                0x200005b0                uwTick
 *(COMMON)
                0x200005b4                        _ebss = .
                0x200005b4                        __bss_end__ = _ebss

._user_heap_stack
                0x200005b4      0x604 load address 0x08008cc5
                0x200005b8                        . = ALIGN (0x8)
 *fill*         0x200005b4        0x4 
                [!provide]                        PROVIDE (end = .)
                0x200005b8                        PROVIDE (_end = .)
                0x200007b8                        . = (. + _Min_Heap_Size)
 *fill*         0x200005b8      0x200 
                0x20000bb8                        . = (. + _Min_Stack_Size)
 *fill*         0x200007b8      0x400 
                0x20000bb8                        . = ALIGN (0x8)

/DISCARD/
 libc.a(*)
 libm.a(*)
 libgcc.a(*)

.ARM.attributes
                0x00000000       0x36
 *(.ARM.attributes)
 .ARM.attributes
                0x00000000       0x26 C:/ST/STM32CubeIDE_1.14.1/STM32CubeIDE/plugins/com.st.stm32cube.ide.mcu.externaltools.gnu-tools-for-stm32.13.3.rel1.win32_1.0.0.202411081344/tools/bin/../lib/gcc/arm-none-eabi/13.3.1/thumb/v8-m.main+fp/hard/crti.o
 .ARM.attributes
                0x00000026       0x38 C:/ST/STM32CubeIDE_1.14.1/STM32CubeIDE/plugins/com.st.stm32cube.ide.mcu.externaltools.gnu-tools-for-stm32.13.3.rel1.win32_1.0.0.202411081344/tools/bin/../lib/gcc/arm-none-eabi/13.3.1/thumb/v8-m.main+fp/hard/crtbegin.o
 .ARM.attributes
                0x0000005e       0x3a ./Core/ST_Drivers/Middlewares/ST/STM32_USB_Device_Library/Core/Src/usbd_core.o
 .ARM.attributes
                0x00000098       0x3a ./Core/ST_Drivers/Middlewares/ST/STM32_USB_Device_Library/Core/Src/usbd_ctlreq.o
 .ARM.attributes
                0x000000d2       0x3a ./Core/ST_Drivers/Middlewares/ST/STM32_USB_Device_Library/Core/Src/usbd_ioreq.o
 .ARM.attributes
                0x0000010c       0x3a ./Core/ST_Drivers/USB_DEVICE/Target/usbd_conf.o
 .ARM.attributes
                0x00000146       0x3a ./Core/Src/main.o
 .ARM.attributes
                0x00000180       0x3a ./Core/Src/stm32u5xx_hal_msp.o
 .ARM.attributes
                0x000001ba       0x3a ./Core/Src/stm32u5xx_it.o
 .ARM.attributes
                0x000001f4       0x3a ./Core/Src/system_stm32u5xx.o
 .ARM.attributes
                0x0000022e       0x24 ./Core/Startup/startup_stm32u5a5vjtx.o
 .ARM.attributes
                0x00000252       0x3a ./Drivers/STM32U5xx_HAL_Driver/Src/stm32u5xx_hal.o
 .ARM.attributes
                0x0000028c       0x3a ./Drivers/STM32U5xx_HAL_Driver/Src/stm32u5xx_hal_cortex.o
 .ARM.attributes
                0x000002c6       0x3a ./Drivers/STM32U5xx_HAL_Driver/Src/stm32u5xx_hal_gpio.o
 .ARM.attributes
                0x00000300       0x3a ./Drivers/STM32U5xx_HAL_Driver/Src/stm32u5xx_hal_i2c.o
 .ARM.attributes
                0x0000033a       0x3a ./Drivers/STM32U5xx_HAL_Driver/Src/stm32u5xx_hal_i2c_ex.o
 .ARM.attributes
                0x00000374       0x3a ./Drivers/STM32U5xx_HAL_Driver/Src/stm32u5xx_hal_pcd.o
 .ARM.attributes
                0x000003ae       0x3a ./Drivers/STM32U5xx_HAL_Driver/Src/stm32u5xx_hal_pcd_ex.o
 .ARM.attributes
                0x000003e8       0x3a ./Drivers/STM32U5xx_HAL_Driver/Src/stm32u5xx_hal_pwr_ex.o
 .ARM.attributes
                0x00000422       0x3a ./Drivers/STM32U5xx_HAL_Driver/Src/stm32u5xx_hal_rcc.o
 .ARM.attributes
                0x0000045c       0x3a ./Drivers/STM32U5xx_HAL_Driver/Src/stm32u5xx_hal_rcc_ex.o
 .ARM.attributes
                0x00000496       0x3a ./Drivers/STM32U5xx_HAL_Driver/Src/stm32u5xx_hal_tim.o
 .ARM.attributes
                0x000004d0       0x3a ./Drivers/STM32U5xx_HAL_Driver/Src/stm32u5xx_hal_tim_ex.o
 .ARM.attributes
                0x0000050a       0x3a ./Drivers/STM32U5xx_HAL_Driver/Src/stm32u5xx_ll_usb.o
 .ARM.attributes
                0x00000544       0x38 C:/ST/STM32CubeIDE_1.14.1/STM32CubeIDE/plugins/com.st.stm32cube.ide.mcu.externaltools.gnu-tools-for-stm32.13.3.rel1.win32_1.0.0.202411081344/tools/bin/../lib/gcc/arm-none-eabi/13.3.1/../../../../arm-none-eabi/lib/thumb/v8-m.main+fp/hard\libc_nano.a(libc_a-memset.o)
 .ARM.attributes
                0x0000057c       0x38 C:/ST/STM32CubeIDE_1.14.1/STM32CubeIDE/plugins/com.st.stm32cube.ide.mcu.externaltools.gnu-tools-for-stm32.13.3.rel1.win32_1.0.0.202411081344/tools/bin/../lib/gcc/arm-none-eabi/13.3.1/../../../../arm-none-eabi/lib/thumb/v8-m.main+fp/hard\libc_nano.a(libc_a-init.o)
 .ARM.attributes
                0x000005b4       0x26 C:/ST/STM32CubeIDE_1.14.1/STM32CubeIDE/plugins/com.st.stm32cube.ide.mcu.externaltools.gnu-tools-for-stm32.13.3.rel1.win32_1.0.0.202411081344/tools/bin/../lib/gcc/arm-none-eabi/13.3.1/thumb/v8-m.main+fp/hard/crtn.o
OUTPUT(MiniPatchLambda_Bootloader.elf elf32-littlearm)
LOAD linker stubs
LOAD C:/ST/STM32CubeIDE_1.14.1/STM32CubeIDE/plugins/com.st.stm32cube.ide.mcu.externaltools.gnu-tools-for-stm32.13.3.rel1.win32_1.0.0.202411081344/tools/bin/../lib/gcc/arm-none-eabi/13.3.1/../../../../arm-none-eabi/lib/thumb/v8-m.main+fp/hard\libc.a
LOAD C:/ST/STM32CubeIDE_1.14.1/STM32CubeIDE/plugins/com.st.stm32cube.ide.mcu.externaltools.gnu-tools-for-stm32.13.3.rel1.win32_1.0.0.202411081344/tools/bin/../lib/gcc/arm-none-eabi/13.3.1/../../../../arm-none-eabi/lib/thumb/v8-m.main+fp/hard\libm.a
LOAD C:/ST/STM32CubeIDE_1.14.1/STM32CubeIDE/plugins/com.st.stm32cube.ide.mcu.externaltools.gnu-tools-for-stm32.13.3.rel1.win32_1.0.0.202411081344/tools/bin/../lib/gcc/arm-none-eabi/13.3.1/thumb/v8-m.main+fp/hard\libgcc.a

.debug_info     0x00000000    0x19ef8
 .debug_info    0x00000000      0xe37 ./Core/ST_Drivers/Middlewares/ST/STM32_USB_Device_Library/Core/Src/usbd_core.o
 .debug_info    0x00000e37      0xaf9 ./Core/ST_Drivers/Middlewares/ST/STM32_USB_Device_Library/Core/Src/usbd_ctlreq.o
 .debug_info    0x00001930      0x770 ./Core/ST_Drivers/Middlewares/ST/STM32_USB_Device_Library/Core/Src/usbd_ioreq.o
 .debug_info    0x000020a0     0x1918 ./Core/ST_Drivers/USB_DEVICE/Target/usbd_conf.o
 .debug_info    0x000039b8     0x1bd8 ./Core/Src/main.o
 .debug_info    0x00005590     0x1f8e ./Core/Src/stm32u5xx_hal_msp.o
 .debug_info    0x0000751e      0x6be ./Core/Src/stm32u5xx_it.o
 .debug_info    0x00007bdc      0x929 ./Core/Src/system_stm32u5xx.o
 .debug_info    0x00008505       0x30 ./Core/Startup/startup_stm32u5a5vjtx.o
 .debug_info    0x00008535     0x147c ./Drivers/STM32U5xx_HAL_Driver/Src/stm32u5xx_hal.o
 .debug_info    0x000099b1     0x167c ./Drivers/STM32U5xx_HAL_Driver/Src/stm32u5xx_hal_cortex.o
 .debug_info    0x0000b02d      0x859 ./Drivers/STM32U5xx_HAL_Driver/Src/stm32u5xx_hal_gpio.o
 .debug_info    0x0000b886     0x232e ./Drivers/STM32U5xx_HAL_Driver/Src/stm32u5xx_hal_i2c.o
 .debug_info    0x0000dbb4      0x9ff ./Drivers/STM32U5xx_HAL_Driver/Src/stm32u5xx_hal_i2c_ex.o
 .debug_info    0x0000e5b3     0x153b ./Drivers/STM32U5xx_HAL_Driver/Src/stm32u5xx_hal_pcd.o
 .debug_info    0x0000faee      0x8bd ./Drivers/STM32U5xx_HAL_Driver/Src/stm32u5xx_hal_pcd_ex.o
 .debug_info    0x000103ab      0xf0c ./Drivers/STM32U5xx_HAL_Driver/Src/stm32u5xx_hal_pwr_ex.o
 .debug_info    0x000112b7     0x12b0 ./Drivers/STM32U5xx_HAL_Driver/Src/stm32u5xx_hal_rcc.o
 .debug_info    0x00012567     0x1610 ./Drivers/STM32U5xx_HAL_Driver/Src/stm32u5xx_hal_rcc_ex.o
 .debug_info    0x00013b77     0x2e54 ./Drivers/STM32U5xx_HAL_Driver/Src/stm32u5xx_hal_tim.o
 .debug_info    0x000169cb     0x1efe ./Drivers/STM32U5xx_HAL_Driver/Src/stm32u5xx_hal_tim_ex.o
 .debug_info    0x000188c9     0x162f ./Drivers/STM32U5xx_HAL_Driver/Src/stm32u5xx_ll_usb.o

.debug_abbrev   0x00000000     0x3361
 .debug_abbrev  0x00000000      0x285 ./Core/ST_Drivers/Middlewares/ST/STM32_USB_Device_Library/Core/Src/usbd_core.o
 .debug_abbrev  0x00000285      0x26f ./Core/ST_Drivers/Middlewares/ST/STM32_USB_Device_Library/Core/Src/usbd_ctlreq.o
 .debug_abbrev  0x000004f4      0x19a ./Core/ST_Drivers/Middlewares/ST/STM32_USB_Device_Library/Core/Src/usbd_ioreq.o
 .debug_abbrev  0x0000068e      0x30f ./Core/ST_Drivers/USB_DEVICE/Target/usbd_conf.o
 .debug_abbrev  0x0000099d      0x32b ./Core/Src/main.o
 .debug_abbrev  0x00000cc8      0x2d2 ./Core/Src/stm32u5xx_hal_msp.o
 .debug_abbrev  0x00000f9a      0x1a4 ./Core/Src/stm32u5xx_it.o
 .debug_abbrev  0x0000113e      0x129 ./Core/Src/system_stm32u5xx.o
 .debug_abbrev  0x00001267       0x24 ./Core/Startup/startup_stm32u5a5vjtx.o
 .debug_abbrev  0x0000128b      0x2a4 ./Drivers/STM32U5xx_HAL_Driver/Src/stm32u5xx_hal.o
 .debug_abbrev  0x0000152f      0x311 ./Drivers/STM32U5xx_HAL_Driver/Src/stm32u5xx_hal_cortex.o
 .debug_abbrev  0x00001840      0x25a ./Drivers/STM32U5xx_HAL_Driver/Src/stm32u5xx_hal_gpio.o
 .debug_abbrev  0x00001a9a      0x271 ./Drivers/STM32U5xx_HAL_Driver/Src/stm32u5xx_hal_i2c.o
 .debug_abbrev  0x00001d0b      0x1c0 ./Drivers/STM32U5xx_HAL_Driver/Src/stm32u5xx_hal_i2c_ex.o
 .debug_abbrev  0x00001ecb      0x2bc ./Drivers/STM32U5xx_HAL_Driver/Src/stm32u5xx_hal_pcd.o
 .debug_abbrev  0x00002187      0x25a ./Drivers/STM32U5xx_HAL_Driver/Src/stm32u5xx_hal_pcd_ex.o
 .debug_abbrev  0x000023e1      0x243 ./Drivers/STM32U5xx_HAL_Driver/Src/stm32u5xx_hal_pwr_ex.o
 .debug_abbrev  0x00002624      0x2cb ./Drivers/STM32U5xx_HAL_Driver/Src/stm32u5xx_hal_rcc.o
 .debug_abbrev  0x000028ef      0x23d ./Drivers/STM32U5xx_HAL_Driver/Src/stm32u5xx_hal_rcc_ex.o
 .debug_abbrev  0x00002b2c      0x2bd ./Drivers/STM32U5xx_HAL_Driver/Src/stm32u5xx_hal_tim.o
 .debug_abbrev  0x00002de9      0x2c7 ./Drivers/STM32U5xx_HAL_Driver/Src/stm32u5xx_hal_tim_ex.o
 .debug_abbrev  0x000030b0      0x2b1 ./Drivers/STM32U5xx_HAL_Driver/Src/stm32u5xx_ll_usb.o

.debug_aranges  0x00000000     0x1808
 .debug_aranges
                0x00000000       0xd8 ./Core/ST_Drivers/Middlewares/ST/STM32_USB_Device_Library/Core/Src/usbd_core.o
 .debug_aranges
                0x000000d8       0x90 ./Core/ST_Drivers/Middlewares/ST/STM32_USB_Device_Library/Core/Src/usbd_ctlreq.o
 .debug_aranges
                0x00000168       0x50 ./Core/ST_Drivers/Middlewares/ST/STM32_USB_Device_Library/Core/Src/usbd_ioreq.o
 .debug_aranges
                0x000001b8      0x108 ./Core/ST_Drivers/USB_DEVICE/Target/usbd_conf.o
 .debug_aranges
                0x000002c0       0x50 ./Core/Src/main.o
 .debug_aranges
                0x00000310       0x58 ./Core/Src/stm32u5xx_hal_msp.o
 .debug_aranges
                0x00000368       0x68 ./Core/Src/stm32u5xx_it.o
 .debug_aranges
                0x000003d0       0x28 ./Core/Src/system_stm32u5xx.o
 .debug_aranges
                0x000003f8       0x28 ./Core/Startup/startup_stm32u5a5vjtx.o
 .debug_aranges
                0x00000420      0x1a8 ./Drivers/STM32U5xx_HAL_Driver/Src/stm32u5xx_hal.o
 .debug_aranges
                0x000005c8      0x140 ./Drivers/STM32U5xx_HAL_Driver/Src/stm32u5xx_hal_cortex.o
 .debug_aranges
                0x00000708       0x78 ./Drivers/STM32U5xx_HAL_Driver/Src/stm32u5xx_hal_gpio.o
 .debug_aranges
                0x00000780      0x2a0 ./Drivers/STM32U5xx_HAL_Driver/Src/stm32u5xx_hal_i2c.o
 .debug_aranges
                0x00000a20       0x58 ./Drivers/STM32U5xx_HAL_Driver/Src/stm32u5xx_hal_i2c_ex.o
 .debug_aranges
                0x00000a78      0x140 ./Drivers/STM32U5xx_HAL_Driver/Src/stm32u5xx_hal_pcd.o
 .debug_aranges
                0x00000bb8       0x60 ./Drivers/STM32U5xx_HAL_Driver/Src/stm32u5xx_hal_pcd_ex.o
 .debug_aranges
                0x00000c18      0x230 ./Drivers/STM32U5xx_HAL_Driver/Src/stm32u5xx_hal_pwr_ex.o
 .debug_aranges
                0x00000e48       0xa8 ./Drivers/STM32U5xx_HAL_Driver/Src/stm32u5xx_hal_rcc.o
 .debug_aranges
                0x00000ef0      0x160 ./Drivers/STM32U5xx_HAL_Driver/Src/stm32u5xx_hal_rcc_ex.o
 .debug_aranges
                0x00001050      0x3e8 ./Drivers/STM32U5xx_HAL_Driver/Src/stm32u5xx_hal_tim.o
 .debug_aranges
                0x00001438      0x250 ./Drivers/STM32U5xx_HAL_Driver/Src/stm32u5xx_hal_tim_ex.o
 .debug_aranges
                0x00001688      0x180 ./Drivers/STM32U5xx_HAL_Driver/Src/stm32u5xx_ll_usb.o

.debug_rnglists
                0x00000000     0x1295
 .debug_rnglists
                0x00000000       0xa1 ./Core/ST_Drivers/Middlewares/ST/STM32_USB_Device_Library/Core/Src/usbd_core.o
 .debug_rnglists
                0x000000a1       0x6e ./Core/ST_Drivers/Middlewares/ST/STM32_USB_Device_Library/Core/Src/usbd_ctlreq.o
 .debug_rnglists
                0x0000010f       0x37 ./Core/ST_Drivers/Middlewares/ST/STM32_USB_Device_Library/Core/Src/usbd_ioreq.o
 .debug_rnglists
                0x00000146       0xc3 ./Core/ST_Drivers/USB_DEVICE/Target/usbd_conf.o
 .debug_rnglists
                0x00000209       0x3b ./Core/Src/main.o
 .debug_rnglists
                0x00000244       0x3f ./Core/Src/stm32u5xx_hal_msp.o
 .debug_rnglists
                0x00000283       0x49 ./Core/Src/stm32u5xx_it.o
 .debug_rnglists
                0x000002cc       0x1a ./Core/Src/system_stm32u5xx.o
 .debug_rnglists
                0x000002e6       0x19 ./Core/Startup/startup_stm32u5a5vjtx.o
 .debug_rnglists
                0x000002ff      0x13b ./Drivers/STM32U5xx_HAL_Driver/Src/stm32u5xx_hal.o
 .debug_rnglists
                0x0000043a       0xec ./Drivers/STM32U5xx_HAL_Driver/Src/stm32u5xx_hal_cortex.o
 .debug_rnglists
                0x00000526       0x5a ./Drivers/STM32U5xx_HAL_Driver/Src/stm32u5xx_hal_gpio.o
 .debug_rnglists
                0x00000580      0x228 ./Drivers/STM32U5xx_HAL_Driver/Src/stm32u5xx_hal_i2c.o
 .debug_rnglists
                0x000007a8       0x43 ./Drivers/STM32U5xx_HAL_Driver/Src/stm32u5xx_hal_i2c_ex.o
 .debug_rnglists
                0x000007eb       0xf4 ./Drivers/STM32U5xx_HAL_Driver/Src/stm32u5xx_hal_pcd.o
 .debug_rnglists
                0x000008df       0x45 ./Drivers/STM32U5xx_HAL_Driver/Src/stm32u5xx_hal_pcd_ex.o
 .debug_rnglists
                0x00000924      0x1aa ./Drivers/STM32U5xx_HAL_Driver/Src/stm32u5xx_hal_pwr_ex.o
 .debug_rnglists
                0x00000ace       0x7f ./Drivers/STM32U5xx_HAL_Driver/Src/stm32u5xx_hal_rcc.o
 .debug_rnglists
                0x00000b4d      0x113 ./Drivers/STM32U5xx_HAL_Driver/Src/stm32u5xx_hal_rcc_ex.o
 .debug_rnglists
                0x00000c60      0x333 ./Drivers/STM32U5xx_HAL_Driver/Src/stm32u5xx_hal_tim.o
 .debug_rnglists
                0x00000f93      0x1d7 ./Drivers/STM32U5xx_HAL_Driver/Src/stm32u5xx_hal_tim_ex.o
 .debug_rnglists
                0x0000116a      0x12b ./Drivers/STM32U5xx_HAL_Driver/Src/stm32u5xx_ll_usb.o

.debug_macro    0x00000000     0x4040
 .debug_macro   0x00000000      0x383 ./Core/ST_Drivers/Middlewares/ST/STM32_USB_Device_Library/Core/Src/usbd_core.o
 .debug_macro   0x00000383      0x215 ./Core/ST_Drivers/Middlewares/ST/STM32_USB_Device_Library/Core/Src/usbd_core.o
 .debug_macro   0x00000598      0x38d ./Core/ST_Drivers/Middlewares/ST/STM32_USB_Device_Library/Core/Src/usbd_ctlreq.o
 .debug_macro   0x00000925      0x389 ./Core/ST_Drivers/Middlewares/ST/STM32_USB_Device_Library/Core/Src/usbd_ioreq.o
 .debug_macro   0x00000cae      0x394 ./Core/ST_Drivers/USB_DEVICE/Target/usbd_conf.o
 .debug_macro   0x00001042      0x2a5 ./Core/Src/main.o
 .debug_macro   0x000012e7      0x2a5 ./Core/Src/stm32u5xx_hal_msp.o
 .debug_macro   0x0000158c      0x2af ./Core/Src/stm32u5xx_it.o
 .debug_macro   0x0000183b      0x29d ./Core/Src/system_stm32u5xx.o
 .debug_macro   0x00001ad8      0x2ba ./Drivers/STM32U5xx_HAL_Driver/Src/stm32u5xx_hal.o
 .debug_macro   0x00001d92      0x296 ./Drivers/STM32U5xx_HAL_Driver/Src/stm32u5xx_hal_cortex.o
 .debug_macro   0x00002028      0x2cb ./Drivers/STM32U5xx_HAL_Driver/Src/stm32u5xx_hal_gpio.o
 .debug_macro   0x000022f3      0x362 ./Drivers/STM32U5xx_HAL_Driver/Src/stm32u5xx_hal_i2c.o
 .debug_macro   0x00002655      0x296 ./Drivers/STM32U5xx_HAL_Driver/Src/stm32u5xx_hal_i2c_ex.o
 .debug_macro   0x000028eb      0x2a2 ./Drivers/STM32U5xx_HAL_Driver/Src/stm32u5xx_hal_pcd.o
 .debug_macro   0x00002b8d      0x296 ./Drivers/STM32U5xx_HAL_Driver/Src/stm32u5xx_hal_pcd_ex.o
 .debug_macro   0x00002e23      0x2c8 ./Drivers/STM32U5xx_HAL_Driver/Src/stm32u5xx_hal_pwr_ex.o
 .debug_macro   0x000030eb      0x39c ./Drivers/STM32U5xx_HAL_Driver/Src/stm32u5xx_hal_rcc.o
 .debug_macro   0x00003487      0x3e9 ./Drivers/STM32U5xx_HAL_Driver/Src/stm32u5xx_hal_rcc_ex.o
 .debug_macro   0x00003870      0x29e ./Drivers/STM32U5xx_HAL_Driver/Src/stm32u5xx_hal_tim.o
 .debug_macro   0x00003b0e      0x29c ./Drivers/STM32U5xx_HAL_Driver/Src/stm32u5xx_hal_tim_ex.o
 .debug_macro   0x00003daa      0x296 ./Drivers/STM32U5xx_HAL_Driver/Src/stm32u5xx_ll_usb.o

.debug_line     0x00000000    0x1cda9
 .debug_line    0x00000000     0x1084 ./Core/ST_Drivers/Middlewares/ST/STM32_USB_Device_Library/Core/Src/usbd_core.o
 .debug_line    0x00001084     0x124c ./Core/ST_Drivers/Middlewares/ST/STM32_USB_Device_Library/Core/Src/usbd_ctlreq.o
 .debug_line    0x000022d0      0xb68 ./Core/ST_Drivers/Middlewares/ST/STM32_USB_Device_Library/Core/Src/usbd_ioreq.o
 .debug_line    0x00002e38      0xf7c ./Core/ST_Drivers/USB_DEVICE/Target/usbd_conf.o
 .debug_line    0x00003db4      0xab7 ./Core/Src/main.o
 .debug_line    0x0000486b      0x9f1 ./Core/Src/stm32u5xx_hal_msp.o
 .debug_line    0x0000525c      0x986 ./Core/Src/stm32u5xx_it.o
 .debug_line    0x00005be2      0x9c3 ./Core/Src/system_stm32u5xx.o
 .debug_line    0x000065a5       0x79 ./Core/Startup/startup_stm32u5a5vjtx.o
 .debug_line    0x0000661e      0xe8b ./Drivers/STM32U5xx_HAL_Driver/Src/stm32u5xx_hal.o
 .debug_line    0x000074a9      0xf12 ./Drivers/STM32U5xx_HAL_Driver/Src/stm32u5xx_hal_cortex.o
 .debug_line    0x000083bb      0xe71 ./Drivers/STM32U5xx_HAL_Driver/Src/stm32u5xx_hal_gpio.o
 .debug_line    0x0000922c     0x3bcd ./Drivers/STM32U5xx_HAL_Driver/Src/stm32u5xx_hal_i2c.o
 .debug_line    0x0000cdf9      0xb0f ./Drivers/STM32U5xx_HAL_Driver/Src/stm32u5xx_hal_i2c_ex.o
 .debug_line    0x0000d908     0x15a2 ./Drivers/STM32U5xx_HAL_Driver/Src/stm32u5xx_hal_pcd.o
 .debug_line    0x0000eeaa      0xaab ./Drivers/STM32U5xx_HAL_Driver/Src/stm32u5xx_hal_pcd_ex.o
 .debug_line    0x0000f955     0x135a ./Drivers/STM32U5xx_HAL_Driver/Src/stm32u5xx_hal_pwr_ex.o
 .debug_line    0x00010caf     0x174f ./Drivers/STM32U5xx_HAL_Driver/Src/stm32u5xx_hal_rcc.o
 .debug_line    0x000123fe     0x25a9 ./Drivers/STM32U5xx_HAL_Driver/Src/stm32u5xx_hal_rcc_ex.o
 .debug_line    0x000149a7     0x4716 ./Drivers/STM32U5xx_HAL_Driver/Src/stm32u5xx_hal_tim.o
 .debug_line    0x000190bd     0x22e3 ./Drivers/STM32U5xx_HAL_Driver/Src/stm32u5xx_hal_tim_ex.o
 .debug_line    0x0001b3a0     0x1a09 ./Drivers/STM32U5xx_HAL_Driver/Src/stm32u5xx_ll_usb.o

.debug_str      0x00000000   0x15d294
 .debug_str     0x00000000   0x15d294 ./Core/ST_Drivers/Middlewares/ST/STM32_USB_Device_Library/Core/Src/usbd_core.o
                             0x152b9c (size before relaxing)
 .debug_str     0x0015d294   0x1529c7 ./Core/ST_Drivers/Middlewares/ST/STM32_USB_Device_Library/Core/Src/usbd_ctlreq.o
 .debug_str     0x0015d294   0x15289c ./Core/ST_Drivers/Middlewares/ST/STM32_USB_Device_Library/Core/Src/usbd_ioreq.o
 .debug_str     0x0015d294   0x153527 ./Core/ST_Drivers/USB_DEVICE/Target/usbd_conf.o
 .debug_str     0x0015d294   0x1525ad ./Core/Src/main.o
 .debug_str     0x0015d294   0x152e50 ./Core/Src/stm32u5xx_hal_msp.o
 .debug_str     0x0015d294   0x151675 ./Core/Src/stm32u5xx_it.o
 .debug_str     0x0015d294   0x1513e2 ./Core/Src/system_stm32u5xx.o
 .debug_str     0x0015d294       0x95 ./Core/Startup/startup_stm32u5a5vjtx.o
 .debug_str     0x0015d294   0x1525b6 ./Drivers/STM32U5xx_HAL_Driver/Src/stm32u5xx_hal.o
 .debug_str     0x0015d294   0x1520aa ./Drivers/STM32U5xx_HAL_Driver/Src/stm32u5xx_hal_cortex.o
 .debug_str     0x0015d294   0x151407 ./Drivers/STM32U5xx_HAL_Driver/Src/stm32u5xx_hal_gpio.o
 .debug_str     0x0015d294   0x152630 ./Drivers/STM32U5xx_HAL_Driver/Src/stm32u5xx_hal_i2c.o
 .debug_str     0x0015d294   0x151818 ./Drivers/STM32U5xx_HAL_Driver/Src/stm32u5xx_hal_i2c_ex.o
 .debug_str     0x0015d294   0x151ccb ./Drivers/STM32U5xx_HAL_Driver/Src/stm32u5xx_hal_pcd.o
 .debug_str     0x0015d294   0x151669 ./Drivers/STM32U5xx_HAL_Driver/Src/stm32u5xx_hal_pcd_ex.o
 .debug_str     0x0015d294   0x151c26 ./Drivers/STM32U5xx_HAL_Driver/Src/stm32u5xx_hal_pwr_ex.o
 .debug_str     0x0015d294   0x152b7b ./Drivers/STM32U5xx_HAL_Driver/Src/stm32u5xx_hal_rcc.o
 .debug_str     0x0015d294   0x154268 ./Drivers/STM32U5xx_HAL_Driver/Src/stm32u5xx_hal_rcc_ex.o
 .debug_str     0x0015d294   0x152825 ./Drivers/STM32U5xx_HAL_Driver/Src/stm32u5xx_hal_tim.o
 .debug_str     0x0015d294   0x15247c ./Drivers/STM32U5xx_HAL_Driver/Src/stm32u5xx_hal_tim_ex.o
 .debug_str     0x0015d294   0x151968 ./Drivers/STM32U5xx_HAL_Driver/Src/stm32u5xx_ll_usb.o

.comment        0x00000000       0x43
 .comment       0x00000000       0x43 ./Core/ST_Drivers/Middlewares/ST/STM32_USB_Device_Library/Core/Src/usbd_core.o
                                 0x44 (size before relaxing)
 .comment       0x00000043       0x44 ./Core/ST_Drivers/Middlewares/ST/STM32_USB_Device_Library/Core/Src/usbd_ctlreq.o
 .comment       0x00000043       0x44 ./Core/ST_Drivers/Middlewares/ST/STM32_USB_Device_Library/Core/Src/usbd_ioreq.o
 .comment       0x00000043       0x44 ./Core/ST_Drivers/USB_DEVICE/Target/usbd_conf.o
 .comment       0x00000043       0x44 ./Core/Src/main.o
 .comment       0x00000043       0x44 ./Core/Src/stm32u5xx_hal_msp.o
 .comment       0x00000043       0x44 ./Core/Src/stm32u5xx_it.o
 .comment       0x00000043       0x44 ./Core/Src/system_stm32u5xx.o
 .comment       0x00000043       0x44 ./Drivers/STM32U5xx_HAL_Driver/Src/stm32u5xx_hal.o
 .comment       0x00000043       0x44 ./Drivers/STM32U5xx_HAL_Driver/Src/stm32u5xx_hal_cortex.o
 .comment       0x00000043       0x44 ./Drivers/STM32U5xx_HAL_Driver/Src/stm32u5xx_hal_gpio.o
 .comment       0x00000043       0x44 ./Drivers/STM32U5xx_HAL_Driver/Src/stm32u5xx_hal_i2c.o
 .comment       0x00000043       0x44 ./Drivers/STM32U5xx_HAL_Driver/Src/stm32u5xx_hal_i2c_ex.o
 .comment       0x00000043       0x44 ./Drivers/STM32U5xx_HAL_Driver/Src/stm32u5xx_hal_pcd.o
 .comment       0x00000043       0x44 ./Drivers/STM32U5xx_HAL_Driver/Src/stm32u5xx_hal_pcd_ex.o
 .comment       0x00000043       0x44 ./Drivers/STM32U5xx_HAL_Driver/Src/stm32u5xx_hal_pwr_ex.o
 .comment       0x00000043       0x44 ./Drivers/STM32U5xx_HAL_Driver/Src/stm32u5xx_hal_rcc.o
 .comment       0x00000043       0x44 ./Drivers/STM32U5xx_HAL_Driver/Src/stm32u5xx_hal_rcc_ex.o
 .comment       0x00000043       0x44 ./Drivers/STM32U5xx_HAL_Driver/Src/stm32u5xx_hal_tim.o
 .comment       0x00000043       0x44 ./Drivers/STM32U5xx_HAL_Driver/Src/stm32u5xx_hal_tim_ex.o
 .comment       0x00000043       0x44 ./Drivers/STM32U5xx_HAL_Driver/Src/stm32u5xx_ll_usb.o

.debug_frame    0x00000000     0x6784
 .debug_frame   0x00000000      0x390 ./Core/ST_Drivers/Middlewares/ST/STM32_USB_Device_Library/Core/Src/usbd_core.o
 .debug_frame   0x00000390      0x23c ./Core/ST_Drivers/Middlewares/ST/STM32_USB_Device_Library/Core/Src/usbd_ctlreq.o
 .debug_frame   0x000005cc      0x10c ./Core/ST_Drivers/Middlewares/ST/STM32_USB_Device_Library/Core/Src/usbd_ioreq.o
 .debug_frame   0x000006d8      0x458 ./Core/ST_Drivers/USB_DEVICE/Target/usbd_conf.o
 .debug_frame   0x00000b30       0xec ./Core/Src/main.o
 .debug_frame   0x00000c1c      0x140 ./Core/Src/stm32u5xx_hal_msp.o
 .debug_frame   0x00000d5c      0x120 ./Core/Src/stm32u5xx_it.o
 .debug_frame   0x00000e7c       0x58 ./Core/Src/system_stm32u5xx.o
 .debug_frame   0x00000ed4      0x6b8 ./Drivers/STM32U5xx_HAL_Driver/Src/stm32u5xx_hal.o
 .debug_frame   0x0000158c      0x560 ./Drivers/STM32U5xx_HAL_Driver/Src/stm32u5xx_hal_cortex.o
 .debug_frame   0x00001aec      0x1ec ./Drivers/STM32U5xx_HAL_Driver/Src/stm32u5xx_hal_gpio.o
 .debug_frame   0x00001cd8      0xc44 ./Drivers/STM32U5xx_HAL_Driver/Src/stm32u5xx_hal_i2c.o
 .debug_frame   0x0000291c      0x150 ./Drivers/STM32U5xx_HAL_Driver/Src/stm32u5xx_hal_i2c_ex.o
 .debug_frame   0x00002a6c      0x590 ./Drivers/STM32U5xx_HAL_Driver/Src/stm32u5xx_hal_pcd.o
 .debug_frame   0x00002ffc      0x174 ./Drivers/STM32U5xx_HAL_Driver/Src/stm32u5xx_hal_pcd_ex.o
 .debug_frame   0x00003170      0x910 ./Drivers/STM32U5xx_HAL_Driver/Src/stm32u5xx_hal_pwr_ex.o
 .debug_frame   0x00003a80      0x288 ./Drivers/STM32U5xx_HAL_Driver/Src/stm32u5xx_hal_rcc.o
 .debug_frame   0x00003d08      0x5f4 ./Drivers/STM32U5xx_HAL_Driver/Src/stm32u5xx_hal_rcc_ex.o
 .debug_frame   0x000042fc     0x125c ./Drivers/STM32U5xx_HAL_Driver/Src/stm32u5xx_hal_tim.o
 .debug_frame   0x00005558      0xac0 ./Drivers/STM32U5xx_HAL_Driver/Src/stm32u5xx_hal_tim_ex.o
 .debug_frame   0x00006018      0x720 ./Drivers/STM32U5xx_HAL_Driver/Src/stm32u5xx_ll_usb.o
 .debug_frame   0x00006738       0x20 C:/ST/STM32CubeIDE_1.14.1/STM32CubeIDE/plugins/com.st.stm32cube.ide.mcu.externaltools.gnu-tools-for-stm32.13.3.rel1.win32_1.0.0.202411081344/tools/bin/../lib/gcc/arm-none-eabi/13.3.1/../../../../arm-none-eabi/lib/thumb/v8-m.main+fp/hard\libc_nano.a(libc_a-memset.o)
 .debug_frame   0x00006758       0x2c C:/ST/STM32CubeIDE_1.14.1/STM32CubeIDE/plugins/com.st.stm32cube.ide.mcu.externaltools.gnu-tools-for-stm32.13.3.rel1.win32_1.0.0.202411081344/tools/bin/../lib/gcc/arm-none-eabi/13.3.1/../../../../arm-none-eabi/lib/thumb/v8-m.main+fp/hard\libc_nano.a(libc_a-init.o)

.debug_line_str
                0x00000000       0x79
 .debug_line_str
                0x00000000       0x79 ./Core/Startup/startup_stm32u5a5vjtx.o
