Archive member included to satisfy reference by file (symbol)

C:/ST/STM32CubeIDE_1.14.1/STM32CubeIDE/plugins/com.st.stm32cube.ide.mcu.externaltools.gnu-tools-for-stm32.13.3.rel1.win32_1.0.0.202411081344/tools/bin/../lib/gcc/arm-none-eabi/13.3.1/../../../../arm-none-eabi/lib/thumb/v8-m.main+fp/hard\libc_nano.a(libc_a-exit.o)
                              C:/ST/STM32CubeIDE_1.14.1/STM32CubeIDE/plugins/com.st.stm32cube.ide.mcu.externaltools.gnu-tools-for-stm32.13.3.rel1.win32_1.0.0.202411081344/tools/bin/../lib/gcc/arm-none-eabi/13.3.1/../../../../arm-none-eabi/lib/thumb/v8-m.main+fp/hard/crt0.o (exit)
C:/ST/STM32CubeIDE_1.14.1/STM32CubeIDE/plugins/com.st.stm32cube.ide.mcu.externaltools.gnu-tools-for-stm32.13.3.rel1.win32_1.0.0.202411081344/tools/bin/../lib/gcc/arm-none-eabi/13.3.1/../../../../arm-none-eabi/lib/thumb/v8-m.main+fp/hard\libc_nano.a(libc_a-findfp.o)
                              C:/ST/STM32CubeIDE_1.14.1/STM32CubeIDE/plugins/com.st.stm32cube.ide.mcu.externaltools.gnu-tools-for-stm32.13.3.rel1.win32_1.0.0.202411081344/tools/bin/../lib/gcc/arm-none-eabi/13.3.1/../../../../arm-none-eabi/lib/thumb/v8-m.main+fp/hard\libc_nano.a(libc_a-exit.o) (__stdio_exit_handler)
C:/ST/STM32CubeIDE_1.14.1/STM32CubeIDE/plugins/com.st.stm32cube.ide.mcu.externaltools.gnu-tools-for-stm32.13.3.rel1.win32_1.0.0.202411081344/tools/bin/../lib/gcc/arm-none-eabi/13.3.1/../../../../arm-none-eabi/lib/thumb/v8-m.main+fp/hard\libc_nano.a(libc_a-fwalk.o)
                              C:/ST/STM32CubeIDE_1.14.1/STM32CubeIDE/plugins/com.st.stm32cube.ide.mcu.externaltools.gnu-tools-for-stm32.13.3.rel1.win32_1.0.0.202411081344/tools/bin/../lib/gcc/arm-none-eabi/13.3.1/../../../../arm-none-eabi/lib/thumb/v8-m.main+fp/hard\libc_nano.a(libc_a-findfp.o) (_fwalk_sglue)
C:/ST/STM32CubeIDE_1.14.1/STM32CubeIDE/plugins/com.st.stm32cube.ide.mcu.externaltools.gnu-tools-for-stm32.13.3.rel1.win32_1.0.0.202411081344/tools/bin/../lib/gcc/arm-none-eabi/13.3.1/../../../../arm-none-eabi/lib/thumb/v8-m.main+fp/hard\libc_nano.a(libc_a-stdio.o)
                              C:/ST/STM32CubeIDE_1.14.1/STM32CubeIDE/plugins/com.st.stm32cube.ide.mcu.externaltools.gnu-tools-for-stm32.13.3.rel1.win32_1.0.0.202411081344/tools/bin/../lib/gcc/arm-none-eabi/13.3.1/../../../../arm-none-eabi/lib/thumb/v8-m.main+fp/hard\libc_nano.a(libc_a-findfp.o) (__sread)
C:/ST/STM32CubeIDE_1.14.1/STM32CubeIDE/plugins/com.st.stm32cube.ide.mcu.externaltools.gnu-tools-for-stm32.13.3.rel1.win32_1.0.0.202411081344/tools/bin/../lib/gcc/arm-none-eabi/13.3.1/../../../../arm-none-eabi/lib/thumb/v8-m.main+fp/hard\libc_nano.a(libc_a-memset.o)
                              C:/ST/STM32CubeIDE_1.14.1/STM32CubeIDE/plugins/com.st.stm32cube.ide.mcu.externaltools.gnu-tools-for-stm32.13.3.rel1.win32_1.0.0.202411081344/tools/bin/../lib/gcc/arm-none-eabi/13.3.1/../../../../arm-none-eabi/lib/thumb/v8-m.main+fp/hard/crt0.o (memset)
C:/ST/STM32CubeIDE_1.14.1/STM32CubeIDE/plugins/com.st.stm32cube.ide.mcu.externaltools.gnu-tools-for-stm32.13.3.rel1.win32_1.0.0.202411081344/tools/bin/../lib/gcc/arm-none-eabi/13.3.1/../../../../arm-none-eabi/lib/thumb/v8-m.main+fp/hard\libc_nano.a(libc_a-closer.o)
                              C:/ST/STM32CubeIDE_1.14.1/STM32CubeIDE/plugins/com.st.stm32cube.ide.mcu.externaltools.gnu-tools-for-stm32.13.3.rel1.win32_1.0.0.202411081344/tools/bin/../lib/gcc/arm-none-eabi/13.3.1/../../../../arm-none-eabi/lib/thumb/v8-m.main+fp/hard\libc_nano.a(libc_a-stdio.o) (_close_r)
C:/ST/STM32CubeIDE_1.14.1/STM32CubeIDE/plugins/com.st.stm32cube.ide.mcu.externaltools.gnu-tools-for-stm32.13.3.rel1.win32_1.0.0.202411081344/tools/bin/../lib/gcc/arm-none-eabi/13.3.1/../../../../arm-none-eabi/lib/thumb/v8-m.main+fp/hard\libc_nano.a(libc_a-reent.o)
                              C:/ST/STM32CubeIDE_1.14.1/STM32CubeIDE/plugins/com.st.stm32cube.ide.mcu.externaltools.gnu-tools-for-stm32.13.3.rel1.win32_1.0.0.202411081344/tools/bin/../lib/gcc/arm-none-eabi/13.3.1/../../../../arm-none-eabi/lib/thumb/v8-m.main+fp/hard\libc_nano.a(libc_a-closer.o) (errno)
C:/ST/STM32CubeIDE_1.14.1/STM32CubeIDE/plugins/com.st.stm32cube.ide.mcu.externaltools.gnu-tools-for-stm32.13.3.rel1.win32_1.0.0.202411081344/tools/bin/../lib/gcc/arm-none-eabi/13.3.1/../../../../arm-none-eabi/lib/thumb/v8-m.main+fp/hard\libc_nano.a(libc_a-impure.o)
                              C:/ST/STM32CubeIDE_1.14.1/STM32CubeIDE/plugins/com.st.stm32cube.ide.mcu.externaltools.gnu-tools-for-stm32.13.3.rel1.win32_1.0.0.202411081344/tools/bin/../lib/gcc/arm-none-eabi/13.3.1/../../../../arm-none-eabi/lib/thumb/v8-m.main+fp/hard\libc_nano.a(libc_a-reent.o) (_impure_ptr)
C:/ST/STM32CubeIDE_1.14.1/STM32CubeIDE/plugins/com.st.stm32cube.ide.mcu.externaltools.gnu-tools-for-stm32.13.3.rel1.win32_1.0.0.202411081344/tools/bin/../lib/gcc/arm-none-eabi/13.3.1/../../../../arm-none-eabi/lib/thumb/v8-m.main+fp/hard\libc_nano.a(libc_a-lseekr.o)
[...]
Memory Configuration

Name             Origin             Length             Attributes
RAM              0x20000000         0x00270000         xrw
SRAM4            0x28000000         0x00004000         xrw
FLASH            0x08000000         0x00040000         xr
*default*        0x00000000         0xffffffff

Linker script and memory map

LOAD C:/ST/STM32CubeIDE_1.14.1/STM32CubeIDE/plugins/com.st.stm32cube.ide.mcu.externaltools.gnu-tools-for-stm32.13.3.rel1.win32_1.0.0.202411081344/tools/bin/../lib/gcc/arm-none-eabi/13.3.1/thumb/v8-m.main+fp/hard/crti.o
LOAD C:/ST/STM32CubeIDE_1.14.1/STM32CubeIDE/plugins/com.st.stm32cube.ide.mcu.externaltools.gnu-tools-for-stm32.13.3.rel1.win32_1.0.0.202411081344/tools/bin/../lib/gcc/arm-none-eabi/13.3.1/thumb/v8-m.main+fp/hard/crtbegin.o
LOAD C:/ST/STM32CubeIDE_1.14.1/STM32CubeIDE/plugins/com.st.stm32cube.ide.mcu.externaltools.gnu-tools-for-stm32.13.3.rel1.win32_1.0.0.202411081344/tools/bin/../lib/gcc/arm-none-eabi/13.3.1/../../../../arm-none-eabi/lib/thumb/v8-m.main+fp/hard/crt0.o
LOAD ./Core/Bootloader_Drivers/AT24C32_Driver/Src/at24c32_driver.o
LOAD ./Core/Bootloader_Drivers/Boot_Driver/Src/bootloader_driver.o
LOAD ./Core/Bootloader_Drivers/Boot_Driver/Src/bootloader_eeprom.o
LOAD ./Core/Bootloader_Drivers/Boot_Driver/Src/bootloader_sram.o
LOAD ./Core/ST_Drivers/Middlewares/ST/STM32_USB_Device_Library/Class/CDC/Src/usbd_cdc.o
LOAD ./Core/ST_Drivers/Middlewares/ST/STM32_USB_Device_Library/Core/Src/usbd_core.o
LOAD ./Core/ST_Drivers/Middlewares/ST/STM32_USB_Device_Library/Core/Src/usbd_ctlreq.o
LOAD ./Core/ST_Drivers/Middlewares/ST/STM32_USB_Device_Library/Core/Src/usbd_ioreq.o
LOAD ./Core/ST_Drivers/USB_DEVICE/App/usb_device.o
LOAD ./Core/ST_Drivers/USB_DEVICE/App/usbd_cdc_if.o
LOAD ./Core/ST_Drivers/USB_DEVICE/App/usbd_desc.o
LOAD ./Core/ST_Drivers/USB_DEVICE/Target/usbd_conf.o
LOAD ./Core/Src/main.o
LOAD ./Core/Src/stm32u5xx_hal_msp.o
LOAD ./Core/Src/stm32u5xx_it.o
LOAD ./Core/Src/syscalls.o
LOAD ./Core/Src/sysmem.o
LOAD ./Core/Src/system_stm32u5xx.o
LOAD ./Core/Startup/startup_stm32u5a5vjtx.o
LOAD ./Drivers/STM32U5xx_HAL_Driver/Src/stm32u5xx_hal.o
LOAD ./Drivers/STM32U5xx_HAL_Driver/Src/stm32u5xx_hal_cortex.o
LOAD ./Drivers/STM32U5xx_HAL_Driver/Src/stm32u5xx_hal_dma.o
LOAD ./Drivers/STM32U5xx_HAL_Driver/Src/stm32u5xx_hal_dma_ex.o
LOAD ./Drivers/STM32U5xx_HAL_Driver/Src/stm32u5xx_hal_exti.o
LOAD ./Drivers/STM32U5xx_HAL_Driver/Src/stm32u5xx_hal_flash.o
LOAD ./Drivers/STM32U5xx_HAL_Driver/Src/stm32u5xx_hal_flash_ex.o
LOAD ./Drivers/STM32U5xx_HAL_Driver/Src/stm32u5xx_hal_gpio.o
LOAD ./Drivers/STM32U5xx_HAL_Driver/Src/stm32u5xx_hal_gtzc.o
LOAD ./Drivers/STM32U5xx_HAL_Driver/Src/stm32u5xx_hal_i2c.o
LOAD ./Drivers/STM32U5xx_HAL_Driver/Src/stm32u5xx_hal_i2c_ex.o
LOAD ./Drivers/STM32U5xx_HAL_Driver/Src/stm32u5xx_hal_icache.o
LOAD ./Drivers/STM32U5xx_HAL_Driver/Src/stm32u5xx_hal_pcd.o
LOAD ./Drivers/STM32U5xx_HAL_Driver/Src/stm32u5xx_hal_pcd_ex.o
LOAD ./Drivers/STM32U5xx_HAL_Driver/Src/stm32u5xx_hal_pwr.o
LOAD ./Drivers/STM32U5xx_HAL_Driver/Src/stm32u5xx_hal_pwr_ex.o
LOAD ./Drivers/STM32U5xx_HAL_Driver/Src/stm32u5xx_hal_rcc.o
LOAD ./Drivers/STM32U5xx_HAL_Driver/Src/stm32u5xx_hal_rcc_ex.o
LOAD ./Drivers/STM32U5xx_HAL_Driver/Src/stm32u5xx_hal_tim.o
LOAD ./Drivers/STM32U5xx_HAL_Driver/Src/stm32u5xx_hal_tim_ex.o
LOAD ./Drivers/STM32U5xx_HAL_Driver/Src/stm32u5xx_ll_usb.o
START GROUP
LOAD C:/ST/STM32CubeIDE_1.14.1/STM32CubeIDE/plugins/com.st.stm32cube.ide.mcu.externaltools.gnu-tools-for-stm32.13.3.rel1.win32_1.0.0.202411081344/tools/bin/../lib/gcc/arm-none-eabi/13.3.1/../../../../arm-none-eabi/lib/thumb/v8-m.main+fp/hard\libc_nano.a
LOAD C:/ST/STM32CubeIDE_1.14.1/STM32CubeIDE/plugins/com.st.stm32cube.ide.mcu.externaltools.gnu-tools-for-stm32.13.3.rel1.win32_1.0.0.202411081344/tools/bin/../lib/gcc/arm-none-eabi/13.3.1/../../../../arm-none-eabi/lib/thumb/v8-m.main+fp/hard\libm.a
END GROUP
START GROUP
LOAD C:/ST/STM32CubeIDE_1.14.1/STM32CubeIDE/plugins/com.st.stm32cube.ide.mcu.externaltools.gnu-tools-for-stm32.13.3.rel1.win32_1.0.0.202411081344/tools/bin/../lib/gcc/arm-none-eabi/13.3.1/thumb/v8-m.main+fp/hard\libgcc.a
LOAD C:/ST/STM32CubeIDE_1.14.1/STM32CubeIDE/plugins/com.st.stm32cube.ide.mcu.externaltools.gnu-tools-for-stm32.13.3.rel1.win32_1.0.0.202411081344/tools/bin/../lib/gcc/arm-none-eabi/13.3.1/../../../../arm-none-eabi/lib/thumb/v8-m.main+fp/hard\libc_nano.a
END GROUP
START GROUP
LOAD C:/ST/STM32CubeIDE_1.14.1/STM32CubeIDE/plugins/com.st.stm32cube.ide.mcu.externaltools.gnu-tools-for-stm32.13.3.rel1.win32_1.0.0.202411081344/tools/bin/../lib/gcc/arm-none-eabi/13.3.1/thumb/v8-m.main+fp/hard\libgcc.a
LOAD C:/ST/STM32CubeIDE_1.14.1/STM32CubeIDE/plugins/com.st.stm32cube.ide.mcu.externaltools.gnu-tools-for-stm32.13.3.rel1.win32_1.0.0.202411081344/tools/bin/../lib/gcc/arm-none-eabi/13.3.1/../../../../arm-none-eabi/lib/thumb/v8-m.main+fp/hard\libc_nano.a
LOAD C:/ST/STM32CubeIDE_1.14.1/STM32CubeIDE/plugins/com.st.stm32cube.ide.mcu.externaltools.gnu-tools-for-stm32.13.3.rel1.win32_1.0.0.202411081344/tools/bin/../lib/gcc/arm-none-eabi/13.3.1/../../../../arm-none-eabi/lib/thumb/v8-m.main+fp/hard\libnosys.a
END GROUP
START GROUP
LOAD C:/ST/STM32CubeIDE_1.14.1/STM32CubeIDE/plugins/com.st.stm32cube.ide.mcu.externaltools.gnu-tools-for-stm32.13.3.rel1.win32_1.0.0.202411081344/tools/bin/../lib/gcc/arm-none-eabi/13.3.1/thumb/v8-m.main+fp/hard\libgcc.a
LOAD C:/ST/STM32CubeIDE_1.14.1/STM32CubeIDE/plugins/com.st.stm32cube.ide.mcu.externaltools.gnu-tools-for-stm32.13.3.rel1.win32_1.0.0.202411081344/tools/bin/../lib/gcc/arm-none-eabi/13.3.1/../../../../arm-none-eabi/lib/thumb/v8-m.main+fp/hard\libc_nano.a
LOAD C:/ST/STM32CubeIDE_1.14.1/STM32CubeIDE/plugins/com.st.stm32cube.ide.mcu.externaltools.gnu-tools-for-stm32.13.3.rel1.win32_1.0.0.202411081344/tools/bin/../lib/gcc/arm-none-eabi/13.3.1/../../../../arm-none-eabi/lib/thumb/v8-m.main+fp/hard\libnosys.a
END GROUP
LOAD C:/ST/STM32CubeIDE_1.14.1/STM32CubeIDE/plugins/com.st.stm32cube.ide.mcu.externaltools.gnu-tools-for-stm32.13.3.rel1.win32_1.0.0.202411081344/tools/bin/../lib/gcc/arm-none-eabi/13.3.1/thumb/v8-m.main+fp/hard/crtend.o
LOAD C:/ST/STM32CubeIDE_1.14.1/STM32CubeIDE/plugins/com.st.stm32cube.ide.mcu.externaltools.gnu-tools-for-stm32.13.3.rel1.win32_1.0.0.202411081344/tools/bin/../lib/gcc/arm-none-eabi/13.3.1/thumb/v8-m.main+fp/hard/crtn.o
                0x20270000                        _estack = (ORIGIN (RAM) + LENGTH (RAM))
                0x00000200                        _Min_Heap_Size = 0x200
                0x00000400                        _Min_Stack_Size = 0x400

.isr_vector     0x08000000      0x250
 *(.isr_vector)
 .isr_vector    0x08000000      0x250 ./Core/Startup/startup_stm32u5a5vjtx.o
                0x08000000                g_pfnVectors

.text           0x08000250     0x8f00
 *(.text)
 .text          0x08000250       0x40 C:/ST/STM32CubeIDE_1.14.1/STM32CubeIDE/plugins/com.st.stm32cube.ide.mcu.externaltools.gnu-tools-for-stm32.13.3.rel1.win32_1.0.0.202411081344/tools/bin/../lib/gcc/arm-none-eabi/13.3.1/thumb/v8-m.main+fp/hard/crtbegin.o
 *(.text*)
 .text.AT24C32_Initialization
                0x08000290       0x54 ./Core/Bootloader_Drivers/AT24C32_Driver/Src/at24c32_driver.o
                0x08000290                AT24C32_Initialization
 .text.AT24C32_ReadData
                0x080002e4       0x9c ./Core/Bootloader_Drivers/AT24C32_Driver/Src/at24c32_driver.o
                0x080002e4                AT24C32_ReadData
 .text.AT24C32_ReadU32
                0x08000380       0x76 ./Core/Bootloader_Drivers/AT24C32_Driver/Src/at24c32_driver.o
                0x08000380                AT24C32_ReadU32
 *fill*         0x080003f6        0x2 
 .text.AT24C32_IsDeviceReady
                0x080003f8       0x38 ./Core/Bootloader_Drivers/AT24C32_Driver/Src/at24c32_driver.o
                0x080003f8                AT24C32_IsDeviceReady
 .text.Bootloader_Init
                0x08000430       0x84 ./Core/Bootloader_Drivers/Boot_Driver/Src/bootloader_driver.o
                0x08000430                Bootloader_Init
 .text.Bootloader_Task
                0x080004b4       0xe8 ./Core/Bootloader_Drivers/Boot_Driver/Src/bootloader_driver.o
                0x080004b4                Bootloader_Task
 .text.Bootloader_JumpToApplication
                0x0800059c       0x46 ./Core/Bootloader_Drivers/Boot_Driver/Src/bootloader_driver.o
                0x0800059c                Bootloader_JumpToApplication
 *fill*         0x080005e2        0x2 
 .text.BL_IsVectorTableSane
                0x080005e4       0x64 ./Core/Bootloader_Drivers/Boot_Driver/Src/bootloader_driver.o
 .text.BL_Jump  0x08000648       0xa0 ./Core/Bootloader_Drivers/Boot_Driver/Src/bootloader_driver.o
 .text.BL_CheckUpdateRequest
                0x080006e8       0xb8 ./Core/Bootloader_Drivers/Boot_Driver/Src/bootloader_driver.o
 .text.BL_EEPROM_Read
                0x080007a0       0x48 ./Core/Bootloader_Drivers/Boot_Driver/Src/bootloader_eeprom.o
                0x080007a0                BL_EEPROM_Read
 .text.BL_Backup_Read
                0x080007e8       0x44 ./Core/Bootloader_Drivers/Boot_Driver/Src/bootloader_sram.o
                0x080007e8                BL_Backup_Read
 .text.BL_Backup_Write
                0x0800082c       0x30 ./Core/Bootloader_Drivers/Boot_Driver/Src/bootloader_sram.o
                0x0800082c                BL_Backup_Write
 .text.USBD_RunTestMode
                0x0800085c       0x16 ./Core/ST_Drivers/Middlewares/ST/STM32_USB_Device_Library/Core/Src/usbd_core.o
                0x0800085c                USBD_RunTestMode
 .text.USBD_SetClassConfig
                0x08000872       0x38 ./Core/ST_Drivers/Middlewares/ST/STM32_USB_Device_Library/Core/Src/usbd_core.o
                0x08000872                USBD_SetClassConfig
 .text.USBD_ClrClassConfig
                0x080008aa       0x34 ./Core/ST_Drivers/Middlewares/ST/STM32_USB_Device_Library/Core/Src/usbd_core.o
                0x080008aa                USBD_ClrClassConfig
 .text.USBD_LL_SetupStage
                0x080008de       0xaa ./Core/ST_Drivers/Middlewares/ST/STM32_USB_Device_Library/Core/Src/usbd_core.o
                0x080008de                USBD_LL_SetupStage
 .text.USBD_LL_DataOutStage
                0x08000988      0x166 ./Core/ST_Drivers/Middlewares/ST/STM32_USB_Device_Library/Core/Src/usbd_core.o
                0x08000988                USBD_LL_DataOutStage
 .text.USBD_LL_DataInStage
                0x08000aee      0x164 ./Core/ST_Drivers/Middlewares/ST/STM32_USB_Device_Library/Core/Src/usbd_core.o
                0x08000aee                USBD_LL_DataInStage
 .text.USBD_LL_Reset
                0x08000c52       0xa4 ./Core/ST_Drivers/Middlewares/ST/STM32_USB_Device_Library/Core/Src/usbd_core.o
                0x08000c52                USBD_LL_Reset
 .text.USBD_LL_SetSpeed
                0x08000cf6       0x20 ./Core/ST_Drivers/Middlewares/ST/STM32_USB_Device_Library/Core/Src/usbd_core.o
                0x08000cf6                USBD_LL_SetSpeed
 .text.USBD_LL_Suspend
                0x08000d16       0x38 ./Core/ST_Drivers/Middlewares/ST/STM32_USB_Device_Library/Core/Src/usbd_core.o
                0x08000d16                USBD_LL_Suspend
 .text.USBD_LL_Resume
                0x08000d4e       0x30 ./Core/ST_Drivers/Middlewares/ST/STM32_USB_Device_Library/Core/Src/usbd_core.o
                0x08000d4e                USBD_LL_Resume
 .text.USBD_LL_SOF
                0x08000d7e       0x40 ./Core/ST_Drivers/Middlewares/ST/STM32_USB_Device_Library/Core/Src/usbd_core.o
                0x08000d7e                USBD_LL_SOF
 .text.USBD_LL_IsoINIncomplete
                0x08000dbe       0x64 ./Core/ST_Drivers/Middlewares/ST/STM32_USB_Device_Library/Core/Src/usbd_core.o
                0x08000dbe                USBD_LL_IsoINIncomplete
 .text.USBD_LL_IsoOUTIncomplete
                0x08000e22       0x64 ./Core/ST_Drivers/Middlewares/ST/STM32_USB_Device_Library/Core/Src/usbd_core.o
                0x08000e22                USBD_LL_IsoOUTIncomplete
 .text.USBD_LL_DevConnected
                0x08000e86       0x16 ./Core/ST_Drivers/Middlewares/ST/STM32_USB_Device_Library/Core/Src/usbd_core.o
                0x08000e86                USBD_LL_DevConnected
 .text.USBD_LL_DevDisconnected
                0x08000e9c       0x46 ./Core/ST_Drivers/Middlewares/ST/STM32_USB_Device_Library/Core/Src/usbd_core.o
                0x08000e9c                USBD_LL_DevDisconnected
 .text.USBD_CoreFindIF
                0x08000ee2       0x1a ./Core/ST_Drivers/Middlewares/ST/STM32_USB_Device_Library/Core/Src/usbd_core.o
                0x08000ee2                USBD_CoreFindIF
 .text.USBD_CoreFindEP
                0x08000efc       0x1a ./Core/ST_Drivers/Middlewares/ST/STM32_USB_Device_Library/Core/Src/usbd_core.o
                0x08000efc                USBD_CoreFindEP
 .text.SWAPBYTE
                0x08000f16       0x3e ./Core/ST_Drivers/Middlewares/ST/STM32_USB_Device_Library/Core/Src/usbd_ctlreq.o
 .text.USBD_StdDevReq
                0x08000f54       0xe4 ./Core/ST_Drivers/Middlewares/ST/STM32_USB_Device_Library/Core/Src/usbd_ctlreq.o
                0x08000f54                USBD_StdDevReq
 .text.USBD_StdItfReq
                0x08001038       0xd8 ./Core/ST_Drivers/Middlewares/ST/STM32_USB_Device_Library/Core/Src/usbd_ctlreq.o
                0x08001038                USBD_StdItfReq
 .text.USBD_StdEPReq
                0x08001110      0x33a ./Core/ST_Drivers/Middlewares/ST/STM32_USB_Device_Library/Core/Src/usbd_ctlreq.o
                0x08001110                USBD_StdEPReq
 *fill*         0x0800144a        0x2 
 .text.USBD_GetDescriptor
                0x0800144c      0x328 ./Core/ST_Drivers/Middlewares/ST/STM32_USB_Device_Library/Core/Src/usbd_ctlreq.o
 .text.USBD_SetAddress
                0x08001774       0x88 ./Core/ST_Drivers/Middlewares/ST/STM32_USB_Device_Library/Core/Src/usbd_ctlreq.o
 .text.USBD_SetConfig
                0x080017fc      0x154 ./Core/ST_Drivers/Middlewares/ST/STM32_USB_Device_Library/Core/Src/usbd_ctlreq.o
 .text.USBD_GetConfig
                0x08001950       0x6c ./Core/ST_Drivers/Middlewares/ST/STM32_USB_Device_Library/Core/Src/usbd_ctlreq.o
 .text.USBD_GetStatus
                0x080019bc       0x68 ./Core/ST_Drivers/Middlewares/ST/STM32_USB_Device_Library/Core/Src/usbd_ctlreq.o
 .text.USBD_SetFeature
                0x08001a24       0x52 ./Core/ST_Drivers/Middlewares/ST/STM32_USB_Device_Library/Core/Src/usbd_ctlreq.o
 .text.USBD_ClrFeature
                0x08001a76       0x44 ./Core/ST_Drivers/Middlewares/ST/STM32_USB_Device_Library/Core/Src/usbd_ctlreq.o
 .text.USBD_ParseSetupRequest
                0x08001aba       0x74 ./Core/ST_Drivers/Middlewares/ST/STM32_USB_Device_Library/Core/Src/usbd_ctlreq.o
                0x08001aba                USBD_ParseSetupRequest
 .text.USBD_CtlError
                0x08001b2e       0x22 ./Core/ST_Drivers/Middlewares/ST/STM32_USB_Device_Library/Core/Src/usbd_ctlreq.o
                0x08001b2e                USBD_CtlError
 .text.USBD_CtlSendData
                0x08001b50       0x36 ./Core/ST_Drivers/Middlewares/ST/STM32_USB_Device_Library/Core/Src/usbd_ioreq.o
                0x08001b50                USBD_CtlSendData
 .text.USBD_CtlContinueSendData
                0x08001b86       0x22 ./Core/ST_Drivers/Middlewares/ST/STM32_USB_Device_Library/Core/Src/usbd_ioreq.o
                0x08001b86                USBD_CtlContinueSendData
 .text.USBD_CtlContinueRx
                0x08001ba8       0x22 ./Core/ST_Drivers/Middlewares/ST/STM32_USB_Device_Library/Core/Src/usbd_ioreq.o
                0x08001ba8                USBD_CtlContinueRx
 .text.USBD_CtlSendStatus
                0x08001bca       0x26 ./Core/ST_Drivers/Middlewares/ST/STM32_USB_Device_Library/Core/Src/usbd_ioreq.o
                0x08001bca                USBD_CtlSendStatus
 .text.USBD_CtlReceiveStatus
                0x08001bf0       0x26 ./Core/ST_Drivers/Middlewares/ST/STM32_USB_Device_Library/Core/Src/usbd_ioreq.o
                0x08001bf0                USBD_CtlReceiveStatus
 .text.HAL_PCD_SetupStageCallback
                0x08001c16       0x24 ./Core/ST_Drivers/USB_DEVICE/Target/usbd_conf.o
                0x08001c16                HAL_PCD_SetupStageCallback
 .text.HAL_PCD_DataOutStageCallback
                0x08001c3a       0x36 ./Core/ST_Drivers/USB_DEVICE/Target/usbd_conf.o
                0x08001c3a                HAL_PCD_DataOutStageCallback
 .text.HAL_PCD_DataInStageCallback
                0x08001c70       0x34 ./Core/ST_Drivers/USB_DEVICE/Target/usbd_conf.o
                0x08001c70                HAL_PCD_DataInStageCallback
 .text.HAL_PCD_SOFCallback
                0x08001ca4       0x1c ./Core/ST_Drivers/USB_DEVICE/Target/usbd_conf.o
                0x08001ca4                HAL_PCD_SOFCallback
 .text.HAL_PCD_ResetCallback
                0x08001cc0       0x50 ./Core/ST_Drivers/USB_DEVICE/Target/usbd_conf.o
                0x08001cc0                HAL_PCD_ResetCallback
 .text.HAL_PCD_SuspendCallback
                0x08001d10       0x4c ./Core/ST_Drivers/USB_DEVICE/Target/usbd_conf.o
                0x08001d10                HAL_PCD_SuspendCallback
 .text.HAL_PCD_ResumeCallback
                0x08001d5c       0x1c ./Core/ST_Drivers/USB_DEVICE/Target/usbd_conf.o
                0x08001d5c                HAL_PCD_ResumeCallback
 .text.HAL_PCD_ISOOUTIncompleteCallback
                0x08001d78       0x24 ./Core/ST_Drivers/USB_DEVICE/Target/usbd_conf.o
                0x08001d78                HAL_PCD_ISOOUTIncompleteCallback
 .text.HAL_PCD_ISOINIncompleteCallback
                0x08001d9c       0x24 ./Core/ST_Drivers/USB_DEVICE/Target/usbd_conf.o
                0x08001d9c                HAL_PCD_ISOINIncompleteCallback
 .text.HAL_PCD_ConnectCallback
                0x08001dc0       0x1c ./Core/ST_Drivers/USB_DEVICE/Target/usbd_conf.o
                0x08001dc0                HAL_PCD_ConnectCallback
 .text.HAL_PCD_DisconnectCallback
                0x08001ddc       0x1c ./Core/ST_Drivers/USB_DEVICE/Target/usbd_conf.o
                0x08001ddc                HAL_PCD_DisconnectCallback
 .text.USBD_LL_OpenEP
                0x08001df8       0x4c ./Core/ST_Drivers/USB_DEVICE/Target/usbd_conf.o
                0x08001df8                USBD_LL_OpenEP
 .text.USBD_LL_StallEP
                0x08001e44       0x3e ./Core/ST_Drivers/USB_DEVICE/Target/usbd_conf.o
                0x08001e44                USBD_LL_StallEP
 .text.USBD_LL_ClearStallEP
                0x08001e82       0x3e ./Core/ST_Drivers/USB_DEVICE/Target/usbd_conf.o
                0x08001e82                USBD_LL_ClearStallEP
 .text.USBD_LL_IsStallEP
                0x08001ec0       0x58 ./Core/ST_Drivers/USB_DEVICE/Target/usbd_conf.o
                0x08001ec0                USBD_LL_IsStallEP
 .text.USBD_LL_SetUSBAddress
                0x08001f18       0x3e ./Core/ST_Drivers/USB_DEVICE/Target/usbd_conf.o
                0x08001f18                USBD_LL_SetUSBAddress
 .text.USBD_LL_Transmit
                0x08001f56       0x42 ./Core/ST_Drivers/USB_DEVICE/Target/usbd_conf.o
                0x08001f56                USBD_LL_Transmit
 .text.USBD_LL_PrepareReceive
                0x08001f98       0x42 ./Core/ST_Drivers/USB_DEVICE/Target/usbd_conf.o
                0x08001f98                USBD_LL_PrepareReceive
 *fill*         0x08001fda        0x2 
 .text.HAL_PCDEx_LPM_Callback
                0x08001fdc       0x9c ./Core/ST_Drivers/USB_DEVICE/Target/usbd_conf.o
                0x08001fdc                HAL_PCDEx_LPM_Callback
 .text.USBD_Get_USB_Status
                0x08002078       0x58 ./Core/ST_Drivers/USB_DEVICE/Target/usbd_conf.o
                0x08002078                USBD_Get_USB_Status
 .text.main     0x080020d0       0x3c ./Core/Src/main.o
                0x080020d0                main
 .text.SystemClock_Config
                0x0800210c       0xbe ./Core/Src/main.o
                0x0800210c                SystemClock_Config
 *fill*         0x080021ca        0x2 
 .text.MX_I2C1_Init
                0x080021cc       0x80 ./Core/Src/main.o
 .text.MX_TIM3_Init
                0x0800224c       0xe0 ./Core/Src/main.o
 .text.MX_GPIO_Init
                0x0800232c      0x190 ./Core/Src/main.o
 .text.Error_Handler
                0x080024bc        0xc ./Core/Src/main.o
                0x080024bc                Error_Handler
 .text.HAL_MspInit
                0x080024c8       0x34 ./Core/Src/stm32u5xx_hal_msp.o
                0x080024c8                HAL_MspInit
 .text.HAL_I2C_MspInit
                0x080024fc       0xd4 ./Core/Src/stm32u5xx_hal_msp.o
                0x080024fc                HAL_I2C_MspInit
 .text.HAL_TIM_PWM_MspInit
                0x080025d0       0x44 ./Core/Src/stm32u5xx_hal_msp.o
                0x080025d0                HAL_TIM_PWM_MspInit
 .text.HAL_TIM_MspPostInit
                0x08002614       0x78 ./Core/Src/stm32u5xx_hal_msp.o
                0x08002614                HAL_TIM_MspPostInit
 .text.NMI_Handler
                0x0800268c        0x8 ./Core/Src/stm32u5xx_it.o
                0x0800268c                NMI_Handler
 .text.HardFault_Handler
                0x08002694        0x8 ./Core/Src/stm32u5xx_it.o
                0x08002694                HardFault_Handler
 .text.MemManage_Handler
                0x0800269c        0x8 ./Core/Src/stm32u5xx_it.o
                0x0800269c                MemManage_Handler
 .text.BusFault_Handler
                0x080026a4        0x8 ./Core/Src/stm32u5xx_it.o
                0x080026a4                BusFault_Handler
 .text.UsageFault_Handler
                0x080026ac        0x8 ./Core/Src/stm32u5xx_it.o
                0x080026ac                UsageFault_Handler
 .text.SVC_Handler
                0x080026b4        0xe ./Core/Src/stm32u5xx_it.o
                0x080026b4                SVC_Handler
 .text.DebugMon_Handler
                0x080026c2        0xe ./Core/Src/stm32u5xx_it.o
                0x080026c2                DebugMon_Handler
 .text.PendSV_Handler
                0x080026d0        0xe ./Core/Src/stm32u5xx_it.o
                0x080026d0                PendSV_Handler
 .text.SysTick_Handler
                0x080026de        0xc ./Core/Src/stm32u5xx_it.o
                0x080026de                SysTick_Handler
 *fill*         0x080026ea        0x2 
 .text.OTG_HS_IRQHandler
                0x080026ec       0x14 ./Core/Src/stm32u5xx_it.o
                0x080026ec                OTG_HS_IRQHandler
 .text.SystemInit
                0x08002700       0x70 ./Core/Src/system_stm32u5xx.o
                0x08002700                SystemInit
 .text.Reset_Handler
                0x08002770       0x50 ./Core/Startup/startup_stm32u5a5vjtx.o
                0x08002770                Reset_Handler
 .text.Default_Handler
                0x080027c0        0x2 ./Core/Startup/startup_stm32u5a5vjtx.o
                0x080027c0                EXTI2_IRQHandler
                0x080027c0                TIM8_TRG_COM_IRQHandler
                0x080027c0                TIM8_CC_IRQHandler
                0x080027c0                EXTI5_IRQHandler
                0x080027c0                FLASH_S_IRQHandler
                0x080027c0                EXTI13_IRQHandler
                0x080027c0                TIM1_CC_IRQHandler
                0x080027c0                TSC_IRQHandler
                0x080027c0                TAMP_IRQHandler
                0x080027c0                TIM6_IRQHandler
                0x080027c0                EXTI12_IRQHandler
                0x080027c0                CORDIC_IRQHandler
                0x080027c0                EXTI3_IRQHandler
                0x080027c0                LPTIM4_IRQHandler
                0x080027c0                GPDMA1_Channel5_IRQHandler
                0x080027c0                EXTI8_IRQHandler
                0x080027c0                LPTIM2_IRQHandler
                0x080027c0                I2C3_ER_IRQHandler
                0x080027c0                I2C5_EV_IRQHandler
                0x080027c0                PWR_S3WU_IRQHandler
                0x080027c0                MDF1_FLT2_IRQHandler
                0x080027c0                LPDMA1_Channel3_IRQHandler
                0x080027c0                LPTIM3_IRQHandler
                0x080027c0                EXTI0_IRQHandler
                0x080027c0                I2C2_EV_IRQHandler
                0x080027c0                FPU_IRQHandler
                0x080027c0                GPDMA1_Channel3_IRQHandler
                0x080027c0                GPDMA1_Channel7_IRQHandler
                0x080027c0                MDF1_FLT4_IRQHandler
                0x080027c0                FDCAN1_IT1_IRQHandler
                0x080027c0                RAMCFG_IRQHandler
                0x080027c0                ADC1_2_IRQHandler
                0x080027c0                GPDMA1_Channel9_IRQHandler
                0x080027c0                DCACHE1_IRQHandler
                0x080027c0                SPI1_IRQHandler
                0x080027c0                OCTOSPI1_IRQHandler
                0x080027c0                GPDMA1_Channel2_IRQHandler
                0x080027c0                TIM8_UP_IRQHandler
                0x080027c0                RCC_S_IRQHandler
                0x080027c0                OCTOSPI2_IRQHandler
                0x080027c0                SAI2_IRQHandler
                0x080027c0                MDF1_FLT1_IRQHandler
                0x080027c0                PKA_IRQHandler
                0x080027c0                USART6_IRQHandler
                0x080027c0                MDF1_FLT5_IRQHandler
                0x080027c0                EXTI15_IRQHandler
                0x080027c0                TIM17_IRQHandler
                0x080027c0                USART3_IRQHandler
                0x080027c0                RTC_IRQHandler
                0x080027c0                EXTI9_IRQHandler
                0x080027c0                HSPI1_IRQHandler
                0x080027c0                UART5_IRQHandler
                0x080027c0                TIM4_IRQHandler
                0x080027c0                I2C1_EV_IRQHandler
                0x080027c0                GPDMA1_Channel12_IRQHandler
                0x080027c0                GPDMA1_Channel1_IRQHandler
                0x080027c0                TIM16_IRQHandler
                0x080027c0                GPDMA1_Channel15_IRQHandler
                0x080027c0                UART4_IRQHandler
                0x080027c0                SecureFault_Handler
                0x080027c0                TIM3_IRQHandler
                0x080027c0                RCC_IRQHandler
                0x080027c0                TIM1_TRG_COM_IRQHandler
                0x080027c0                Default_Handler
                0x080027c0                GPDMA1_Channel8_IRQHandler
                0x080027c0                FMAC_IRQHandler
                0x080027c0                I2C5_ER_IRQHandler
                0x080027c0                OTFDEC1_IRQHandler
                0x080027c0                GPDMA1_Channel11_IRQHandler
                0x080027c0                TIM7_IRQHandler
                0x080027c0                SDMMC1_IRQHandler
                0x080027c0                SAES_IRQHandler
                0x080027c0                TIM5_IRQHandler
                0x080027c0                UCPD1_IRQHandler
                0x080027c0                GPDMA1_Channel0_IRQHandler
                0x080027c0                TIM15_IRQHandler
                0x080027c0                I2C3_EV_IRQHandler
                0x080027c0                LPDMA1_Channel0_IRQHandler
                0x080027c0                PVD_PVM_IRQHandler
                0x080027c0                SPI2_IRQHandler
                0x080027c0                LPDMA1_Channel1_IRQHandler
                0x080027c0                EXTI14_IRQHandler
                0x080027c0                EXTI11_IRQHandler
                0x080027c0                OTFDEC2_IRQHandler
                0x080027c0                CRS_IRQHandler
                0x080027c0                GPDMA1_Channel14_IRQHandler
                0x080027c0                LSECSSD_IRQHandler
                0x080027c0                EXTI4_IRQHandler
                0x080027c0                RTC_S_IRQHandler
                0x080027c0                GPDMA1_Channel13_IRQHandler
                0x080027c0                RNG_IRQHandler
                0x080027c0                COMP_IRQHandler
                0x080027c0                TIM1_UP_IRQHandler
                0x080027c0                ADC4_IRQHandler
                0x080027c0                WWDG_IRQHandler
                0x080027c0                I2C4_EV_IRQHandler
                0x080027c0                ADF1_IRQHandler
                0x080027c0                IWDG_IRQHandler
                0x080027c0                I2C6_ER_IRQHandler
                0x080027c0                LPUART1_IRQHandler
                0x080027c0                MDF1_FLT0_IRQHandler
                0x080027c0                FDCAN1_IT0_IRQHandler
                0x080027c0                TIM2_IRQHandler
                0x080027c0                GPDMA1_Channel4_IRQHandler
                0x080027c0                EXTI7_IRQHandler
                0x080027c0                DMA2D_IRQHandler
                0x080027c0                TIM1_BRK_IRQHandler
                0x080027c0                EXTI1_IRQHandler
                0x080027c0                SDMMC2_IRQHandler
                0x080027c0                AES_IRQHandler
                0x080027c0                DAC1_IRQHandler
                0x080027c0                GTZC_IRQHandler
                0x080027c0                MDF1_FLT3_IRQHandler
                0x080027c0                USART2_IRQHandler
                0x080027c0                I2C6_EV_IRQHandler
                0x080027c0                GPDMA1_Channel6_IRQHandler
                0x080027c0                I2C2_ER_IRQHandler
                0x080027c0                TIM8_BRK_IRQHandler
                0x080027c0                FLASH_IRQHandler
                0x080027c0                USART1_IRQHandler
                0x080027c0                EXTI10_IRQHandler
                0x080027c0                SPI3_IRQHandler
                0x080027c0                LPDMA1_Channel2_IRQHandler
                0x080027c0                I2C1_ER_IRQHandler
                0x080027c0                FMC_IRQHandler
                0x080027c0                EXTI6_IRQHandler
                0x080027c0                LPTIM1_IRQHandler
                0x080027c0                DCMI_PSSI_IRQHandler
                0x080027c0                I2C4_ER_IRQHandler
                0x080027c0                GPDMA1_Channel10_IRQHandler
                0x080027c0                ICACHE_IRQHandler
                0x080027c0                SAI1_IRQHandler
                0x080027c0                HASH_IRQHandler
 *fill*         0x080027c2        0x2 
 .text.HAL_Init
                0x080027c4       0x60 ./Drivers/STM32U5xx_HAL_Driver/Src/stm32u5xx_hal.o
                0x080027c4                HAL_Init
 .text.HAL_DeInit
                0x08002824       0x80 ./Drivers/STM32U5xx_HAL_Driver/Src/stm32u5xx_hal.o
                0x08002824                HAL_DeInit
 .text.HAL_MspDeInit
                0x080028a4        0xe ./Drivers/STM32U5xx_HAL_Driver/Src/stm32u5xx_hal.o
                0x080028a4                HAL_MspDeInit
 *fill*         0x080028b2        0x2 
 .text.HAL_InitTick
                0x080028b4       0xec ./Drivers/STM32U5xx_HAL_Driver/Src/stm32u5xx_hal.o
                0x080028b4                HAL_InitTick
 .text.HAL_IncTick
                0x080029a0       0x28 ./Drivers/STM32U5xx_HAL_Driver/Src/stm32u5xx_hal.o
                0x080029a0                HAL_IncTick
 .text.HAL_GetTick
                0x080029c8       0x18 ./Drivers/STM32U5xx_HAL_Driver/Src/stm32u5xx_hal.o
                0x080029c8                HAL_GetTick
 .text.__NVIC_SetPriorityGrouping
                0x080029e0       0x48 ./Drivers/STM32U5xx_HAL_Driver/Src/stm32u5xx_hal_cortex.o
 .text.__NVIC_GetPriorityGrouping
                0x08002a28       0x1c ./Drivers/STM32U5xx_HAL_Driver/Src/stm32u5xx_hal_cortex.o
 .text.__NVIC_SetPriority
                0x08002a44       0x54 ./Drivers/STM32U5xx_HAL_Driver/Src/stm32u5xx_hal_cortex.o
 .text.NVIC_EncodePriority
                0x08002a98       0x66 ./Drivers/STM32U5xx_HAL_Driver/Src/stm32u5xx_hal_cortex.o
 .text.HAL_NVIC_SetPriorityGrouping
                0x08002afe       0x16 ./Drivers/STM32U5xx_HAL_Driver/Src/stm32u5xx_hal_cortex.o
                0x08002afe                HAL_NVIC_SetPriorityGrouping
 .text.HAL_NVIC_SetPriority
                0x08002b14       0x34 ./Drivers/STM32U5xx_HAL_Driver/Src/stm32u5xx_hal_cortex.o
                0x08002b14                HAL_NVIC_SetPriority
 .text.HAL_SYSTICK_Config
                0x08002b48       0x44 ./Drivers/STM32U5xx_HAL_Driver/Src/stm32u5xx_hal_cortex.o
                0x08002b48                HAL_SYSTICK_Config
 .text.HAL_SYSTICK_CLKSourceConfig
                0x08002b8c       0xb0 ./Drivers/STM32U5xx_HAL_Driver/Src/stm32u5xx_hal_cortex.o
                0x08002b8c                HAL_SYSTICK_CLKSourceConfig
 .text.HAL_SYSTICK_GetCLKSourceConfig
                0x08002c3c       0x74 ./Drivers/STM32U5xx_HAL_Driver/Src/stm32u5xx_hal_cortex.o
                0x08002c3c                HAL_SYSTICK_GetCLKSourceConfig
 .text.HAL_GPIO_Init
                0x08002cb0      0x3c0 ./Drivers/STM32U5xx_HAL_Driver/Src/stm32u5xx_hal_gpio.o
                0x08002cb0                HAL_GPIO_Init
 .text.HAL_GPIO_WritePin
                0x08003070       0x30 ./Drivers/STM32U5xx_HAL_Driver/Src/stm32u5xx_hal_gpio.o
                0x08003070                HAL_GPIO_WritePin
 .text.HAL_I2C_Init
                0x080030a0      0x136 ./Drivers/STM32U5xx_HAL_Driver/Src/stm32u5xx_hal_i2c.o
                0x080030a0                HAL_I2C_Init
 *fill*         0x080031d6        0x2 
 .text.HAL_I2C_Mem_Read
                0x080031d8      0x234 ./Drivers/STM32U5xx_HAL_Driver/Src/stm32u5xx_hal_i2c.o
                0x080031d8                HAL_I2C_Mem_Read
 .text.HAL_I2C_IsDeviceReady
                0x0800340c      0x20a ./Drivers/STM32U5xx_HAL_Driver/Src/stm32u5xx_hal_i2c.o
                0x0800340c                HAL_I2C_IsDeviceReady
 *fill*         0x08003616        0x2 
 .text.I2C_RequestMemoryRead
                0x08003618       0xa8 ./Drivers/STM32U5xx_HAL_Driver/Src/stm32u5xx_hal_i2c.o
 .text.I2C_Flush_TXDR
                0x080036c0       0x48 ./Drivers/STM32U5xx_HAL_Driver/Src/stm32u5xx_hal_i2c.o
 .text.I2C_WaitOnFlagUntilTimeout
                0x08003708       0xb2 ./Drivers/STM32U5xx_HAL_Driver/Src/stm32u5xx_hal_i2c.o
 .text.I2C_WaitOnTXISFlagUntilTimeout
                0x080037ba       0x8e ./Drivers/STM32U5xx_HAL_Driver/Src/stm32u5xx_hal_i2c.o
 .text.I2C_WaitOnSTOPFlagUntilTimeout
                0x08003848       0x86 ./Drivers/STM32U5xx_HAL_Driver/Src/stm32u5xx_hal_i2c.o
 *fill*         0x080038ce        0x2 
 .text.I2C_IsErrorOccurred
                0x080038d0      0x1c0 ./Drivers/STM32U5xx_HAL_Driver/Src/stm32u5xx_hal_i2c.o
 .text.I2C_TransferConfig
                0x08003a90       0x64 ./Drivers/STM32U5xx_HAL_Driver/Src/stm32u5xx_hal_i2c.o
 .text.HAL_I2CEx_ConfigAnalogFilter
                0x08003af4       0x96 ./Drivers/STM32U5xx_HAL_Driver/Src/stm32u5xx_hal_i2c_ex.o
                0x08003af4                HAL_I2CEx_ConfigAnalogFilter
 .text.HAL_I2CEx_ConfigDigitalFilter
                0x08003b8a       0x98 ./Drivers/STM32U5xx_HAL_Driver/Src/stm32u5xx_hal_i2c_ex.o
                0x08003b8a                HAL_I2CEx_ConfigDigitalFilter
 .text.HAL_PCD_IRQHandler
                0x08003c22      0x9d0 ./Drivers/STM32U5xx_HAL_Driver/Src/stm32u5xx_hal_pcd.o
                0x08003c22                HAL_PCD_IRQHandler
 .text.HAL_PCD_SetAddress
                0x080045f2       0x48 ./Drivers/STM32U5xx_HAL_Driver/Src/stm32u5xx_hal_pcd.o
                0x080045f2                HAL_PCD_SetAddress
 .text.HAL_PCD_EP_Open
                0x0800463a       0xd4 ./Drivers/STM32U5xx_HAL_Driver/Src/stm32u5xx_hal_pcd.o
                0x0800463a                HAL_PCD_EP_Open
 .text.HAL_PCD_EP_Receive
                0x0800470e       0x76 ./Drivers/STM32U5xx_HAL_Driver/Src/stm32u5xx_hal_pcd.o
                0x0800470e                HAL_PCD_EP_Receive
 .text.HAL_PCD_EP_Transmit
                0x08004784       0x74 ./Drivers/STM32U5xx_HAL_Driver/Src/stm32u5xx_hal_pcd.o
                0x08004784                HAL_PCD_EP_Transmit
 .text.HAL_PCD_EP_SetStall
                0x080047f8       0xc6 ./Drivers/STM32U5xx_HAL_Driver/Src/stm32u5xx_hal_pcd.o
                0x080047f8                HAL_PCD_EP_SetStall
 .text.HAL_PCD_EP_ClrStall
                0x080048be       0xac ./Drivers/STM32U5xx_HAL_Driver/Src/stm32u5xx_hal_pcd.o
                0x080048be                HAL_PCD_EP_ClrStall
 .text.HAL_PCD_EP_Abort
                0x0800496a       0x62 ./Drivers/STM32U5xx_HAL_Driver/Src/stm32u5xx_hal_pcd.o
                0x0800496a                HAL_PCD_EP_Abort
 .text.PCD_WriteEmptyTxFifo
                0x080049cc      0x118 ./Drivers/STM32U5xx_HAL_Driver/Src/stm32u5xx_hal_pcd.o
 .text.PCD_EP_OutXfrComplete_int
                0x08004ae4      0x1d0 ./Drivers/STM32U5xx_HAL_Driver/Src/stm32u5xx_hal_pcd.o
 .text.PCD_EP_OutSetupPacket_int
                0x08004cb4       0x8c ./Drivers/STM32U5xx_HAL_Driver/Src/stm32u5xx_hal_pcd.o
 .text.HAL_PWREx_ControlVoltageScaling
                0x08004d40       0xfc ./Drivers/STM32U5xx_HAL_Driver/Src/stm32u5xx_hal_pwr_ex.o
                0x08004d40                HAL_PWREx_ControlVoltageScaling
 .text.HAL_PWREx_GetVoltageRange
                0x08004e3c       0x1c ./Drivers/STM32U5xx_HAL_Driver/Src/stm32u5xx_hal_pwr_ex.o
                0x08004e3c                HAL_PWREx_GetVoltageRange
 .text.HAL_PWREx_EnableVddUSB
                0x08004e58       0x20 ./Drivers/STM32U5xx_HAL_Driver/Src/stm32u5xx_hal_pwr_ex.o
                0x08004e58                HAL_PWREx_EnableVddUSB
 .text.HAL_RCC_OscConfig
                0x08004e78      0xdb8 ./Drivers/STM32U5xx_HAL_Driver/Src/stm32u5xx_hal_rcc.o
                0x08004e78                HAL_RCC_OscConfig
 .text.HAL_RCC_ClockConfig
                0x08005c30      0x3e4 ./Drivers/STM32U5xx_HAL_Driver/Src/stm32u5xx_hal_rcc.o
                0x08005c30                HAL_RCC_ClockConfig
 .text.HAL_RCC_GetSysClockFreq
                0x08006014      0x204 ./Drivers/STM32U5xx_HAL_Driver/Src/stm32u5xx_hal_rcc.o
                0x08006014                HAL_RCC_GetSysClockFreq
 .text.HAL_RCC_GetHCLKFreq
                0x08006218       0x34 ./Drivers/STM32U5xx_HAL_Driver/Src/stm32u5xx_hal_rcc.o
                0x08006218                HAL_RCC_GetHCLKFreq
 .text.RCC_SetFlashLatencyFromMSIRange
                0x0800624c      0x10c ./Drivers/STM32U5xx_HAL_Driver/Src/stm32u5xx_hal_rcc.o
 .text.HAL_RCCEx_PeriphCLKConfig
                0x08006358      0xd78 ./Drivers/STM32U5xx_HAL_Driver/Src/stm32u5xx_hal_rcc_ex.o
                0x08006358                HAL_RCCEx_PeriphCLKConfig
 .text.RCCEx_PLL2_Config
                0x080070d0      0x130 ./Drivers/STM32U5xx_HAL_Driver/Src/stm32u5xx_hal_rcc_ex.o
 .text.RCCEx_PLL3_Config
                0x08007200      0x130 ./Drivers/STM32U5xx_HAL_Driver/Src/stm32u5xx_hal_rcc_ex.o
 .text.HAL_TIM_PWM_Init
                0x08007330       0xae ./Drivers/STM32U5xx_HAL_Driver/Src/stm32u5xx_hal_tim.o
                0x08007330                HAL_TIM_PWM_Init
 *fill*         0x080073de        0x2 
 .text.HAL_TIM_PWM_ConfigChannel
                0x080073e0      0x228 ./Drivers/STM32U5xx_HAL_Driver/Src/stm32u5xx_hal_tim.o
                0x080073e0                HAL_TIM_PWM_ConfigChannel
 .text.TIM_Base_SetConfig
                0x08007608      0x200 ./Drivers/STM32U5xx_HAL_Driver/Src/stm32u5xx_hal_tim.o
                0x08007608                TIM_Base_SetConfig
 .text.TIM_OC1_SetConfig
                0x08007808      0x188 ./Drivers/STM32U5xx_HAL_Driver/Src/stm32u5xx_hal_tim.o
 .text.TIM_OC2_SetConfig
                0x08007990      0x164 ./Drivers/STM32U5xx_HAL_Driver/Src/stm32u5xx_hal_tim.o
                0x08007990                TIM_OC2_SetConfig
 .text.TIM_OC3_SetConfig
                0x08007af4      0x160 ./Drivers/STM32U5xx_HAL_Driver/Src/stm32u5xx_hal_tim.o
 .text.TIM_OC4_SetConfig
                0x08007c54      0x164 ./Drivers/STM32U5xx_HAL_Driver/Src/stm32u5xx_hal_tim.o
 .text.TIM_OC5_SetConfig
                0x08007db8      0x104 ./Drivers/STM32U5xx_HAL_Driver/Src/stm32u5xx_hal_tim.o
 .text.TIM_OC6_SetConfig
                0x08007ebc      0x108 ./Drivers/STM32U5xx_HAL_Driver/Src/stm32u5xx_hal_tim.o
 .text.HAL_TIMEx_MasterConfigSynchronization
                0x08007fc4      0x184 ./Drivers/STM32U5xx_HAL_Driver/Src/stm32u5xx_hal_tim_ex.o
                0x08007fc4                HAL_TIMEx_MasterConfigSynchronization
 .text.USB_SetTurnaroundTime
                0x08008148      0x144 ./Drivers/STM32U5xx_HAL_Driver/Src/stm32u5xx_ll_usb.o
                0x08008148                USB_SetTurnaroundTime
 .text.USB_FlushTxFifo
                0x0800828c       0x64 ./Drivers/STM32U5xx_HAL_Driver/Src/stm32u5xx_ll_usb.o
                0x0800828c                USB_FlushTxFifo
 .text.USB_GetDevSpeed
                0x080082f0       0x4a ./Drivers/STM32U5xx_HAL_Driver/Src/stm32u5xx_ll_usb.o
                0x080082f0                USB_GetDevSpeed
 .text.USB_ActivateEndpoint
                0x0800833a      0x10e ./Drivers/STM32U5xx_HAL_Driver/Src/stm32u5xx_ll_usb.o
                0x0800833a                USB_ActivateEndpoint
 .text.USB_EPStartXfer
                0x08008448      0x53c ./Drivers/STM32U5xx_HAL_Driver/Src/stm32u5xx_ll_usb.o
                0x08008448                USB_EPStartXfer
 .text.USB_EPStopXfer
                0x08008984      0x1f8 ./Drivers/STM32U5xx_HAL_Driver/Src/stm32u5xx_ll_usb.o
                0x08008984                USB_EPStopXfer
 .text.USB_EPSetStall
                0x08008b7c       0xdc ./Drivers/STM32U5xx_HAL_Driver/Src/stm32u5xx_ll_usb.o
                0x08008b7c                USB_EPSetStall
 .text.USB_EPClearStall
                0x08008c58       0xcc ./Drivers/STM32U5xx_HAL_Driver/Src/stm32u5xx_ll_usb.o
                0x08008c58                USB_EPClearStall
 .text.USB_WritePacket
                0x08008d24       0x7c ./Drivers/STM32U5xx_HAL_Driver/Src/stm32u5xx_ll_usb.o
                0x08008d24                USB_WritePacket
 .text.USB_ReadPacket
                0x08008da0       0xb0 ./Drivers/STM32U5xx_HAL_Driver/Src/stm32u5xx_ll_usb.o
                0x08008da0                USB_ReadPacket
 .text.USB_SetDevAddress
                0x08008e50       0x4c ./Drivers/STM32U5xx_HAL_Driver/Src/stm32u5xx_ll_usb.o
                0x08008e50                USB_SetDevAddress
 .text.USB_ReadInterrupts
                0x08008e9c       0x26 ./Drivers/STM32U5xx_HAL_Driver/Src/stm32u5xx_ll_usb.o
                0x08008e9c                USB_ReadInterrupts
 .text.USB_ReadDevAllOutEpInterrupt
                0x08008ec2       0x34 ./Drivers/STM32U5xx_HAL_Driver/Src/stm32u5xx_ll_usb.o
                0x08008ec2                USB_ReadDevAllOutEpInterrupt
 .text.USB_ReadDevAllInEpInterrupt
                0x08008ef6       0x34 ./Drivers/STM32U5xx_HAL_Driver/Src/stm32u5xx_ll_usb.o
                0x08008ef6                USB_ReadDevAllInEpInterrupt
 .text.USB_ReadDevOutEPInterrupt
                0x08008f2a       0x3c ./Drivers/STM32U5xx_HAL_Driver/Src/stm32u5xx_ll_usb.o
                0x08008f2a                USB_ReadDevOutEPInterrupt
 .text.USB_ReadDevInEPInterrupt
                0x08008f66       0x5c ./Drivers/STM32U5xx_HAL_Driver/Src/stm32u5xx_ll_usb.o
                0x08008f66                USB_ReadDevInEPInterrupt
 .text.USB_GetMode
                0x08008fc2       0x1c ./Drivers/STM32U5xx_HAL_Driver/Src/stm32u5xx_ll_usb.o
                0x08008fc2                USB_GetMode
 .text.USB_ActivateSetup
                0x08008fde       0x46 ./Drivers/STM32U5xx_HAL_Driver/Src/stm32u5xx_ll_usb.o
                0x08008fde                USB_ActivateSetup
 .text.USB_EP0_OutStart
                0x08009024       0xbc ./Drivers/STM32U5xx_HAL_Driver/Src/stm32u5xx_ll_usb.o
                0x08009024                USB_EP0_OutStart
 .text.memset   0x080090e0       0x10 C:/ST/STM32CubeIDE_1.14.1/STM32CubeIDE/plugins/com.st.stm32cube.ide.mcu.externaltools.gnu-tools-for-stm32.13.3.rel1.win32_1.0.0.202411081344/tools/bin/../lib/gcc/arm-none-eabi/13.3.1/../../../../arm-none-eabi/lib/thumb/v8-m.main+fp/hard\libc_nano.a(libc_a-memset.o)
                0x080090e0                memset
 .text.__libc_init_array
                0x080090f0       0x48 C:/ST/STM32CubeIDE_1.14.1/STM32CubeIDE/plugins/com.st.stm32cube.ide.mcu.externaltools.gnu-tools-for-stm32.13.3.rel1.win32_1.0.0.202411081344/tools/bin/../lib/gcc/arm-none-eabi/13.3.1/../../../../arm-none-eabi/lib/thumb/v8-m.main+fp/hard\libc_nano.a(libc_a-init.o)
                0x080090f0                __libc_init_array
 *(.glue_7)
 .glue_7        0x08009138        0x0 linker stubs
 *(.glue_7t)
 .glue_7t       0x08009138        0x0 linker stubs
 *(.eh_frame)
 .eh_frame      0x08009138        0x0 C:/ST/STM32CubeIDE_1.14.1/STM32CubeIDE/plugins/com.st.stm32cube.ide.mcu.externaltools.gnu-tools-for-stm32.13.3.rel1.win32_1.0.0.202411081344/tools/bin/../lib/gcc/arm-none-eabi/13.3.1/thumb/v8-m.main+fp/hard/crtbegin.o
 *(.init)
 .init          0x08009138        0x4 C:/ST/STM32CubeIDE_1.14.1/STM32CubeIDE/plugins/com.st.stm32cube.ide.mcu.externaltools.gnu-tools-for-stm32.13.3.rel1.win32_1.0.0.202411081344/tools/bin/../lib/gcc/arm-none-eabi/13.3.1/thumb/v8-m.main+fp/hard/crti.o
                0x08009138                _init
 .init          0x0800913c        0x8 C:/ST/STM32CubeIDE_1.14.1/STM32CubeIDE/plugins/com.st.stm32cube.ide.mcu.externaltools.gnu-tools-for-stm32.13.3.rel1.win32_1.0.0.202411081344/tools/bin/../lib/gcc/arm-none-eabi/13.3.1/thumb/v8-m.main+fp/hard/crtn.o
 *(.fini)
 .fini          0x08009144        0x4 C:/ST/STM32CubeIDE_1.14.1/STM32CubeIDE/plugins/com.st.stm32cube.ide.mcu.externaltools.gnu-tools-for-stm32.13.3.rel1.win32_1.0.0.202411081344/tools/bin/../lib/gcc/arm-none-eabi/13.3.1/thumb/v8-m.main+fp/hard/crti.o
                0x08009144                _fini
 .fini          0x08009148        0x8 C:/ST/STM32CubeIDE_1.14.1/STM32CubeIDE/plugins/com.st.stm32cube.ide.mcu.externaltools.gnu-tools-for-stm32.13.3.rel1.win32_1.0.0.202411081344/tools/bin/../lib/gcc/arm-none-eabi/13.3.1/thumb/v8-m.main+fp/hard/crtn.o
                0x08009150                        _etext = .

.vfp11_veneer   0x08009150        0x0
 .vfp11_veneer  0x08009150        0x0 linker stubs

.v4_bx          0x08009150        0x0
 .v4_bx         0x08009150        0x0 linker stubs

.iplt           0x08009150        0x0
 .iplt          0x08009150        0x0 C:/ST/STM32CubeIDE_1.14.1/STM32CubeIDE/plugins/com.st.stm32cube.ide.mcu.externaltools.gnu-tools-for-stm32.13.3.rel1.win32_1.0.0.202411081344/tools/bin/../lib/gcc/arm-none-eabi/13.3.1/thumb/v8-m.main+fp/hard/crtbegin.o

.rodata         0x08009150       0xd0
 *(.rodata)
 *(.rodata*)
 .rodata.AHBPrescTable
                0x08009150       0x10 ./Core/Src/system_stm32u5xx.o
                0x08009150                AHBPrescTable
 .rodata.MSIRangeTable
                0x08009160       0x40 ./Core/Src/system_stm32u5xx.o
                0x08009160                MSIRangeTable
 .rodata.LPGPIO_Map
                0x080091a0       0x80 ./Drivers/STM32U5xx_HAL_Driver/Src/stm32u5xx_hal_gpio.o

.ARM.extab
 *(.ARM.extab* .gnu.linkonce.armextab.*)

.ARM            0x08009220        0x0
                0x08009220                        __exidx_start = .
 *(.ARM.exidx*)
                0x08009220                        __exidx_end = .

.preinit_array  0x08009220        0x0
                0x08009220                        PROVIDE (__preinit_array_start = .)
 *(.preinit_array*)
                0x08009220                        PROVIDE (__preinit_array_end = .)

.init_array     0x08009220        0x4
                0x08009220                        PROVIDE (__init_array_start = .)
 *(SORT_BY_NAME(.init_array.*))
 *(.init_array*)
 .init_array    0x08009220        0x4 C:/ST/STM32CubeIDE_1.14.1/STM32CubeIDE/plugins/com.st.stm32cube.ide.mcu.externaltools.gnu-tools-for-stm32.13.3.rel1.win32_1.0.0.202411081344/tools/bin/../lib/gcc/arm-none-eabi/13.3.1/thumb/v8-m.main+fp/hard/crtbegin.o
                0x08009224                        PROVIDE (__init_array_end = .)

.fini_array     0x08009224        0x4
                [!provide]                        PROVIDE (__fini_array_start = .)
 *(SORT_BY_NAME(.fini_array.*))
 *(.fini_array*)
 .fini_array    0x08009224        0x4 C:/ST/STM32CubeIDE_1.14.1/STM32CubeIDE/plugins/com.st.stm32cube.ide.mcu.externaltools.gnu-tools-for-stm32.13.3.rel1.win32_1.0.0.202411081344/tools/bin/../lib/gcc/arm-none-eabi/13.3.1/thumb/v8-m.main+fp/hard/crtbegin.o
                [!provide]                        PROVIDE (__fini_array_end = .)
                0x08009228                        _sidata = LOADADDR (.data)

.rel.dyn        0x08009228        0x0
 .rel.iplt      0x08009228        0x0 C:/ST/STM32CubeIDE_1.14.1/STM32CubeIDE/plugins/com.st.stm32cube.ide.mcu.externaltools.gnu-tools-for-stm32.13.3.rel1.win32_1.0.0.202411081344/tools/bin/../lib/gcc/arm-none-eabi/13.3.1/thumb/v8-m.main+fp/hard/crtbegin.o

.data           0x20000000        0x9 load address 0x08009228
                0x20000000                        _sdata = .
 *(.data)
 *(.data*)
 .data.SystemCoreClock
                0x20000000        0x4 ./Core/Src/system_stm32u5xx.o
                0x20000000                SystemCoreClock
 .data.uwTickPrio
                0x20000004        0x4 ./Drivers/STM32U5xx_HAL_Driver/Src/stm32u5xx_hal.o
                0x20000004                uwTickPrio
 .data.uwTickFreq
                0x20000008        0x1 ./Drivers/STM32U5xx_HAL_Driver/Src/stm32u5xx_hal.o
                0x20000008                uwTickFreq
 *(.RamFunc)
 *(.RamFunc*)
                0x20000009                        _edata = .

.igot.plt       0x2000000c        0x0 load address 0x08009231
 .igot.plt      0x2000000c        0x0 C:/ST/STM32CubeIDE_1.14.1/STM32CubeIDE/plugins/com.st.stm32cube.ide.mcu.externaltools.gnu-tools-for-stm32.13.3.rel1.win32_1.0.0.202411081344/tools/bin/../lib/gcc/arm-none-eabi/13.3.1/thumb/v8-m.main+fp/hard/crtbegin.o

.bss            0x2000000c      0x5e0 load address 0x08009231
                0x2000000c                        _sbss = .
                0x2000000c                        __bss_start__ = _sbss
 *(.bss)
 .bss           0x2000000c       0x1c C:/ST/STM32CubeIDE_1.14.1/STM32CubeIDE/plugins/com.st.stm32cube.ide.mcu.externaltools.gnu-tools-for-stm32.13.3.rel1.win32_1.0.0.202411081344/tools/bin/../lib/gcc/arm-none-eabi/13.3.1/thumb/v8-m.main+fp/hard/crtbegin.o
 *(.bss*)
 .bss.cfgidx.0  0x20000028        0x1 ./Core/ST_Drivers/Middlewares/ST/STM32_USB_Device_Library/Core/Src/usbd_ctlreq.o
 *fill*         0x20000029        0x3 
 .bss.hi2c1     0x2000002c       0x54 ./Core/Src/main.o
                0x2000002c                hi2c1
 .bss.htim3     0x20000080       0x4c ./Core/Src/main.o
                0x20000080                htim3
 .bss.hpcd_USB_OTG_HS
                0x200000cc      0x4e4 ./Core/Src/main.o
                0x200000cc                hpcd_USB_OTG_HS
 .bss.at24c32   0x200005b0        0x8 ./Core/Src/main.o
                0x200005b0                at24c32
 .bss.bootloaderCTX
                0x200005b8       0x30 ./Core/Src/main.o
                0x200005b8                bootloaderCTX
 .bss.uwTick    0x200005e8        0x4 ./Drivers/STM32U5xx_HAL_Driver/Src/stm32u5xx_hal.o
                0x200005e8                uwTick
 *(COMMON)
                0x200005ec                        _ebss = .
                0x200005ec                        __bss_end__ = _ebss

._user_heap_stack
                0x200005ec      0x604 load address 0x08009231
                0x200005f0                        . = ALIGN (0x8)
 *fill*         0x200005ec        0x4 
                [!provide]                        PROVIDE (end = .)
                0x200005f0                        PROVIDE (_end = .)
                0x200007f0                        . = (. + _Min_Heap_Size)
 *fill*         0x200005f0      0x200 
                0x20000bf0                        . = (. + _Min_Stack_Size)
 *fill*         0x200007f0      0x400 
                0x20000bf0                        . = ALIGN (0x8)

/DISCARD/
 libc.a(*)
 libm.a(*)
 libgcc.a(*)

.ARM.attributes
                0x00000000       0x36
 *(.ARM.attributes)
 .ARM.attributes
                0x00000000       0x26 C:/ST/STM32CubeIDE_1.14.1/STM32CubeIDE/plugins/com.st.stm32cube.ide.mcu.externaltools.gnu-tools-for-stm32.13.3.rel1.win32_1.0.0.202411081344/tools/bin/../lib/gcc/arm-none-eabi/13.3.1/thumb/v8-m.main+fp/hard/crti.o
 .ARM.attributes
                0x00000026       0x38 C:/ST/STM32CubeIDE_1.14.1/STM32CubeIDE/plugins/com.st.stm32cube.ide.mcu.externaltools.gnu-tools-for-stm32.13.3.rel1.win32_1.0.0.202411081344/tools/bin/../lib/gcc/arm-none-eabi/13.3.1/thumb/v8-m.main+fp/hard/crtbegin.o
 .ARM.attributes
                0x0000005e       0x3a ./Core/Bootloader_Drivers/AT24C32_Driver/Src/at24c32_driver.o
 .ARM.attributes
                0x00000098       0x3a ./Core/Bootloader_Drivers/Boot_Driver/Src/bootloader_driver.o
 .ARM.attributes
                0x000000d2       0x3a ./Core/Bootloader_Drivers/Boot_Driver/Src/bootloader_eeprom.o
 .ARM.attributes
                0x0000010c       0x3a ./Core/Bootloader_Drivers/Boot_Driver/Src/bootloader_sram.o
 .ARM.attributes
                0x00000146       0x3a ./Core/ST_Drivers/Middlewares/ST/STM32_USB_Device_Library/Core/Src/usbd_core.o
 .ARM.attributes
                0x00000180       0x3a ./Core/ST_Drivers/Middlewares/ST/STM32_USB_Device_Library/Core/Src/usbd_ctlreq.o
 .ARM.attributes
                0x000001ba       0x3a ./Core/ST_Drivers/Middlewares/ST/STM32_USB_Device_Library/Core/Src/usbd_ioreq.o
 .ARM.attributes
                0x000001f4       0x3a ./Core/ST_Drivers/USB_DEVICE/Target/usbd_conf.o
 .ARM.attributes
                0x0000022e       0x3a ./Core/Src/main.o
 .ARM.attributes
                0x00000268       0x3a ./Core/Src/stm32u5xx_hal_msp.o
 .ARM.attributes
                0x000002a2       0x3a ./Core/Src/stm32u5xx_it.o
 .ARM.attributes
                0x000002dc       0x3a ./Core/Src/system_stm32u5xx.o
 .ARM.attributes
                0x00000316       0x24 ./Core/Startup/startup_stm32u5a5vjtx.o
 .ARM.attributes
                0x0000033a       0x3a ./Drivers/STM32U5xx_HAL_Driver/Src/stm32u5xx_hal.o
 .ARM.attributes
                0x00000374       0x3a ./Drivers/STM32U5xx_HAL_Driver/Src/stm32u5xx_hal_cortex.o
 .ARM.attributes
                0x000003ae       0x3a ./Drivers/STM32U5xx_HAL_Driver/Src/stm32u5xx_hal_gpio.o
 .ARM.attributes
                0x000003e8       0x3a ./Drivers/STM32U5xx_HAL_Driver/Src/stm32u5xx_hal_i2c.o
 .ARM.attributes
                0x00000422       0x3a ./Drivers/STM32U5xx_HAL_Driver/Src/stm32u5xx_hal_i2c_ex.o
 .ARM.attributes
                0x0000045c       0x3a ./Drivers/STM32U5xx_HAL_Driver/Src/stm32u5xx_hal_pcd.o
 .ARM.attributes
                0x00000496       0x3a ./Drivers/STM32U5xx_HAL_Driver/Src/stm32u5xx_hal_pwr_ex.o
 .ARM.attributes
                0x000004d0       0x3a ./Drivers/STM32U5xx_HAL_Driver/Src/stm32u5xx_hal_rcc.o
 .ARM.attributes
                0x0000050a       0x3a ./Drivers/STM32U5xx_HAL_Driver/Src/stm32u5xx_hal_rcc_ex.o
 .ARM.attributes
                0x00000544       0x3a ./Drivers/STM32U5xx_HAL_Driver/Src/stm32u5xx_hal_tim.o
 .ARM.attributes
                0x0000057e       0x3a ./Drivers/STM32U5xx_HAL_Driver/Src/stm32u5xx_hal_tim_ex.o
 .ARM.attributes
                0x000005b8       0x3a ./Drivers/STM32U5xx_HAL_Driver/Src/stm32u5xx_ll_usb.o
 .ARM.attributes
                0x000005f2       0x38 C:/ST/STM32CubeIDE_1.14.1/STM32CubeIDE/plugins/com.st.stm32cube.ide.mcu.externaltools.gnu-tools-for-stm32.13.3.rel1.win32_1.0.0.202411081344/tools/bin/../lib/gcc/arm-none-eabi/13.3.1/../../../../arm-none-eabi/lib/thumb/v8-m.main+fp/hard\libc_nano.a(libc_a-memset.o)
 .ARM.attributes
                0x0000062a       0x38 C:/ST/STM32CubeIDE_1.14.1/STM32CubeIDE/plugins/com.st.stm32cube.ide.mcu.externaltools.gnu-tools-for-stm32.13.3.rel1.win32_1.0.0.202411081344/tools/bin/../lib/gcc/arm-none-eabi/13.3.1/../../../../arm-none-eabi/lib/thumb/v8-m.main+fp/hard\libc_nano.a(libc_a-init.o)
 .ARM.attributes
                0x00000662       0x26 C:/ST/STM32CubeIDE_1.14.1/STM32CubeIDE/plugins/com.st.stm32cube.ide.mcu.externaltools.gnu-tools-for-stm32.13.3.rel1.win32_1.0.0.202411081344/tools/bin/../lib/gcc/arm-none-eabi/13.3.1/thumb/v8-m.main+fp/hard/crtn.o
OUTPUT(MiniPatchLambda_Bootloader.elf elf32-littlearm)
LOAD linker stubs
LOAD C:/ST/STM32CubeIDE_1.14.1/STM32CubeIDE/plugins/com.st.stm32cube.ide.mcu.externaltools.gnu-tools-for-stm32.13.3.rel1.win32_1.0.0.202411081344/tools/bin/../lib/gcc/arm-none-eabi/13.3.1/../../../../arm-none-eabi/lib/thumb/v8-m.main+fp/hard\libc.a
LOAD C:/ST/STM32CubeIDE_1.14.1/STM32CubeIDE/plugins/com.st.stm32cube.ide.mcu.externaltools.gnu-tools-for-stm32.13.3.rel1.win32_1.0.0.202411081344/tools/bin/../lib/gcc/arm-none-eabi/13.3.1/../../../../arm-none-eabi/lib/thumb/v8-m.main+fp/hard\libm.a
LOAD C:/ST/STM32CubeIDE_1.14.1/STM32CubeIDE/plugins/com.st.stm32cube.ide.mcu.externaltools.gnu-tools-for-stm32.13.3.rel1.win32_1.0.0.202411081344/tools/bin/../lib/gcc/arm-none-eabi/13.3.1/thumb/v8-m.main+fp/hard\libgcc.a

.debug_info     0x00000000    0x1c7a5
 .debug_info    0x00000000      0xe7e ./Core/Bootloader_Drivers/AT24C32_Driver/Src/at24c32_driver.o
 .debug_info    0x00000e7e     0x15d6 ./Core/Bootloader_Drivers/Boot_Driver/Src/bootloader_driver.o
 .debug_info    0x00002454      0x991 ./Core/Bootloader_Drivers/Boot_Driver/Src/bootloader_eeprom.o
 .debug_info    0x00002de5      0x196 ./Core/Bootloader_Drivers/Boot_Driver/Src/bootloader_sram.o
 .debug_info    0x00002f7b      0xe37 ./Core/ST_Drivers/Middlewares/ST/STM32_USB_Device_Library/Core/Src/usbd_core.o
 .debug_info    0x00003db2      0xaf9 ./Core/ST_Drivers/Middlewares/ST/STM32_USB_Device_Library/Core/Src/usbd_ctlreq.o
 .debug_info    0x000048ab      0x770 ./Core/ST_Drivers/Middlewares/ST/STM32_USB_Device_Library/Core/Src/usbd_ioreq.o
 .debug_info    0x0000501b     0x1918 ./Core/ST_Drivers/USB_DEVICE/Target/usbd_conf.o
 .debug_info    0x00006933     0x1dc7 ./Core/Src/main.o
 .debug_info    0x000086fa     0x1f8e ./Core/Src/stm32u5xx_hal_msp.o
 .debug_info    0x0000a688      0x6be ./Core/Src/stm32u5xx_it.o
 .debug_info    0x0000ad46      0x929 ./Core/Src/system_stm32u5xx.o
 .debug_info    0x0000b66f       0x30 ./Core/Startup/startup_stm32u5a5vjtx.o
 .debug_info    0x0000b69f     0x147c ./Drivers/STM32U5xx_HAL_Driver/Src/stm32u5xx_hal.o
 .debug_info    0x0000cb1b     0x167c ./Drivers/STM32U5xx_HAL_Driver/Src/stm32u5xx_hal_cortex.o
 .debug_info    0x0000e197      0x859 ./Drivers/STM32U5xx_HAL_Driver/Src/stm32u5xx_hal_gpio.o
 .debug_info    0x0000e9f0     0x232e ./Drivers/STM32U5xx_HAL_Driver/Src/stm32u5xx_hal_i2c.o
 .debug_info    0x00010d1e      0x9ff ./Drivers/STM32U5xx_HAL_Driver/Src/stm32u5xx_hal_i2c_ex.o
 .debug_info    0x0001171d     0x153b ./Drivers/STM32U5xx_HAL_Driver/Src/stm32u5xx_hal_pcd.o
 .debug_info    0x00012c58      0xf0c ./Drivers/STM32U5xx_HAL_Driver/Src/stm32u5xx_hal_pwr_ex.o
 .debug_info    0x00013b64     0x12b0 ./Drivers/STM32U5xx_HAL_Driver/Src/stm32u5xx_hal_rcc.o
 .debug_info    0x00014e14     0x1610 ./Drivers/STM32U5xx_HAL_Driver/Src/stm32u5xx_hal_rcc_ex.o
 .debug_info    0x00016424     0x2e54 ./Drivers/STM32U5xx_HAL_Driver/Src/stm32u5xx_hal_tim.o
 .debug_info    0x00019278     0x1efe ./Drivers/STM32U5xx_HAL_Driver/Src/stm32u5xx_hal_tim_ex.o
 .debug_info    0x0001b176     0x162f ./Drivers/STM32U5xx_HAL_Driver/Src/stm32u5xx_ll_usb.o

.debug_abbrev   0x00000000     0x38fb
 .debug_abbrev  0x00000000      0x236 ./Core/Bootloader_Drivers/AT24C32_Driver/Src/at24c32_driver.o
 .debug_abbrev  0x00000236      0x315 ./Core/Bootloader_Drivers/Boot_Driver/Src/bootloader_driver.o
 .debug_abbrev  0x0000054b      0x1a8 ./Core/Bootloader_Drivers/Boot_Driver/Src/bootloader_eeprom.o
 .debug_abbrev  0x000006f3      0x101 ./Core/Bootloader_Drivers/Boot_Driver/Src/bootloader_sram.o
 .debug_abbrev  0x000007f4      0x285 ./Core/ST_Drivers/Middlewares/ST/STM32_USB_Device_Library/Core/Src/usbd_core.o
 .debug_abbrev  0x00000a79      0x26f ./Core/ST_Drivers/Middlewares/ST/STM32_USB_Device_Library/Core/Src/usbd_ctlreq.o
 .debug_abbrev  0x00000ce8      0x19a ./Core/ST_Drivers/Middlewares/ST/STM32_USB_Device_Library/Core/Src/usbd_ioreq.o
 .debug_abbrev  0x00000e82      0x30f ./Core/ST_Drivers/USB_DEVICE/Target/usbd_conf.o
 .debug_abbrev  0x00001191      0x32b ./Core/Src/main.o
 .debug_abbrev  0x000014bc      0x2d2 ./Core/Src/stm32u5xx_hal_msp.o
 .debug_abbrev  0x0000178e      0x1a4 ./Core/Src/stm32u5xx_it.o
 .debug_abbrev  0x00001932      0x129 ./Core/Src/system_stm32u5xx.o
 .debug_abbrev  0x00001a5b       0x24 ./Core/Startup/startup_stm32u5a5vjtx.o
 .debug_abbrev  0x00001a7f      0x2a4 ./Drivers/STM32U5xx_HAL_Driver/Src/stm32u5xx_hal.o
 .debug_abbrev  0x00001d23      0x311 ./Drivers/STM32U5xx_HAL_Driver/Src/stm32u5xx_hal_cortex.o
 .debug_abbrev  0x00002034      0x25a ./Drivers/STM32U5xx_HAL_Driver/Src/stm32u5xx_hal_gpio.o
 .debug_abbrev  0x0000228e      0x271 ./Drivers/STM32U5xx_HAL_Driver/Src/stm32u5xx_hal_i2c.o
 .debug_abbrev  0x000024ff      0x1c0 ./Drivers/STM32U5xx_HAL_Driver/Src/stm32u5xx_hal_i2c_ex.o
 .debug_abbrev  0x000026bf      0x2bc ./Drivers/STM32U5xx_HAL_Driver/Src/stm32u5xx_hal_pcd.o
 .debug_abbrev  0x0000297b      0x243 ./Drivers/STM32U5xx_HAL_Driver/Src/stm32u5xx_hal_pwr_ex.o
 .debug_abbrev  0x00002bbe      0x2cb ./Drivers/STM32U5xx_HAL_Driver/Src/stm32u5xx_hal_rcc.o
 .debug_abbrev  0x00002e89      0x23d ./Drivers/STM32U5xx_HAL_Driver/Src/stm32u5xx_hal_rcc_ex.o
 .debug_abbrev  0x000030c6      0x2bd ./Drivers/STM32U5xx_HAL_Driver/Src/stm32u5xx_hal_tim.o
 .debug_abbrev  0x00003383      0x2c7 ./Drivers/STM32U5xx_HAL_Driver/Src/stm32u5xx_hal_tim_ex.o
 .debug_abbrev  0x0000364a      0x2b1 ./Drivers/STM32U5xx_HAL_Driver/Src/stm32u5xx_ll_usb.o

.debug_aranges  0x00000000     0x18b0
 .debug_aranges
                0x00000000       0x60 ./Core/Bootloader_Drivers/AT24C32_Driver/Src/at24c32_driver.o
 .debug_aranges
                0x00000060       0x48 ./Core/Bootloader_Drivers/Boot_Driver/Src/bootloader_driver.o
 .debug_aranges
                0x000000a8       0x30 ./Core/Bootloader_Drivers/Boot_Driver/Src/bootloader_eeprom.o
 .debug_aranges
                0x000000d8       0x30 ./Core/Bootloader_Drivers/Boot_Driver/Src/bootloader_sram.o
 .debug_aranges
                0x00000108       0xd8 ./Core/ST_Drivers/Middlewares/ST/STM32_USB_Device_Library/Core/Src/usbd_core.o
 .debug_aranges
                0x000001e0       0x90 ./Core/ST_Drivers/Middlewares/ST/STM32_USB_Device_Library/Core/Src/usbd_ctlreq.o
 .debug_aranges
                0x00000270       0x50 ./Core/ST_Drivers/Middlewares/ST/STM32_USB_Device_Library/Core/Src/usbd_ioreq.o
 .debug_aranges
                0x000002c0      0x108 ./Core/ST_Drivers/USB_DEVICE/Target/usbd_conf.o
 .debug_aranges
                0x000003c8       0x50 ./Core/Src/main.o
 .debug_aranges
                0x00000418       0x58 ./Core/Src/stm32u5xx_hal_msp.o
 .debug_aranges
                0x00000470       0x68 ./Core/Src/stm32u5xx_it.o
 .debug_aranges
                0x000004d8       0x28 ./Core/Src/system_stm32u5xx.o
 .debug_aranges
                0x00000500       0x28 ./Core/Startup/startup_stm32u5a5vjtx.o
 .debug_aranges
                0x00000528      0x1a8 ./Drivers/STM32U5xx_HAL_Driver/Src/stm32u5xx_hal.o
 .debug_aranges
                0x000006d0      0x140 ./Drivers/STM32U5xx_HAL_Driver/Src/stm32u5xx_hal_cortex.o
 .debug_aranges
                0x00000810       0x78 ./Drivers/STM32U5xx_HAL_Driver/Src/stm32u5xx_hal_gpio.o
 .debug_aranges
                0x00000888      0x2a0 ./Drivers/STM32U5xx_HAL_Driver/Src/stm32u5xx_hal_i2c.o
 .debug_aranges
                0x00000b28       0x58 ./Drivers/STM32U5xx_HAL_Driver/Src/stm32u5xx_hal_i2c_ex.o
 .debug_aranges
                0x00000b80      0x140 ./Drivers/STM32U5xx_HAL_Driver/Src/stm32u5xx_hal_pcd.o
 .debug_aranges
                0x00000cc0      0x230 ./Drivers/STM32U5xx_HAL_Driver/Src/stm32u5xx_hal_pwr_ex.o
 .debug_aranges
                0x00000ef0       0xa8 ./Drivers/STM32U5xx_HAL_Driver/Src/stm32u5xx_hal_rcc.o
 .debug_aranges
                0x00000f98      0x160 ./Drivers/STM32U5xx_HAL_Driver/Src/stm32u5xx_hal_rcc_ex.o
 .debug_aranges
                0x000010f8      0x3e8 ./Drivers/STM32U5xx_HAL_Driver/Src/stm32u5xx_hal_tim.o
 .debug_aranges
                0x000014e0      0x250 ./Drivers/STM32U5xx_HAL_Driver/Src/stm32u5xx_hal_tim_ex.o
 .debug_aranges
                0x00001730      0x180 ./Drivers/STM32U5xx_HAL_Driver/Src/stm32u5xx_ll_usb.o

.debug_rnglists
                0x00000000     0x130b
 .debug_rnglists
                0x00000000       0x48 ./Core/Bootloader_Drivers/AT24C32_Driver/Src/at24c32_driver.o
 .debug_rnglists
                0x00000048       0x35 ./Core/Bootloader_Drivers/Boot_Driver/Src/bootloader_driver.o
 .debug_rnglists
                0x0000007d       0x1f ./Core/Bootloader_Drivers/Boot_Driver/Src/bootloader_eeprom.o
 .debug_rnglists
                0x0000009c       0x1f ./Core/Bootloader_Drivers/Boot_Driver/Src/bootloader_sram.o
 .debug_rnglists
                0x000000bb       0xa1 ./Core/ST_Drivers/Middlewares/ST/STM32_USB_Device_Library/Core/Src/usbd_core.o
 .debug_rnglists
                0x0000015c       0x6e ./Core/ST_Drivers/Middlewares/ST/STM32_USB_Device_Library/Core/Src/usbd_ctlreq.o
 .debug_rnglists
                0x000001ca       0x37 ./Core/ST_Drivers/Middlewares/ST/STM32_USB_Device_Library/Core/Src/usbd_ioreq.o
 .debug_rnglists
                0x00000201       0xc3 ./Core/ST_Drivers/USB_DEVICE/Target/usbd_conf.o
 .debug_rnglists
                0x000002c4       0x3b ./Core/Src/main.o
 .debug_rnglists
                0x000002ff       0x3f ./Core/Src/stm32u5xx_hal_msp.o
 .debug_rnglists
                0x0000033e       0x49 ./Core/Src/stm32u5xx_it.o
 .debug_rnglists
                0x00000387       0x1a ./Core/Src/system_stm32u5xx.o
 .debug_rnglists
                0x000003a1       0x19 ./Core/Startup/startup_stm32u5a5vjtx.o
 .debug_rnglists
                0x000003ba      0x13b ./Drivers/STM32U5xx_HAL_Driver/Src/stm32u5xx_hal.o
 .debug_rnglists
                0x000004f5       0xec ./Drivers/STM32U5xx_HAL_Driver/Src/stm32u5xx_hal_cortex.o
 .debug_rnglists
                0x000005e1       0x5a ./Drivers/STM32U5xx_HAL_Driver/Src/stm32u5xx_hal_gpio.o
 .debug_rnglists
                0x0000063b      0x228 ./Drivers/STM32U5xx_HAL_Driver/Src/stm32u5xx_hal_i2c.o
 .debug_rnglists
                0x00000863       0x43 ./Drivers/STM32U5xx_HAL_Driver/Src/stm32u5xx_hal_i2c_ex.o
 .debug_rnglists
                0x000008a6       0xf4 ./Drivers/STM32U5xx_HAL_Driver/Src/stm32u5xx_hal_pcd.o
 .debug_rnglists
                0x0000099a      0x1aa ./Drivers/STM32U5xx_HAL_Driver/Src/stm32u5xx_hal_pwr_ex.o
 .debug_rnglists
                0x00000b44       0x7f ./Drivers/STM32U5xx_HAL_Driver/Src/stm32u5xx_hal_rcc.o
 .debug_rnglists
                0x00000bc3      0x113 ./Drivers/STM32U5xx_HAL_Driver/Src/stm32u5xx_hal_rcc_ex.o
 .debug_rnglists
                0x00000cd6      0x333 ./Drivers/STM32U5xx_HAL_Driver/Src/stm32u5xx_hal_tim.o
 .debug_rnglists
                0x00001009      0x1d7 ./Drivers/STM32U5xx_HAL_Driver/Src/stm32u5xx_hal_tim_ex.o
 .debug_rnglists
                0x000011e0      0x12b ./Drivers/STM32U5xx_HAL_Driver/Src/stm32u5xx_ll_usb.o

.debug_macro    0x00000000    0x37e8c
 .debug_macro   0x00000000      0x2c6 ./Core/Bootloader_Drivers/AT24C32_Driver/Src/at24c32_driver.o
 .debug_macro   0x000002c6      0xade ./Core/Bootloader_Drivers/AT24C32_Driver/Src/at24c32_driver.o
 .debug_macro   0x00000da4      0x201 ./Core/Bootloader_Drivers/AT24C32_Driver/Src/at24c32_driver.o
 .debug_macro   0x00000fa5       0x2e ./Core/Bootloader_Drivers/AT24C32_Driver/Src/at24c32_driver.o
 .debug_macro   0x00000fd3       0x42 ./Core/Bootloader_Drivers/AT24C32_Driver/Src/at24c32_driver.o
 .debug_macro   0x00001015       0x22 ./Core/Bootloader_Drivers/AT24C32_Driver/Src/at24c32_driver.o
 .debug_macro   0x00001037       0x8e ./Core/Bootloader_Drivers/AT24C32_Driver/Src/at24c32_driver.o
 .debug_macro   0x000010c5       0x51 ./Core/Bootloader_Drivers/AT24C32_Driver/Src/at24c32_driver.o
 .debug_macro   0x00001116      0x103 ./Core/Bootloader_Drivers/AT24C32_Driver/Src/at24c32_driver.o
 .debug_macro   0x00001219       0x6a ./Core/Bootloader_Drivers/AT24C32_Driver/Src/at24c32_driver.o
 .debug_macro   0x00001283      0x1df ./Core/Bootloader_Drivers/AT24C32_Driver/Src/at24c32_driver.o
 .debug_macro   0x00001462       0x1c ./Core/Bootloader_Drivers/AT24C32_Driver/Src/at24c32_driver.o
 .debug_macro   0x0000147e       0x29 ./Core/Bootloader_Drivers/AT24C32_Driver/Src/at24c32_driver.o
 .debug_macro   0x000014a7       0xfb ./Core/Bootloader_Drivers/AT24C32_Driver/Src/at24c32_driver.o
 .debug_macro   0x000015a2     0x1685 ./Core/Bootloader_Drivers/AT24C32_Driver/Src/at24c32_driver.o
 .debug_macro   0x00002c27       0x5e ./Core/Bootloader_Drivers/AT24C32_Driver/Src/at24c32_driver.o
 .debug_macro   0x00002c85    0x260d1 ./Core/Bootloader_Drivers/AT24C32_Driver/Src/at24c32_driver.o
 .debug_macro   0x00028d56       0x6d ./Core/Bootloader_Drivers/AT24C32_Driver/Src/at24c32_driver.o
 .debug_macro   0x00028dc3     0x393e ./Core/Bootloader_Drivers/AT24C32_Driver/Src/at24c32_driver.o
 .debug_macro   0x0002c701      0x190 ./Core/Bootloader_Drivers/AT24C32_Driver/Src/at24c32_driver.o
 .debug_macro   0x0002c891       0x61 ./Core/Bootloader_Drivers/AT24C32_Driver/Src/at24c32_driver.o
 .debug_macro   0x0002c8f2       0x2a ./Core/Bootloader_Drivers/AT24C32_Driver/Src/at24c32_driver.o
 .debug_macro   0x0002c91c       0x43 ./Core/Bootloader_Drivers/AT24C32_Driver/Src/at24c32_driver.o
 .debug_macro   0x0002c95f       0x34 ./Core/Bootloader_Drivers/AT24C32_Driver/Src/at24c32_driver.o
 .debug_macro   0x0002c993      0x370 ./Core/Bootloader_Drivers/AT24C32_Driver/Src/at24c32_driver.o
 .debug_macro   0x0002cd03       0x16 ./Core/Bootloader_Drivers/AT24C32_Driver/Src/at24c32_driver.o
 .debug_macro   0x0002cd19       0x4a ./Core/Bootloader_Drivers/AT24C32_Driver/Src/at24c32_driver.o
 .debug_macro   0x0002cd63       0x34 ./Core/Bootloader_Drivers/AT24C32_Driver/Src/at24c32_driver.o
 .debug_macro   0x0002cd97       0x10 ./Core/Bootloader_Drivers/AT24C32_Driver/Src/at24c32_driver.o
 .debug_macro   0x0002cda7       0x58 ./Core/Bootloader_Drivers/AT24C32_Driver/Src/at24c32_driver.o
 .debug_macro   0x0002cdff       0x8e ./Core/Bootloader_Drivers/AT24C32_Driver/Src/at24c32_driver.o
 .debug_macro   0x0002ce8d       0x1c ./Core/Bootloader_Drivers/AT24C32_Driver/Src/at24c32_driver.o
 .debug_macro   0x0002cea9      0x185 ./Core/Bootloader_Drivers/AT24C32_Driver/Src/at24c32_driver.o
 .debug_macro   0x0002d02e      0x19b ./Core/Bootloader_Drivers/AT24C32_Driver/Src/at24c32_driver.o
 .debug_macro   0x0002d1c9       0x5d ./Core/Bootloader_Drivers/AT24C32_Driver/Src/at24c32_driver.o
 .debug_macro   0x0002d226     0x1d23 ./Core/Bootloader_Drivers/AT24C32_Driver/Src/at24c32_driver.o
 .debug_macro   0x0002ef49      0x8f4 ./Core/Bootloader_Drivers/AT24C32_Driver/Src/at24c32_driver.o
 .debug_macro   0x0002f83d      0x166 ./Core/Bootloader_Drivers/AT24C32_Driver/Src/at24c32_driver.o
 .debug_macro   0x0002f9a3      0x2d8 ./Core/Bootloader_Drivers/AT24C32_Driver/Src/at24c32_driver.o
 .debug_macro   0x0002fc7b      0x5eb ./Core/Bootloader_Drivers/AT24C32_Driver/Src/at24c32_driver.o
 .debug_macro   0x00030266      0x463 ./Core/Bootloader_Drivers/AT24C32_Driver/Src/at24c32_driver.o
 .debug_macro   0x000306c9       0xd6 ./Core/Bootloader_Drivers/AT24C32_Driver/Src/at24c32_driver.o
 .debug_macro   0x0003079f      0x1cd ./Core/Bootloader_Drivers/AT24C32_Driver/Src/at24c32_driver.o
 .debug_macro   0x0003096c      0x432 ./Core/Bootloader_Drivers/AT24C32_Driver/Src/at24c32_driver.o
 .debug_macro   0x00030d9e       0x95 ./Core/Bootloader_Drivers/AT24C32_Driver/Src/at24c32_driver.o
 .debug_macro   0x00030e33      0x11c ./Core/Bootloader_Drivers/AT24C32_Driver/Src/at24c32_driver.o
 .debug_macro   0x00030f4f      0x23a ./Core/Bootloader_Drivers/AT24C32_Driver/Src/at24c32_driver.o
 .debug_macro   0x00031189      0x123 ./Core/Bootloader_Drivers/AT24C32_Driver/Src/at24c32_driver.o
 .debug_macro   0x000312ac       0xa5 ./Core/Bootloader_Drivers/AT24C32_Driver/Src/at24c32_driver.o
 .debug_macro   0x00031351      0x52c ./Core/Bootloader_Drivers/AT24C32_Driver/Src/at24c32_driver.o
 .debug_macro   0x0003187d      0x5d5 ./Core/Bootloader_Drivers/AT24C32_Driver/Src/at24c32_driver.o
 .debug_macro   0x00031e52      0xbcc ./Core/Bootloader_Drivers/AT24C32_Driver/Src/at24c32_driver.o
 .debug_macro   0x00032a1e      0x527 ./Core/Bootloader_Drivers/AT24C32_Driver/Src/at24c32_driver.o
 .debug_macro   0x00032f45      0x2b6 ./Core/Bootloader_Drivers/AT24C32_Driver/Src/at24c32_driver.o
 .debug_macro   0x000331fb       0x82 ./Core/Bootloader_Drivers/AT24C32_Driver/Src/at24c32_driver.o
 .debug_macro   0x0003327d      0x1d3 ./Core/Bootloader_Drivers/AT24C32_Driver/Src/at24c32_driver.o
 .debug_macro   0x00033450      0x448 ./Core/Bootloader_Drivers/AT24C32_Driver/Src/at24c32_driver.o
 .debug_macro   0x00033898       0x64 ./Core/Bootloader_Drivers/AT24C32_Driver/Src/at24c32_driver.o
 .debug_macro   0x000338fc       0x22 ./Core/Bootloader_Drivers/AT24C32_Driver/Src/at24c32_driver.o
 .debug_macro   0x0003391e       0x76 ./Core/Bootloader_Drivers/AT24C32_Driver/Src/at24c32_driver.o
 .debug_macro   0x00033994       0x58 ./Core/Bootloader_Drivers/AT24C32_Driver/Src/at24c32_driver.o
 .debug_macro   0x000339ec      0x2fb ./Core/Bootloader_Drivers/Boot_Driver/Src/bootloader_driver.o
 .debug_macro   0x00033ce7       0x10 ./Core/Bootloader_Drivers/Boot_Driver/Src/bootloader_driver.o
 .debug_macro   0x00033cf7       0x10 ./Core/Bootloader_Drivers/Boot_Driver/Src/bootloader_driver.o
 .debug_macro   0x00033d07       0x28 ./Core/Bootloader_Drivers/Boot_Driver/Src/bootloader_driver.o
 .debug_macro   0x00033d2f      0x2d9 ./Core/Bootloader_Drivers/Boot_Driver/Src/bootloader_eeprom.o
 .debug_macro   0x00034008       0x84 ./Core/Bootloader_Drivers/Boot_Driver/Src/bootloader_sram.o
 .debug_macro   0x0003408c      0x383 ./Core/ST_Drivers/Middlewares/ST/STM32_USB_Device_Library/Core/Src/usbd_core.o
 .debug_macro   0x0003440f      0x215 ./Core/ST_Drivers/Middlewares/ST/STM32_USB_Device_Library/Core/Src/usbd_core.o
 .debug_macro   0x00034624      0x38d ./Core/ST_Drivers/Middlewares/ST/STM32_USB_Device_Library/Core/Src/usbd_ctlreq.o
 .debug_macro   0x000349b1      0x389 ./Core/ST_Drivers/Middlewares/ST/STM32_USB_Device_Library/Core/Src/usbd_ioreq.o
 .debug_macro   0x00034d3a      0x394 ./Core/ST_Drivers/USB_DEVICE/Target/usbd_conf.o
 .debug_macro   0x000350ce      0x2fb ./Core/Src/main.o
 .debug_macro   0x000353c9      0x2a5 ./Core/Src/stm32u5xx_hal_msp.o
 .debug_macro   0x0003566e      0x2af ./Core/Src/stm32u5xx_it.o
 .debug_macro   0x0003591d      0x29d ./Core/Src/system_stm32u5xx.o
 .debug_macro   0x00035bba      0x2ba ./Drivers/STM32U5xx_HAL_Driver/Src/stm32u5xx_hal.o
 .debug_macro   0x00035e74      0x296 ./Drivers/STM32U5xx_HAL_Driver/Src/stm32u5xx_hal_cortex.o
 .debug_macro   0x0003610a      0x2cb ./Drivers/STM32U5xx_HAL_Driver/Src/stm32u5xx_hal_gpio.o
 .debug_macro   0x000363d5      0x362 ./Drivers/STM32U5xx_HAL_Driver/Src/stm32u5xx_hal_i2c.o
 .debug_macro   0x00036737      0x296 ./Drivers/STM32U5xx_HAL_Driver/Src/stm32u5xx_hal_i2c_ex.o
 .debug_macro   0x000369cd      0x2a2 ./Drivers/STM32U5xx_HAL_Driver/Src/stm32u5xx_hal_pcd.o
 .debug_macro   0x00036c6f      0x2c8 ./Drivers/STM32U5xx_HAL_Driver/Src/stm32u5xx_hal_pwr_ex.o
 .debug_macro   0x00036f37      0x39c ./Drivers/STM32U5xx_HAL_Driver/Src/stm32u5xx_hal_rcc.o
 .debug_macro   0x000372d3      0x3e9 ./Drivers/STM32U5xx_HAL_Driver/Src/stm32u5xx_hal_rcc_ex.o
 .debug_macro   0x000376bc      0x29e ./Drivers/STM32U5xx_HAL_Driver/Src/stm32u5xx_hal_tim.o
 .debug_macro   0x0003795a      0x29c ./Drivers/STM32U5xx_HAL_Driver/Src/stm32u5xx_hal_tim_ex.o
 .debug_macro   0x00037bf6      0x296 ./Drivers/STM32U5xx_HAL_Driver/Src/stm32u5xx_ll_usb.o

.debug_line     0x00000000    0x1ed70
 .debug_line    0x00000000      0xca7 ./Core/Bootloader_Drivers/AT24C32_Driver/Src/at24c32_driver.o
 .debug_line    0x00000ca7      0xcaa ./Core/Bootloader_Drivers/Boot_Driver/Src/bootloader_driver.o
 .debug_line    0x00001951      0xa80 ./Core/Bootloader_Drivers/Boot_Driver/Src/bootloader_eeprom.o
 .debug_line    0x000023d1      0x52a ./Core/Bootloader_Drivers/Boot_Driver/Src/bootloader_sram.o
 .debug_line    0x000028fb     0x1084 ./Core/ST_Drivers/Middlewares/ST/STM32_USB_Device_Library/Core/Src/usbd_core.o
 .debug_line    0x0000397f     0x124c ./Core/ST_Drivers/Middlewares/ST/STM32_USB_Device_Library/Core/Src/usbd_ctlreq.o
 .debug_line    0x00004bcb      0xb68 ./Core/ST_Drivers/Middlewares/ST/STM32_USB_Device_Library/Core/Src/usbd_ioreq.o
 .debug_line    0x00005733      0xf7c ./Core/ST_Drivers/USB_DEVICE/Target/usbd_conf.o
 .debug_line    0x000066af      0xc2e ./Core/Src/main.o
 .debug_line    0x000072dd      0x9f1 ./Core/Src/stm32u5xx_hal_msp.o
 .debug_line    0x00007cce      0x986 ./Core/Src/stm32u5xx_it.o
 .debug_line    0x00008654      0x9c3 ./Core/Src/system_stm32u5xx.o
 .debug_line    0x00009017       0x79 ./Core/Startup/startup_stm32u5a5vjtx.o
 .debug_line    0x00009090      0xe8b ./Drivers/STM32U5xx_HAL_Driver/Src/stm32u5xx_hal.o
 .debug_line    0x00009f1b      0xf12 ./Drivers/STM32U5xx_HAL_Driver/Src/stm32u5xx_hal_cortex.o
 .debug_line    0x0000ae2d      0xe71 ./Drivers/STM32U5xx_HAL_Driver/Src/stm32u5xx_hal_gpio.o
 .debug_line    0x0000bc9e     0x3bcd ./Drivers/STM32U5xx_HAL_Driver/Src/stm32u5xx_hal_i2c.o
 .debug_line    0x0000f86b      0xb0f ./Drivers/STM32U5xx_HAL_Driver/Src/stm32u5xx_hal_i2c_ex.o
 .debug_line    0x0001037a     0x15a2 ./Drivers/STM32U5xx_HAL_Driver/Src/stm32u5xx_hal_pcd.o
 .debug_line    0x0001191c     0x135a ./Drivers/STM32U5xx_HAL_Driver/Src/stm32u5xx_hal_pwr_ex.o
 .debug_line    0x00012c76     0x174f ./Drivers/STM32U5xx_HAL_Driver/Src/stm32u5xx_hal_rcc.o
 .debug_line    0x000143c5     0x25a9 ./Drivers/STM32U5xx_HAL_Driver/Src/stm32u5xx_hal_rcc_ex.o
 .debug_line    0x0001696e     0x4716 ./Drivers/STM32U5xx_HAL_Driver/Src/stm32u5xx_hal_tim.o
 .debug_line    0x0001b084     0x22e3 ./Drivers/STM32U5xx_HAL_Driver/Src/stm32u5xx_hal_tim_ex.o
 .debug_line    0x0001d367     0x1a09 ./Drivers/STM32U5xx_HAL_Driver/Src/stm32u5xx_ll_usb.o

.debug_str      0x00000000   0x15dfe0
 .debug_str     0x00000000   0x15dfe0 ./Core/Bootloader_Drivers/AT24C32_Driver/Src/at24c32_driver.o
                             0x15214c (size before relaxing)
 .debug_str     0x0015dfe0   0x152836 ./Core/Bootloader_Drivers/Boot_Driver/Src/bootloader_driver.o
 .debug_str     0x0015dfe0   0x152055 ./Core/Bootloader_Drivers/Boot_Driver/Src/bootloader_eeprom.o
 .debug_str     0x0015dfe0     0x42d1 ./Core/Bootloader_Drivers/Boot_Driver/Src/bootloader_sram.o
 .debug_str     0x0015dfe0   0x152c08 ./Core/ST_Drivers/Middlewares/ST/STM32_USB_Device_Library/Core/Src/usbd_core.o
 .debug_str     0x0015dfe0   0x152a33 ./Core/ST_Drivers/Middlewares/ST/STM32_USB_Device_Library/Core/Src/usbd_ctlreq.o
 .debug_str     0x0015dfe0   0x152908 ./Core/ST_Drivers/Middlewares/ST/STM32_USB_Device_Library/Core/Src/usbd_ioreq.o
 .debug_str     0x0015dfe0   0x153593 ./Core/ST_Drivers/USB_DEVICE/Target/usbd_conf.o
 .debug_str     0x0015dfe0   0x15309e ./Core/Src/main.o
 .debug_str     0x0015dfe0   0x152ebc ./Core/Src/stm32u5xx_hal_msp.o
 .debug_str     0x0015dfe0   0x1516e1 ./Core/Src/stm32u5xx_it.o
 .debug_str     0x0015dfe0   0x1513e2 ./Core/Src/system_stm32u5xx.o
 .debug_str     0x0015dfe0       0x95 ./Core/Startup/startup_stm32u5a5vjtx.o
 .debug_str     0x0015dfe0   0x1525b6 ./Drivers/STM32U5xx_HAL_Driver/Src/stm32u5xx_hal.o
 .debug_str     0x0015dfe0   0x1520aa ./Drivers/STM32U5xx_HAL_Driver/Src/stm32u5xx_hal_cortex.o
 .debug_str     0x0015dfe0   0x151407 ./Drivers/STM32U5xx_HAL_Driver/Src/stm32u5xx_hal_gpio.o
 .debug_str     0x0015dfe0   0x152630 ./Drivers/STM32U5xx_HAL_Driver/Src/stm32u5xx_hal_i2c.o
 .debug_str     0x0015dfe0   0x151818 ./Drivers/STM32U5xx_HAL_Driver/Src/stm32u5xx_hal_i2c_ex.o
 .debug_str     0x0015dfe0   0x151ccb ./Drivers/STM32U5xx_HAL_Driver/Src/stm32u5xx_hal_pcd.o
 .debug_str     0x0015dfe0   0x151c26 ./Drivers/STM32U5xx_HAL_Driver/Src/stm32u5xx_hal_pwr_ex.o
 .debug_str     0x0015dfe0   0x152b7b ./Drivers/STM32U5xx_HAL_Driver/Src/stm32u5xx_hal_rcc.o
 .debug_str     0x0015dfe0   0x154268 ./Drivers/STM32U5xx_HAL_Driver/Src/stm32u5xx_hal_rcc_ex.o
 .debug_str     0x0015dfe0   0x152825 ./Drivers/STM32U5xx_HAL_Driver/Src/stm32u5xx_hal_tim.o
 .debug_str     0x0015dfe0   0x15247c ./Drivers/STM32U5xx_HAL_Driver/Src/stm32u5xx_hal_tim_ex.o
 .debug_str     0x0015dfe0   0x151968 ./Drivers/STM32U5xx_HAL_Driver/Src/stm32u5xx_ll_usb.o

.comment        0x00000000       0x43
 .comment       0x00000000       0x43 ./Core/Bootloader_Drivers/AT24C32_Driver/Src/at24c32_driver.o
                                 0x44 (size before relaxing)
 .comment       0x00000043       0x44 ./Core/Bootloader_Drivers/Boot_Driver/Src/bootloader_driver.o
 .comment       0x00000043       0x44 ./Core/Bootloader_Drivers/Boot_Driver/Src/bootloader_eeprom.o
 .comment       0x00000043       0x44 ./Core/Bootloader_Drivers/Boot_Driver/Src/bootloader_sram.o
 .comment       0x00000043       0x44 ./Core/ST_Drivers/Middlewares/ST/STM32_USB_Device_Library/Core/Src/usbd_core.o
 .comment       0x00000043       0x44 ./Core/ST_Drivers/Middlewares/ST/STM32_USB_Device_Library/Core/Src/usbd_ctlreq.o
 .comment       0x00000043       0x44 ./Core/ST_Drivers/Middlewares/ST/STM32_USB_Device_Library/Core/Src/usbd_ioreq.o
 .comment       0x00000043       0x44 ./Core/ST_Drivers/USB_DEVICE/Target/usbd_conf.o
 .comment       0x00000043       0x44 ./Core/Src/main.o
 .comment       0x00000043       0x44 ./Core/Src/stm32u5xx_hal_msp.o
 .comment       0x00000043       0x44 ./Core/Src/stm32u5xx_it.o
 .comment       0x00000043       0x44 ./Core/Src/system_stm32u5xx.o
 .comment       0x00000043       0x44 ./Drivers/STM32U5xx_HAL_Driver/Src/stm32u5xx_hal.o
 .comment       0x00000043       0x44 ./Drivers/STM32U5xx_HAL_Driver/Src/stm32u5xx_hal_cortex.o
 .comment       0x00000043       0x44 ./Drivers/STM32U5xx_HAL_Driver/Src/stm32u5xx_hal_gpio.o
 .comment       0x00000043       0x44 ./Drivers/STM32U5xx_HAL_Driver/Src/stm32u5xx_hal_i2c.o
 .comment       0x00000043       0x44 ./Drivers/STM32U5xx_HAL_Driver/Src/stm32u5xx_hal_i2c_ex.o
 .comment       0x00000043       0x44 ./Drivers/STM32U5xx_HAL_Driver/Src/stm32u5xx_hal_pcd.o
 .comment       0x00000043       0x44 ./Drivers/STM32U5xx_HAL_Driver/Src/stm32u5xx_hal_pwr_ex.o
 .comment       0x00000043       0x44 ./Drivers/STM32U5xx_HAL_Driver/Src/stm32u5xx_hal_rcc.o
 .comment       0x00000043       0x44 ./Drivers/STM32U5xx_HAL_Driver/Src/stm32u5xx_hal_rcc_ex.o
 .comment       0x00000043       0x44 ./Drivers/STM32U5xx_HAL_Driver/Src/stm32u5xx_hal_tim.o
 .comment       0x00000043       0x44 ./Drivers/STM32U5xx_HAL_Driver/Src/stm32u5xx_hal_tim_ex.o
 .comment       0x00000043       0x44 ./Drivers/STM32U5xx_HAL_Driver/Src/stm32u5xx_ll_usb.o

.debug_frame    0x00000000     0x6964
 .debug_frame   0x00000000      0x164 ./Core/Bootloader_Drivers/AT24C32_Driver/Src/at24c32_driver.o
 .debug_frame   0x00000164       0xe8 ./Core/Bootloader_Drivers/Boot_Driver/Src/bootloader_driver.o
 .debug_frame   0x0000024c       0x80 ./Core/Bootloader_Drivers/Boot_Driver/Src/bootloader_eeprom.o
 .debug_frame   0x000002cc       0x88 ./Core/Bootloader_Drivers/Boot_Driver/Src/bootloader_sram.o
 .debug_frame   0x00000354      0x390 ./Core/ST_Drivers/Middlewares/ST/STM32_USB_Device_Library/Core/Src/usbd_core.o
 .debug_frame   0x000006e4      0x23c ./Core/ST_Drivers/Middlewares/ST/STM32_USB_Device_Library/Core/Src/usbd_ctlreq.o
 .debug_frame   0x00000920      0x10c ./Core/ST_Drivers/Middlewares/ST/STM32_USB_Device_Library/Core/Src/usbd_ioreq.o
 .debug_frame   0x00000a2c      0x458 ./Core/ST_Drivers/USB_DEVICE/Target/usbd_conf.o
 .debug_frame   0x00000e84       0xec ./Core/Src/main.o
 .debug_frame   0x00000f70      0x140 ./Core/Src/stm32u5xx_hal_msp.o
 .debug_frame   0x000010b0      0x120 ./Core/Src/stm32u5xx_it.o
 .debug_frame   0x000011d0       0x58 ./Core/Src/system_stm32u5xx.o
 .debug_frame   0x00001228      0x6b8 ./Drivers/STM32U5xx_HAL_Driver/Src/stm32u5xx_hal.o
 .debug_frame   0x000018e0      0x560 ./Drivers/STM32U5xx_HAL_Driver/Src/stm32u5xx_hal_cortex.o
 .debug_frame   0x00001e40      0x1ec ./Drivers/STM32U5xx_HAL_Driver/Src/stm32u5xx_hal_gpio.o
 .debug_frame   0x0000202c      0xc44 ./Drivers/STM32U5xx_HAL_Driver/Src/stm32u5xx_hal_i2c.o
 .debug_frame   0x00002c70      0x150 ./Drivers/STM32U5xx_HAL_Driver/Src/stm32u5xx_hal_i2c_ex.o
 .debug_frame   0x00002dc0      0x590 ./Drivers/STM32U5xx_HAL_Driver/Src/stm32u5xx_hal_pcd.o
 .debug_frame   0x00003350      0x910 ./Drivers/STM32U5xx_HAL_Driver/Src/stm32u5xx_hal_pwr_ex.o
 .debug_frame   0x00003c60      0x288 ./Drivers/STM32U5xx_HAL_Driver/Src/stm32u5xx_hal_rcc.o
 .debug_frame   0x00003ee8      0x5f4 ./Drivers/STM32U5xx_HAL_Driver/Src/stm32u5xx_hal_rcc_ex.o
 .debug_frame   0x000044dc     0x125c ./Drivers/STM32U5xx_HAL_Driver/Src/stm32u5xx_hal_tim.o
 .debug_frame   0x00005738      0xac0 ./Drivers/STM32U5xx_HAL_Driver/Src/stm32u5xx_hal_tim_ex.o
 .debug_frame   0x000061f8      0x720 ./Drivers/STM32U5xx_HAL_Driver/Src/stm32u5xx_ll_usb.o
 .debug_frame   0x00006918       0x20 C:/ST/STM32CubeIDE_1.14.1/STM32CubeIDE/plugins/com.st.stm32cube.ide.mcu.externaltools.gnu-tools-for-stm32.13.3.rel1.win32_1.0.0.202411081344/tools/bin/../lib/gcc/arm-none-eabi/13.3.1/../../../../arm-none-eabi/lib/thumb/v8-m.main+fp/hard\libc_nano.a(libc_a-memset.o)
 .debug_frame   0x00006938       0x2c C:/ST/STM32CubeIDE_1.14.1/STM32CubeIDE/plugins/com.st.stm32cube.ide.mcu.externaltools.gnu-tools-for-stm32.13.3.rel1.win32_1.0.0.202411081344/tools/bin/../lib/gcc/arm-none-eabi/13.3.1/../../../../arm-none-eabi/lib/thumb/v8-m.main+fp/hard\libc_nano.a(libc_a-init.o)

.debug_line_str
                0x00000000       0x79
 .debug_line_str
                0x00000000       0x79 ./Core/Startup/startup_stm32u5a5vjtx.o
