../Core/Bootloader_Drivers/RGB_Led_Driver/Src/rgb_led_driver.c:31:6:LED_Red_Init	24	static
../Core/Bootloader_Drivers/RGB_Led_Driver/Src/rgb_led_driver.c:55:6:LED_Green_Init	24	static
../Core/Bootloader_Drivers/RGB_Led_Driver/Src/rgb_led_driver.c:80:6:LED_Blue_Init	24	static
../Core/Bootloader_Drivers/RGB_Led_Driver/Src/rgb_led_driver.c:103:6:LEDs_Initialization	16	static
../Core/Bootloader_Drivers/RGB_Led_Driver/Src/rgb_led_driver.c:131:6:Motor_Init	24	static
../Core/Bootloader_Drivers/RGB_Led_Driver/Src/rgb_led_driver.c:152:6:Motor_Intialization	16	static
../Core/Bootloader_Drivers/RGB_Led_Driver/Src/rgb_led_driver.c:172:6:RGB_Set_Color	16	static
../Core/Bootloader_Drivers/RGB_Led_Driver/Src/rgb_led_driver.c:201:6:RGB_HeartBeat	16	static
../Core/Bootloader_Drivers/RGB_Led_Driver/Src/rgb_led_driver.c:260:17:ease_scurve	32	static
../Core/Bootloader_Drivers/RGB_Led_Driver/Src/rgb_led_driver.c:270:17:lerp_u16	56	static
../Core/Bootloader_Drivers/RGB_Led_Driver/Src/rgb_led_driver.c:280:17:seg_eval_slow	32	static
../Core/Bootloader_Drivers/RGB_Led_Driver/Src/rgb_led_driver.c:288:6:RGB_HeartBeat_Green	32	static
../Core/Bootloader_Drivers/RGB_Led_Driver/Src/rgb_led_driver.c:384:6:Motor_Set_Value	16	static
