../Core/ST_Drivers/Middlewares/ST/STM32_USB_Device_Library/Core/Src/usbd_core.c:92:20:USBD_Init	32	static
../Core/ST_Drivers/Middlewares/ST/STM32_USB_Device_Library/Core/Src/usbd_core.c:149:20:USBD_DeInit	24	static
../Core/ST_Drivers/Middlewares/ST/STM32_USB_Device_Library/Core/Src/usbd_core.c:202:20:USBD_RegisterClass	24	static
../Core/ST_Drivers/Middlewares/ST/STM32_USB_Device_Library/Core/Src/usbd_core.c:384:20:USBD_Start	24	static
../Core/ST_Drivers/Middlewares/ST/STM32_USB_Device_Library/Core/Src/usbd_core.c:410:20:USBD_Stop	16	static
../Core/ST_Drivers/Middlewares/ST/STM32_USB_Device_Library/Core/Src/usbd_core.c:450:20:USBD_RunTestMode	16	static
../Core/ST_Drivers/Middlewares/ST/STM32_USB_Device_Library/Core/Src/usbd_core.c:475:20:USBD_SetClassConfig	24	static
../Core/ST_Drivers/Middlewares/ST/STM32_USB_Device_Library/Core/Src/usbd_core.c:515:20:USBD_ClrClassConfig	24	static
../Core/ST_Drivers/Middlewares/ST/STM32_USB_Device_Library/Core/Src/usbd_core.c:556:20:USBD_LL_SetupStage	24	static
../Core/ST_Drivers/Middlewares/ST/STM32_USB_Device_Library/Core/Src/usbd_core.c:596:20:USBD_LL_DataOutStage	32	static
../Core/ST_Drivers/Middlewares/ST/STM32_USB_Device_Library/Core/Src/usbd_core.c:691:20:USBD_LL_DataInStage	32	static
../Core/ST_Drivers/Middlewares/ST/STM32_USB_Device_Library/Core/Src/usbd_core.c:781:20:USBD_LL_Reset	24	static
../Core/ST_Drivers/Middlewares/ST/STM32_USB_Device_Library/Core/Src/usbd_core.c:849:20:USBD_LL_SetSpeed	16	static
../Core/ST_Drivers/Middlewares/ST/STM32_USB_Device_Library/Core/Src/usbd_core.c:863:20:USBD_LL_Suspend	16	static
../Core/ST_Drivers/Middlewares/ST/STM32_USB_Device_Library/Core/Src/usbd_core.c:881:20:USBD_LL_Resume	16	static
../Core/ST_Drivers/Middlewares/ST/STM32_USB_Device_Library/Core/Src/usbd_core.c:897:20:USBD_LL_SOF	16	static
../Core/ST_Drivers/Middlewares/ST/STM32_USB_Device_Library/Core/Src/usbd_core.c:940:20:USBD_LL_IsoINIncomplete	16	static
../Core/ST_Drivers/Middlewares/ST/STM32_USB_Device_Library/Core/Src/usbd_core.c:966:20:USBD_LL_IsoOUTIncomplete	16	static
../Core/ST_Drivers/Middlewares/ST/STM32_USB_Device_Library/Core/Src/usbd_core.c:991:20:USBD_LL_DevConnected	16	static
../Core/ST_Drivers/Middlewares/ST/STM32_USB_Device_Library/Core/Src/usbd_core.c:1005:20:USBD_LL_DevDisconnected	24	static
../Core/ST_Drivers/Middlewares/ST/STM32_USB_Device_Library/Core/Src/usbd_core.c:1050:9:USBD_CoreFindIF	16	static
../Core/ST_Drivers/Middlewares/ST/STM32_USB_Device_Library/Core/Src/usbd_core.c:1090:9:USBD_CoreFindEP	16	static
../Core/ST_Drivers/Middlewares/ST/STM32_USB_Device_Library/Core/Src/usbd_core.c:1161:7:USBD_GetEpDesc	32	static
../Core/ST_Drivers/Middlewares/ST/STM32_USB_Device_Library/Core/Src/usbd_core.c:1202:25:USBD_GetNextDesc	24	static
