../Core/Bootloader_Drivers/USB_Ex_Driver/USB_Comm/USB_Receive/Src/USB_Receive.c:26:6:System_USB_Communication_Receive_Function	16	static
../Core/Bootloader_Drivers/USB_Ex_Driver/USB_Comm/USB_Receive/Src/USB_Receive.c:66:6:USB_Rx_Wait_Packet_Function	4	static
../Core/Bootloader_Drivers/USB_Ex_Driver/USB_Comm/USB_Receive/Src/USB_Receive.c:80:6:USB_Rx_Header_Control_Function	8	static
../Core/Bootloader_Drivers/USB_Ex_Driver/USB_Comm/USB_Receive/Src/USB_Receive.c:95:6:USB_Rx_Packet_Type_Control_Function	8	static
../Core/Bootloader_Drivers/USB_Ex_Driver/USB_Comm/USB_Receive/Src/USB_Receive.c:115:6:USB_Rx_Command_ID_Control_Function	8	static
../Core/Bootloader_Drivers/USB_Ex_Driver/USB_Comm/USB_Receive/Src/USB_Receive.c:248:6:USB_Rx_Process_Type_Control_Function	8	static
../Core/Bootloader_Drivers/USB_Ex_Driver/USB_Comm/USB_Receive/Src/USB_Receive.c:264:6:USB_Rx_Data_Length_Control_Function	4	static
../Core/Bootloader_Drivers/USB_Ex_Driver/USB_Comm/USB_Receive/Src/USB_Receive.c:283:6:USB_Rx_Data_Control_Function	16	static
../Core/Bootloader_Drivers/USB_Ex_Driver/USB_Comm/USB_Receive/Src/USB_Receive.c:293:6:USB_Rx_Checksum_Control_Function	16	static
../Core/Bootloader_Drivers/USB_Ex_Driver/USB_Comm/USB_Receive/Src/USB_Receive.c:312:6:USB_Rx_Stop_Bit_Control_Function	8	static
../Core/Bootloader_Drivers/USB_Ex_Driver/USB_Comm/USB_Receive/Src/USB_Receive.c:327:6:USB_Rx_Operation_Function	16	static
../Core/Bootloader_Drivers/USB_Ex_Driver/USB_Comm/USB_Receive/Src/USB_Receive.c:364:13:USB_Rx_Packet_Reset	8	static
../Core/Bootloader_Drivers/USB_Ex_Driver/USB_Comm/USB_Receive/Src/USB_Receive.c:372:6:USB_RXCallback	16	static
