../Core/Bootloader_Drivers/USB_Ex_Driver/USB_Comm/USB_Receive/Src/USB_Receive.c:26:6:System_USB_Communication_Receive_Function	8	static
../Core/Bootloader_Drivers/USB_Ex_Driver/USB_Comm/USB_Receive/Src/USB_Receive.c:66:6:USB_Rx_Wait_Packet_Function	4	static
../Core/Bootloader_Drivers/USB_Ex_Driver/USB_Comm/USB_Receive/Src/USB_Receive.c:80:6:USB_Rx_Header_Control_Function	8	static
../Core/Bootloader_Drivers/USB_Ex_Driver/USB_Comm/USB_Receive/Src/USB_Receive.c:95:6:USB_Rx_Packet_Type_Control_Function	8	static
../Core/Bootloader_Drivers/USB_Ex_Driver/USB_Comm/USB_Receive/Src/USB_Receive.c:114:6:USB_Rx_Command_ID_Control_Function	8	static
../Core/Bootloader_Drivers/USB_Ex_Driver/USB_Comm/USB_Receive/Src/USB_Receive.c:246:6:USB_Rx_Process_Type_Control_Function	8	static
../Core/Bootloader_Drivers/USB_Ex_Driver/USB_Comm/USB_Receive/Src/USB_Receive.c:262:6:USB_Rx_Data_Length_Control_Function	4	static
../Core/Bootloader_Drivers/USB_Ex_Driver/USB_Comm/USB_Receive/Src/USB_Receive.c:281:6:USB_Rx_Data_Control_Function	16	static
../Core/Bootloader_Drivers/USB_Ex_Driver/USB_Comm/USB_Receive/Src/USB_Receive.c:291:6:USB_Rx_Checksum_Control_Function	16	static
../Core/Bootloader_Drivers/USB_Ex_Driver/USB_Comm/USB_Receive/Src/USB_Receive.c:310:6:USB_Rx_Stop_Bit_Control_Function	8	static
../Core/Bootloader_Drivers/USB_Ex_Driver/USB_Comm/USB_Receive/Src/USB_Receive.c:325:6:USB_Rx_Operation_Function	8	static
../Core/Bootloader_Drivers/USB_Ex_Driver/USB_Comm/USB_Receive/Src/USB_Receive.c:359:13:USB_Rx_Packet_Reset	8	static
../Core/Bootloader_Drivers/USB_Ex_Driver/USB_Comm/USB_Receive/Src/USB_Receive.c:367:6:USB_RXCallback	16	static
